Archive member included to satisfy reference by file (symbol)

c:/ac6/systemworkbench/plugins/fr.ac6.mcu.externaltools.arm-none.win32_1.17.0.201812190825/tools/compiler/bin/../lib/gcc/arm-none-eabi/7.3.1/../../../../arm-none-eabi/lib/thumb/v7-m\libc.a(lib_a-errno.o)
                              src/syscalls.o (__errno)
c:/ac6/systemworkbench/plugins/fr.ac6.mcu.externaltools.arm-none.win32_1.17.0.201812190825/tools/compiler/bin/../lib/gcc/arm-none-eabi/7.3.1/../../../../arm-none-eabi/lib/thumb/v7-m\libc.a(lib_a-exit.o)
                              c:/ac6/systemworkbench/plugins/fr.ac6.mcu.externaltools.arm-none.win32_1.17.0.201812190825/tools/compiler/bin/../lib/gcc/arm-none-eabi/7.3.1/../../../../arm-none-eabi/lib/thumb/v7-m/crt0.o (exit)
c:/ac6/systemworkbench/plugins/fr.ac6.mcu.externaltools.arm-none.win32_1.17.0.201812190825/tools/compiler/bin/../lib/gcc/arm-none-eabi/7.3.1/../../../../arm-none-eabi/lib/thumb/v7-m\libc.a(lib_a-impure.o)
                              c:/ac6/systemworkbench/plugins/fr.ac6.mcu.externaltools.arm-none.win32_1.17.0.201812190825/tools/compiler/bin/../lib/gcc/arm-none-eabi/7.3.1/../../../../arm-none-eabi/lib/thumb/v7-m\libc.a(lib_a-exit.o) (_global_impure_ptr)
c:/ac6/systemworkbench/plugins/fr.ac6.mcu.externaltools.arm-none.win32_1.17.0.201812190825/tools/compiler/bin/../lib/gcc/arm-none-eabi/7.3.1/../../../../arm-none-eabi/lib/thumb/v7-m\libc.a(lib_a-init.o)
                              c:/ac6/systemworkbench/plugins/fr.ac6.mcu.externaltools.arm-none.win32_1.17.0.201812190825/tools/compiler/bin/../lib/gcc/arm-none-eabi/7.3.1/../../../../arm-none-eabi/lib/thumb/v7-m/crt0.o (__libc_init_array)
c:/ac6/systemworkbench/plugins/fr.ac6.mcu.externaltools.arm-none.win32_1.17.0.201812190825/tools/compiler/bin/../lib/gcc/arm-none-eabi/7.3.1/../../../../arm-none-eabi/lib/thumb/v7-m\libc.a(lib_a-memset.o)
                              c:/ac6/systemworkbench/plugins/fr.ac6.mcu.externaltools.arm-none.win32_1.17.0.201812190825/tools/compiler/bin/../lib/gcc/arm-none-eabi/7.3.1/../../../../arm-none-eabi/lib/thumb/v7-m/crt0.o (memset)
c:/ac6/systemworkbench/plugins/fr.ac6.mcu.externaltools.arm-none.win32_1.17.0.201812190825/tools/compiler/bin/../lib/gcc/arm-none-eabi/7.3.1/../../../../arm-none-eabi/lib/thumb/v7-m\libc.a(lib_a-printf.o)
                              src/main.o (printf)
c:/ac6/systemworkbench/plugins/fr.ac6.mcu.externaltools.arm-none.win32_1.17.0.201812190825/tools/compiler/bin/../lib/gcc/arm-none-eabi/7.3.1/../../../../arm-none-eabi/lib/thumb/v7-m\libc.a(lib_a-putchar.o)
                              src/main.o (putchar)
c:/ac6/systemworkbench/plugins/fr.ac6.mcu.externaltools.arm-none.win32_1.17.0.201812190825/tools/compiler/bin/../lib/gcc/arm-none-eabi/7.3.1/../../../../arm-none-eabi/lib/thumb/v7-m\libc.a(lib_a-vfprintf.o)
                              c:/ac6/systemworkbench/plugins/fr.ac6.mcu.externaltools.arm-none.win32_1.17.0.201812190825/tools/compiler/bin/../lib/gcc/arm-none-eabi/7.3.1/../../../../arm-none-eabi/lib/thumb/v7-m\libc.a(lib_a-printf.o) (_vfprintf_r)
c:/ac6/systemworkbench/plugins/fr.ac6.mcu.externaltools.arm-none.win32_1.17.0.201812190825/tools/compiler/bin/../lib/gcc/arm-none-eabi/7.3.1/../../../../arm-none-eabi/lib/thumb/v7-m\libc.a(lib_a-wsetup.o)
                              c:/ac6/systemworkbench/plugins/fr.ac6.mcu.externaltools.arm-none.win32_1.17.0.201812190825/tools/compiler/bin/../lib/gcc/arm-none-eabi/7.3.1/../../../../arm-none-eabi/lib/thumb/v7-m\libc.a(lib_a-vfprintf.o) (__swsetup_r)
c:/ac6/systemworkbench/plugins/fr.ac6.mcu.externaltools.arm-none.win32_1.17.0.201812190825/tools/compiler/bin/../lib/gcc/arm-none-eabi/7.3.1/../../../../arm-none-eabi/lib/thumb/v7-m\libc.a(lib_a-__call_atexit.o)
                              c:/ac6/systemworkbench/plugins/fr.ac6.mcu.externaltools.arm-none.win32_1.17.0.201812190825/tools/compiler/bin/../lib/gcc/arm-none-eabi/7.3.1/../../../../arm-none-eabi/lib/thumb/v7-m\libc.a(lib_a-exit.o) (__call_exitprocs)
c:/ac6/systemworkbench/plugins/fr.ac6.mcu.externaltools.arm-none.win32_1.17.0.201812190825/tools/compiler/bin/../lib/gcc/arm-none-eabi/7.3.1/../../../../arm-none-eabi/lib/thumb/v7-m\libc.a(lib_a-atexit.o)
                              c:/ac6/systemworkbench/plugins/fr.ac6.mcu.externaltools.arm-none.win32_1.17.0.201812190825/tools/compiler/bin/../lib/gcc/arm-none-eabi/7.3.1/../../../../arm-none-eabi/lib/thumb/v7-m\libc.a(lib_a-__call_atexit.o) (atexit)
c:/ac6/systemworkbench/plugins/fr.ac6.mcu.externaltools.arm-none.win32_1.17.0.201812190825/tools/compiler/bin/../lib/gcc/arm-none-eabi/7.3.1/../../../../arm-none-eabi/lib/thumb/v7-m\libc.a(lib_a-dtoa.o)
                              c:/ac6/systemworkbench/plugins/fr.ac6.mcu.externaltools.arm-none.win32_1.17.0.201812190825/tools/compiler/bin/../lib/gcc/arm-none-eabi/7.3.1/../../../../arm-none-eabi/lib/thumb/v7-m\libc.a(lib_a-vfprintf.o) (_dtoa_r)
[...]
Memory Configuration

Name             Origin             Length             Attributes
FLASH            0x08000000         0x00020000         xr
RAM              0x20000000         0x00005000         xrw
*default*        0x00000000         0xffffffff

Linker script and memory map

LOAD c:/ac6/systemworkbench/plugins/fr.ac6.mcu.externaltools.arm-none.win32_1.17.0.201812190825/tools/compiler/bin/../lib/gcc/arm-none-eabi/7.3.1/thumb/v7-m/crti.o
LOAD c:/ac6/systemworkbench/plugins/fr.ac6.mcu.externaltools.arm-none.win32_1.17.0.201812190825/tools/compiler/bin/../lib/gcc/arm-none-eabi/7.3.1/thumb/v7-m/crtbegin.o
LOAD c:/ac6/systemworkbench/plugins/fr.ac6.mcu.externaltools.arm-none.win32_1.17.0.201812190825/tools/compiler/bin/../lib/gcc/arm-none-eabi/7.3.1/../../../../arm-none-eabi/lib/thumb/v7-m/crt0.o
LOAD HAL_Driver/Src/stm32f1xx_hal.o
LOAD HAL_Driver/Src/stm32f1xx_hal_adc.o
LOAD HAL_Driver/Src/stm32f1xx_hal_adc_ex.o
LOAD HAL_Driver/Src/stm32f1xx_hal_cec.o
LOAD HAL_Driver/Src/stm32f1xx_hal_cortex.o
LOAD HAL_Driver/Src/stm32f1xx_hal_crc.o
LOAD HAL_Driver/Src/stm32f1xx_hal_dac.o
LOAD HAL_Driver/Src/stm32f1xx_hal_dac_ex.o
LOAD HAL_Driver/Src/stm32f1xx_hal_dma.o
LOAD HAL_Driver/Src/stm32f1xx_hal_eth.o
LOAD HAL_Driver/Src/stm32f1xx_hal_flash.o
LOAD HAL_Driver/Src/stm32f1xx_hal_flash_ex.o
LOAD HAL_Driver/Src/stm32f1xx_hal_gpio.o
LOAD HAL_Driver/Src/stm32f1xx_hal_gpio_ex.o
LOAD HAL_Driver/Src/stm32f1xx_hal_hcd.o
LOAD HAL_Driver/Src/stm32f1xx_hal_i2c.o
LOAD HAL_Driver/Src/stm32f1xx_hal_i2s.o
LOAD HAL_Driver/Src/stm32f1xx_hal_irda.o
LOAD HAL_Driver/Src/stm32f1xx_hal_iwdg.o
LOAD HAL_Driver/Src/stm32f1xx_hal_mmc.o
LOAD HAL_Driver/Src/stm32f1xx_hal_msp_template.o
LOAD HAL_Driver/Src/stm32f1xx_hal_nand.o
LOAD HAL_Driver/Src/stm32f1xx_hal_nor.o
LOAD HAL_Driver/Src/stm32f1xx_hal_pccard.o
LOAD HAL_Driver/Src/stm32f1xx_hal_pcd.o
LOAD HAL_Driver/Src/stm32f1xx_hal_pcd_ex.o
LOAD HAL_Driver/Src/stm32f1xx_hal_pwr.o
LOAD HAL_Driver/Src/stm32f1xx_hal_rcc.o
LOAD HAL_Driver/Src/stm32f1xx_hal_rcc_ex.o
LOAD HAL_Driver/Src/stm32f1xx_hal_rtc.o
LOAD HAL_Driver/Src/stm32f1xx_hal_rtc_ex.o
LOAD HAL_Driver/Src/stm32f1xx_hal_sd.o
LOAD HAL_Driver/Src/stm32f1xx_hal_smartcard.o
LOAD HAL_Driver/Src/stm32f1xx_hal_spi.o
LOAD HAL_Driver/Src/stm32f1xx_hal_spi_ex.o
LOAD HAL_Driver/Src/stm32f1xx_hal_sram.o
LOAD HAL_Driver/Src/stm32f1xx_hal_tim.o
LOAD HAL_Driver/Src/stm32f1xx_hal_tim_ex.o
LOAD HAL_Driver/Src/stm32f1xx_hal_uart.o
LOAD HAL_Driver/Src/stm32f1xx_hal_usart.o
LOAD HAL_Driver/Src/stm32f1xx_hal_wwdg.o
LOAD HAL_Driver/Src/stm32f1xx_ll_adc.o
LOAD HAL_Driver/Src/stm32f1xx_ll_crc.o
LOAD HAL_Driver/Src/stm32f1xx_ll_dac.o
LOAD HAL_Driver/Src/stm32f1xx_ll_dma.o
LOAD HAL_Driver/Src/stm32f1xx_ll_exti.o
LOAD HAL_Driver/Src/stm32f1xx_ll_fsmc.o
LOAD HAL_Driver/Src/stm32f1xx_ll_gpio.o
LOAD HAL_Driver/Src/stm32f1xx_ll_i2c.o
LOAD HAL_Driver/Src/stm32f1xx_ll_pwr.o
LOAD HAL_Driver/Src/stm32f1xx_ll_rcc.o
LOAD HAL_Driver/Src/stm32f1xx_ll_rtc.o
LOAD HAL_Driver/Src/stm32f1xx_ll_sdmmc.o
LOAD HAL_Driver/Src/stm32f1xx_ll_spi.o
LOAD HAL_Driver/Src/stm32f1xx_ll_tim.o
LOAD HAL_Driver/Src/stm32f1xx_ll_usart.o
LOAD HAL_Driver/Src/stm32f1xx_ll_usb.o
LOAD HAL_Driver/Src/stm32f1xx_ll_utils.o
LOAD src/main.o
LOAD src/stm32f1xx_it.o
LOAD src/syscalls.o
LOAD src/system_stm32f1xx.o
LOAD startup/startup_stm32f103xb.o
LOAD c:/ac6/systemworkbench/plugins/fr.ac6.mcu.externaltools.arm-none.win32_1.17.0.201812190825/tools/compiler/bin/../lib/gcc/arm-none-eabi/7.3.1/../../../../arm-none-eabi/lib/thumb/v7-m\libm.a
START GROUP
LOAD c:/ac6/systemworkbench/plugins/fr.ac6.mcu.externaltools.arm-none.win32_1.17.0.201812190825/tools/compiler/bin/../lib/gcc/arm-none-eabi/7.3.1/thumb/v7-m\libgcc.a
LOAD c:/ac6/systemworkbench/plugins/fr.ac6.mcu.externaltools.arm-none.win32_1.17.0.201812190825/tools/compiler/bin/../lib/gcc/arm-none-eabi/7.3.1/../../../../arm-none-eabi/lib/thumb/v7-m\libc.a
END GROUP
LOAD c:/ac6/systemworkbench/plugins/fr.ac6.mcu.externaltools.arm-none.win32_1.17.0.201812190825/tools/compiler/bin/../lib/gcc/arm-none-eabi/7.3.1/thumb/v7-m/crtend.o
LOAD c:/ac6/systemworkbench/plugins/fr.ac6.mcu.externaltools.arm-none.win32_1.17.0.201812190825/tools/compiler/bin/../lib/gcc/arm-none-eabi/7.3.1/thumb/v7-m/crtn.o
                0x20005000                _estack = 0x20005000
                0x00000200                _Min_Heap_Size = 0x200
                0x00000400                _Min_Stack_Size = 0x400

.isr_vector     0x08000000      0x10c
                0x08000000                . = ALIGN (0x4)
 *(.isr_vector)
 .isr_vector    0x08000000      0x10c startup/startup_stm32f103xb.o
                0x08000000                g_pfnVectors
                0x0800010c                . = ALIGN (0x4)

.text           0x08000110     0x79a0
                0x08000110                . = ALIGN (0x4)
 *(.text)
 .text          0x08000110       0x40 c:/ac6/systemworkbench/plugins/fr.ac6.mcu.externaltools.arm-none.win32_1.17.0.201812190825/tools/compiler/bin/../lib/gcc/arm-none-eabi/7.3.1/thumb/v7-m/crtbegin.o
 .text          0x08000150       0xec c:/ac6/systemworkbench/plugins/fr.ac6.mcu.externaltools.arm-none.win32_1.17.0.201812190825/tools/compiler/bin/../lib/gcc/arm-none-eabi/7.3.1/../../../../arm-none-eabi/lib/thumb/v7-m\libc.a(lib_a-memcpy.o)
                0x08000150                memcpy
 .text          0x0800023c      0x378 c:/ac6/systemworkbench/plugins/fr.ac6.mcu.externaltools.arm-none.win32_1.17.0.201812190825/tools/compiler/bin/../lib/gcc/arm-none-eabi/7.3.1/thumb/v7-m\libgcc.a(_arm_addsubdf3.o)
                0x0800023c                __aeabi_drsub
                0x08000244                __aeabi_dsub
                0x08000244                __subdf3
                0x08000248                __aeabi_dadd
                0x08000248                __adddf3
                0x080004c0                __floatunsidf
                0x080004c0                __aeabi_ui2d
                0x080004e0                __floatsidf
                0x080004e0                __aeabi_i2d
                0x08000504                __aeabi_f2d
                0x08000504                __extendsfdf2
                0x08000548                __floatundidf
                0x08000548                __aeabi_ul2d
                0x08000558                __floatdidf
                0x08000558                __aeabi_l2d
 .text          0x080005b4      0x424 c:/ac6/systemworkbench/plugins/fr.ac6.mcu.externaltools.arm-none.win32_1.17.0.201812190825/tools/compiler/bin/../lib/gcc/arm-none-eabi/7.3.1/thumb/v7-m\libgcc.a(_arm_muldivdf3.o)
                0x080005b4                __aeabi_dmul
                0x080005b4                __muldf3
                0x08000808                __divdf3
                0x08000808                __aeabi_ddiv
 .text          0x080009d8      0x110 c:/ac6/systemworkbench/plugins/fr.ac6.mcu.externaltools.arm-none.win32_1.17.0.201812190825/tools/compiler/bin/../lib/gcc/arm-none-eabi/7.3.1/thumb/v7-m\libgcc.a(_arm_cmpdf2.o)
                0x080009d8                __gtdf2
                0x080009d8                __gedf2
                0x080009e0                __ltdf2
                0x080009e0                __ledf2
                0x080009e8                __nedf2
                0x080009e8                __eqdf2
                0x080009e8                __cmpdf2
                0x08000a64                __aeabi_cdrcmple
                0x08000a74                __aeabi_cdcmpeq
                0x08000a74                __aeabi_cdcmple
                0x08000a84                __aeabi_dcmpeq
                0x08000a98                __aeabi_dcmplt
                0x08000aac                __aeabi_dcmple
                0x08000ac0                __aeabi_dcmpge
                0x08000ad4                __aeabi_dcmpgt
 .text          0x08000ae8       0x2c c:/ac6/systemworkbench/plugins/fr.ac6.mcu.externaltools.arm-none.win32_1.17.0.201812190825/tools/compiler/bin/../lib/gcc/arm-none-eabi/7.3.1/thumb/v7-m\libgcc.a(_arm_unorddf2.o)
                0x08000ae8                __unorddf2
                0x08000ae8                __aeabi_dcmpun
 .text          0x08000b14       0x50 c:/ac6/systemworkbench/plugins/fr.ac6.mcu.externaltools.arm-none.win32_1.17.0.201812190825/tools/compiler/bin/../lib/gcc/arm-none-eabi/7.3.1/thumb/v7-m\libgcc.a(_arm_fixdfsi.o)
                0x08000b14                __aeabi_d2iz
                0x08000b14                __fixdfsi
 .text          0x08000b64       0x30 c:/ac6/systemworkbench/plugins/fr.ac6.mcu.externaltools.arm-none.win32_1.17.0.201812190825/tools/compiler/bin/../lib/gcc/arm-none-eabi/7.3.1/thumb/v7-m\libgcc.a(_aeabi_uldivmod.o)
                0x08000b64                __aeabi_uldivmod
 .text          0x08000b94      0x2d0 c:/ac6/systemworkbench/plugins/fr.ac6.mcu.externaltools.arm-none.win32_1.17.0.201812190825/tools/compiler/bin/../lib/gcc/arm-none-eabi/7.3.1/thumb/v7-m\libgcc.a(_udivmoddi4.o)
                0x08000b94                __udivmoddi4
 .text          0x08000e64        0x4 c:/ac6/systemworkbench/plugins/fr.ac6.mcu.externaltools.arm-none.win32_1.17.0.201812190825/tools/compiler/bin/../lib/gcc/arm-none-eabi/7.3.1/thumb/v7-m\libgcc.a(_dvmd_tls.o)
                0x08000e64                __aeabi_idiv0
                0x08000e64                __aeabi_ldiv0
 *(.text*)
 .text.HAL_Init
                0x08000e68       0x2c HAL_Driver/Src/stm32f1xx_hal.o
                0x08000e68                HAL_Init
 .text.HAL_InitTick
                0x08000e94       0x60 HAL_Driver/Src/stm32f1xx_hal.o
                0x08000e94                HAL_InitTick
 .text.HAL_IncTick
                0x08000ef4       0x24 HAL_Driver/Src/stm32f1xx_hal.o
                0x08000ef4                HAL_IncTick
 .text.HAL_GetTick
                0x08000f18       0x14 HAL_Driver/Src/stm32f1xx_hal.o
                0x08000f18                HAL_GetTick
 .text.HAL_Delay
                0x08000f2c       0x44 HAL_Driver/Src/stm32f1xx_hal.o
                0x08000f2c                HAL_Delay
 .text.HAL_ADC_Init
                0x08000f70      0x1b0 HAL_Driver/Src/stm32f1xx_hal_adc.o
                0x08000f70                HAL_ADC_Init
 .text.HAL_ADC_MspInit
                0x08001120       0x12 HAL_Driver/Src/stm32f1xx_hal_adc.o
                0x08001120                HAL_ADC_MspInit
 *fill*         0x08001132        0x2 
 .text.HAL_ADC_Start_DMA
                0x08001134      0x1bc HAL_Driver/Src/stm32f1xx_hal_adc.o
                0x08001134                HAL_ADC_Start_DMA
 .text.HAL_ADC_ConvCpltCallback
                0x080012f0       0x12 HAL_Driver/Src/stm32f1xx_hal_adc.o
                0x080012f0                HAL_ADC_ConvCpltCallback
 .text.HAL_ADC_ConvHalfCpltCallback
                0x08001302       0x12 HAL_Driver/Src/stm32f1xx_hal_adc.o
                0x08001302                HAL_ADC_ConvHalfCpltCallback
 .text.HAL_ADC_ErrorCallback
                0x08001314       0x12 HAL_Driver/Src/stm32f1xx_hal_adc.o
                0x08001314                HAL_ADC_ErrorCallback
 *fill*         0x08001326        0x2 
 .text.HAL_ADC_ConfigChannel
                0x08001328      0x1f0 HAL_Driver/Src/stm32f1xx_hal_adc.o
                0x08001328                HAL_ADC_ConfigChannel
 .text.ADC_Enable
                0x08001518       0xa4 HAL_Driver/Src/stm32f1xx_hal_adc.o
                0x08001518                ADC_Enable
 .text.ADC_ConversionStop_Disable
                0x080015bc       0x74 HAL_Driver/Src/stm32f1xx_hal_adc.o
                0x080015bc                ADC_ConversionStop_Disable
 .text.ADC_DMAConvCplt
                0x08001630       0x7c HAL_Driver/Src/stm32f1xx_hal_adc.o
                0x08001630                ADC_DMAConvCplt
 .text.ADC_DMAHalfConvCplt
                0x080016ac       0x1c HAL_Driver/Src/stm32f1xx_hal_adc.o
                0x080016ac                ADC_DMAHalfConvCplt
 .text.ADC_DMAError
                0x080016c8       0x34 HAL_Driver/Src/stm32f1xx_hal_adc.o
                0x080016c8                ADC_DMAError
 .text.HAL_ADCEx_Calibration_Start
                0x080016fc      0x138 HAL_Driver/Src/stm32f1xx_hal_adc_ex.o
                0x080016fc                HAL_ADCEx_Calibration_Start
 .text.NVIC_SetPriorityGrouping
                0x08001834       0x48 HAL_Driver/Src/stm32f1xx_hal_cortex.o
 .text.NVIC_GetPriorityGrouping
                0x0800187c       0x1c HAL_Driver/Src/stm32f1xx_hal_cortex.o
 .text.NVIC_SetPriority
                0x08001898       0x54 HAL_Driver/Src/stm32f1xx_hal_cortex.o
 .text.NVIC_EncodePriority
                0x080018ec       0x64 HAL_Driver/Src/stm32f1xx_hal_cortex.o
 .text.SysTick_Config
                0x08001950       0x44 HAL_Driver/Src/stm32f1xx_hal_cortex.o
 .text.HAL_NVIC_SetPriorityGrouping
                0x08001994       0x16 HAL_Driver/Src/stm32f1xx_hal_cortex.o
                0x08001994                HAL_NVIC_SetPriorityGrouping
 .text.HAL_NVIC_SetPriority
                0x080019aa       0x38 HAL_Driver/Src/stm32f1xx_hal_cortex.o
                0x080019aa                HAL_NVIC_SetPriority
 .text.HAL_SYSTICK_Config
                0x080019e2       0x18 HAL_Driver/Src/stm32f1xx_hal_cortex.o
                0x080019e2                HAL_SYSTICK_Config
 .text.HAL_SYSTICK_IRQHandler
                0x080019fa        0xc HAL_Driver/Src/stm32f1xx_hal_cortex.o
                0x080019fa                HAL_SYSTICK_IRQHandler
 .text.HAL_SYSTICK_Callback
                0x08001a06        0xc HAL_Driver/Src/stm32f1xx_hal_cortex.o
                0x08001a06                HAL_SYSTICK_Callback
 *fill*         0x08001a12        0x2 
 .text.HAL_DMA_Init
                0x08001a14       0xb4 HAL_Driver/Src/stm32f1xx_hal_dma.o
                0x08001a14                HAL_DMA_Init
 .text.HAL_DMA_Start_IT
                0x08001ac8       0xbe HAL_Driver/Src/stm32f1xx_hal_dma.o
                0x08001ac8                HAL_DMA_Start_IT
 .text.DMA_SetConfig
                0x08001b86       0x5a HAL_Driver/Src/stm32f1xx_hal_dma.o
 .text.HAL_GPIO_Init
                0x08001be0      0x2bc HAL_Driver/Src/stm32f1xx_hal_gpio.o
                0x08001be0                HAL_GPIO_Init
 .text.HAL_GPIO_WritePin
                0x08001e9c       0x30 HAL_Driver/Src/stm32f1xx_hal_gpio.o
                0x08001e9c                HAL_GPIO_WritePin
 .text.HAL_GPIO_EXTI_IRQHandler
                0x08001ecc       0x30 HAL_Driver/Src/stm32f1xx_hal_gpio.o
                0x08001ecc                HAL_GPIO_EXTI_IRQHandler
 .text.HAL_GPIO_EXTI_Callback
                0x08001efc       0x14 HAL_Driver/Src/stm32f1xx_hal_gpio.o
                0x08001efc                HAL_GPIO_EXTI_Callback
 .text.HAL_MspInit
                0x08001f10        0xc HAL_Driver/Src/stm32f1xx_hal_msp_template.o
                0x08001f10                HAL_MspInit
 .text.HAL_RCC_GetHCLKFreq
                0x08001f1c       0x14 HAL_Driver/Src/stm32f1xx_hal_rcc.o
                0x08001f1c                HAL_RCC_GetHCLKFreq
 .text.HAL_RCC_GetPCLK1Freq
                0x08001f30       0x28 HAL_Driver/Src/stm32f1xx_hal_rcc.o
                0x08001f30                HAL_RCC_GetPCLK1Freq
 .text.HAL_RCC_GetPCLK2Freq
                0x08001f58       0x28 HAL_Driver/Src/stm32f1xx_hal_rcc.o
                0x08001f58                HAL_RCC_GetPCLK2Freq
 .text.HAL_RCCEx_PeriphCLKConfig
                0x08001f80      0x16c HAL_Driver/Src/stm32f1xx_hal_rcc_ex.o
                0x08001f80                HAL_RCCEx_PeriphCLKConfig
 .text.HAL_RCCEx_GetPeriphCLKFreq
                0x080020ec      0x180 HAL_Driver/Src/stm32f1xx_hal_rcc_ex.o
                0x080020ec                HAL_RCCEx_GetPeriphCLKFreq
 .text.HAL_UART_Init
                0x0800226c       0x9a HAL_Driver/Src/stm32f1xx_hal_uart.o
                0x0800226c                HAL_UART_Init
 .text.HAL_UART_MspInit
                0x08002306       0x12 HAL_Driver/Src/stm32f1xx_hal_uart.o
                0x08002306                HAL_UART_MspInit
 .text.HAL_UART_Transmit
                0x08002318      0x132 HAL_Driver/Src/stm32f1xx_hal_uart.o
                0x08002318                HAL_UART_Transmit
 .text.UART_WaitOnFlagUntilTimeout
                0x0800244a       0x94 HAL_Driver/Src/stm32f1xx_hal_uart.o
 *fill*         0x080024de        0x2 
 .text.UART_SetConfig
                0x080024e0      0x230 HAL_Driver/Src/stm32f1xx_hal_uart.o
 .text.send_char
                0x08002710       0x24 src/main.o
                0x08002710                send_char
 .text.__io_putchar
                0x08002734       0x1c src/main.o
                0x08002734                __io_putchar
 .text.main     0x08002750      0x2c8 src/main.o
                0x08002750                main
 .text.SysTick_Handler
                0x08002a18       0x10 src/stm32f1xx_it.o
                0x08002a18                SysTick_Handler
 .text.EXTI15_10_IRQHandler
                0x08002a28       0x10 src/stm32f1xx_it.o
                0x08002a28                EXTI15_10_IRQHandler
 .text._read    0x08002a38       0x3a src/syscalls.o
                0x08002a38                _read
 .text._write   0x08002a72       0x38 src/syscalls.o
                0x08002a72                _write
 *fill*         0x08002aaa        0x2 
 .text._sbrk    0x08002aac       0x58 src/syscalls.o
                0x08002aac                _sbrk
 .text._close   0x08002b04       0x16 src/syscalls.o
                0x08002b04                _close
 .text._fstat   0x08002b1a       0x1e src/syscalls.o
                0x08002b1a                _fstat
 .text._isatty  0x08002b38       0x14 src/syscalls.o
                0x08002b38                _isatty
 .text._lseek   0x08002b4c       0x18 src/syscalls.o
                0x08002b4c                _lseek
 .text.SystemInit
                0x08002b64       0x68 src/system_stm32f1xx.o
                0x08002b64                SystemInit
 .text.Reset_Handler
                0x08002bcc       0x48 startup/startup_stm32f103xb.o
                0x08002bcc                Reset_Handler
 .text.Default_Handler
                0x08002c14        0x2 startup/startup_stm32f103xb.o
                0x08002c14                RTC_Alarm_IRQHandler
                0x08002c14                EXTI2_IRQHandler
                0x08002c14                DebugMon_Handler
                0x08002c14                TIM1_CC_IRQHandler
                0x08002c14                HardFault_Handler
                0x08002c14                PVD_IRQHandler
                0x08002c14                PendSV_Handler
                0x08002c14                NMI_Handler
                0x08002c14                EXTI3_IRQHandler
                0x08002c14                EXTI0_IRQHandler
                0x08002c14                I2C2_EV_IRQHandler
                0x08002c14                UsageFault_Handler
                0x08002c14                ADC1_2_IRQHandler
                0x08002c14                SPI1_IRQHandler
                0x08002c14                TAMPER_IRQHandler
                0x08002c14                DMA1_Channel4_IRQHandler
                0x08002c14                USART3_IRQHandler
                0x08002c14                RTC_IRQHandler
                0x08002c14                DMA1_Channel7_IRQHandler
                0x08002c14                CAN1_RX1_IRQHandler
                0x08002c14                TIM4_IRQHandler
                0x08002c14                I2C1_EV_IRQHandler
                0x08002c14                DMA1_Channel6_IRQHandler
                0x08002c14                TIM3_IRQHandler
                0x08002c14                RCC_IRQHandler
                0x08002c14                TIM1_TRG_COM_IRQHandler
                0x08002c14                DMA1_Channel1_IRQHandler
                0x08002c14                Default_Handler
                0x08002c14                EXTI9_5_IRQHandler
                0x08002c14                SPI2_IRQHandler
                0x08002c14                MemManage_Handler
                0x08002c14                SVC_Handler
                0x08002c14                DMA1_Channel5_IRQHandler
                0x08002c14                EXTI4_IRQHandler
                0x08002c14                USB_LP_CAN1_RX0_IRQHandler
                0x08002c14                USB_HP_CAN1_TX_IRQHandler
                0x08002c14                DMA1_Channel3_IRQHandler
                0x08002c14                TIM1_UP_IRQHandler
                0x08002c14                WWDG_IRQHandler
                0x08002c14                TIM2_IRQHandler
                0x08002c14                TIM1_BRK_IRQHandler
                0x08002c14                EXTI1_IRQHandler
                0x08002c14                USART2_IRQHandler
                0x08002c14                I2C2_ER_IRQHandler
                0x08002c14                DMA1_Channel2_IRQHandler
                0x08002c14                CAN1_SCE_IRQHandler
                0x08002c14                FLASH_IRQHandler
                0x08002c14                BusFault_Handler
                0x08002c14                USART1_IRQHandler
                0x08002c14                I2C1_ER_IRQHandler
                0x08002c14                USBWakeUp_IRQHandler
 *fill*         0x08002c16        0x2 
 .text.__errno  0x08002c18        0xc c:/ac6/systemworkbench/plugins/fr.ac6.mcu.externaltools.arm-none.win32_1.17.0.201812190825/tools/compiler/bin/../lib/gcc/arm-none-eabi/7.3.1/../../../../arm-none-eabi/lib/thumb/v7-m\libc.a(lib_a-errno.o)
                0x08002c18                __errno
 .text.__libc_init_array
                0x08002c24       0x48 c:/ac6/systemworkbench/plugins/fr.ac6.mcu.externaltools.arm-none.win32_1.17.0.201812190825/tools/compiler/bin/../lib/gcc/arm-none-eabi/7.3.1/../../../../arm-none-eabi/lib/thumb/v7-m\libc.a(lib_a-init.o)
                0x08002c24                __libc_init_array
 .text.memset   0x08002c6c       0x94 c:/ac6/systemworkbench/plugins/fr.ac6.mcu.externaltools.arm-none.win32_1.17.0.201812190825/tools/compiler/bin/../lib/gcc/arm-none-eabi/7.3.1/../../../../arm-none-eabi/lib/thumb/v7-m\libc.a(lib_a-memset.o)
                0x08002c6c                memset
 .text.printf   0x08002d00       0x28 c:/ac6/systemworkbench/plugins/fr.ac6.mcu.externaltools.arm-none.win32_1.17.0.201812190825/tools/compiler/bin/../lib/gcc/arm-none-eabi/7.3.1/../../../../arm-none-eabi/lib/thumb/v7-m\libc.a(lib_a-printf.o)
                0x08002d00                printf
 .text.putchar  0x08002d28       0x10 c:/ac6/systemworkbench/plugins/fr.ac6.mcu.externaltools.arm-none.win32_1.17.0.201812190825/tools/compiler/bin/../lib/gcc/arm-none-eabi/7.3.1/../../../../arm-none-eabi/lib/thumb/v7-m\libc.a(lib_a-putchar.o)
                0x08002d28                putchar
 .text._vfprintf_r
                0x08002d38     0x1ac0 c:/ac6/systemworkbench/plugins/fr.ac6.mcu.externaltools.arm-none.win32_1.17.0.201812190825/tools/compiler/bin/../lib/gcc/arm-none-eabi/7.3.1/../../../../arm-none-eabi/lib/thumb/v7-m\libc.a(lib_a-vfprintf.o)
                0x08002d38                _vfprintf_r
 .text.__sbprintf
                0x080047f8       0x88 c:/ac6/systemworkbench/plugins/fr.ac6.mcu.externaltools.arm-none.win32_1.17.0.201812190825/tools/compiler/bin/../lib/gcc/arm-none-eabi/7.3.1/../../../../arm-none-eabi/lib/thumb/v7-m\libc.a(lib_a-vfprintf.o)
 .text.__swsetup_r
                0x08004880       0xcc c:/ac6/systemworkbench/plugins/fr.ac6.mcu.externaltools.arm-none.win32_1.17.0.201812190825/tools/compiler/bin/../lib/gcc/arm-none-eabi/7.3.1/../../../../arm-none-eabi/lib/thumb/v7-m\libc.a(lib_a-wsetup.o)
                0x08004880                __swsetup_r
 .text.startup.register_fini
                0x0800494c       0x14 c:/ac6/systemworkbench/plugins/fr.ac6.mcu.externaltools.arm-none.win32_1.17.0.201812190825/tools/compiler/bin/../lib/gcc/arm-none-eabi/7.3.1/../../../../arm-none-eabi/lib/thumb/v7-m\libc.a(lib_a-__call_atexit.o)
 .text.atexit   0x08004960        0xc c:/ac6/systemworkbench/plugins/fr.ac6.mcu.externaltools.arm-none.win32_1.17.0.201812190825/tools/compiler/bin/../lib/gcc/arm-none-eabi/7.3.1/../../../../arm-none-eabi/lib/thumb/v7-m\libc.a(lib_a-atexit.o)
                0x08004960                atexit
 .text.quorem   0x0800496c      0x124 c:/ac6/systemworkbench/plugins/fr.ac6.mcu.externaltools.arm-none.win32_1.17.0.201812190825/tools/compiler/bin/../lib/gcc/arm-none-eabi/7.3.1/../../../../arm-none-eabi/lib/thumb/v7-m\libc.a(lib_a-dtoa.o)
 .text._dtoa_r  0x08004a90      0xe30 c:/ac6/systemworkbench/plugins/fr.ac6.mcu.externaltools.arm-none.win32_1.17.0.201812190825/tools/compiler/bin/../lib/gcc/arm-none-eabi/7.3.1/../../../../arm-none-eabi/lib/thumb/v7-m\libc.a(lib_a-dtoa.o)
                0x08004a90                _dtoa_r
 .text.__sflush_r
                0x080058c0      0x154 c:/ac6/systemworkbench/plugins/fr.ac6.mcu.externaltools.arm-none.win32_1.17.0.201812190825/tools/compiler/bin/../lib/gcc/arm-none-eabi/7.3.1/../../../../arm-none-eabi/lib/thumb/v7-m\libc.a(lib_a-fflush.o)
                0x080058c0                __sflush_r
 .text._fflush_r
                0x08005a14       0x5c c:/ac6/systemworkbench/plugins/fr.ac6.mcu.externaltools.arm-none.win32_1.17.0.201812190825/tools/compiler/bin/../lib/gcc/arm-none-eabi/7.3.1/../../../../arm-none-eabi/lib/thumb/v7-m\libc.a(lib_a-fflush.o)
                0x08005a14                _fflush_r
 .text.std      0x08005a70       0x50 c:/ac6/systemworkbench/plugins/fr.ac6.mcu.externaltools.arm-none.win32_1.17.0.201812190825/tools/compiler/bin/../lib/gcc/arm-none-eabi/7.3.1/../../../../arm-none-eabi/lib/thumb/v7-m\libc.a(lib_a-findfp.o)
 .text._cleanup_r
                0x08005ac0        0xc c:/ac6/systemworkbench/plugins/fr.ac6.mcu.externaltools.arm-none.win32_1.17.0.201812190825/tools/compiler/bin/../lib/gcc/arm-none-eabi/7.3.1/../../../../arm-none-eabi/lib/thumb/v7-m\libc.a(lib_a-findfp.o)
                0x08005ac0                _cleanup_r
 .text.__sinit  0x08005acc       0x60 c:/ac6/systemworkbench/plugins/fr.ac6.mcu.externaltools.arm-none.win32_1.17.0.201812190825/tools/compiler/bin/../lib/gcc/arm-none-eabi/7.3.1/../../../../arm-none-eabi/lib/thumb/v7-m\libc.a(lib_a-findfp.o)
                0x08005acc                __sinit
 .text.__sfp_lock_acquire
                0x08005b2c        0xc c:/ac6/systemworkbench/plugins/fr.ac6.mcu.externaltools.arm-none.win32_1.17.0.201812190825/tools/compiler/bin/../lib/gcc/arm-none-eabi/7.3.1/../../../../arm-none-eabi/lib/thumb/v7-m\libc.a(lib_a-findfp.o)
                0x08005b2c                __sfp_lock_acquire
 .text.__sfp_lock_release
                0x08005b38        0xc c:/ac6/systemworkbench/plugins/fr.ac6.mcu.externaltools.arm-none.win32_1.17.0.201812190825/tools/compiler/bin/../lib/gcc/arm-none-eabi/7.3.1/../../../../arm-none-eabi/lib/thumb/v7-m\libc.a(lib_a-findfp.o)
                0x08005b38                __sfp_lock_release
 .text.__libc_fini_array
                0x08005b44       0x34 c:/ac6/systemworkbench/plugins/fr.ac6.mcu.externaltools.arm-none.win32_1.17.0.201812190825/tools/compiler/bin/../lib/gcc/arm-none-eabi/7.3.1/../../../../arm-none-eabi/lib/thumb/v7-m\libc.a(lib_a-fini.o)
                0x08005b44                __libc_fini_array
 .text._malloc_trim_r
                0x08005b78       0xa0 c:/ac6/systemworkbench/plugins/fr.ac6.mcu.externaltools.arm-none.win32_1.17.0.201812190825/tools/compiler/bin/../lib/gcc/arm-none-eabi/7.3.1/../../../../arm-none-eabi/lib/thumb/v7-m\libc.a(lib_a-freer.o)
                0x08005b78                _malloc_trim_r
 .text._free_r  0x08005c18      0x1e8 c:/ac6/systemworkbench/plugins/fr.ac6.mcu.externaltools.arm-none.win32_1.17.0.201812190825/tools/compiler/bin/../lib/gcc/arm-none-eabi/7.3.1/../../../../arm-none-eabi/lib/thumb/v7-m\libc.a(lib_a-freer.o)
                0x08005c18                _free_r
 .text._fwalk_reent
                0x08005e00       0x50 c:/ac6/systemworkbench/plugins/fr.ac6.mcu.externaltools.arm-none.win32_1.17.0.201812190825/tools/compiler/bin/../lib/gcc/arm-none-eabi/7.3.1/../../../../arm-none-eabi/lib/thumb/v7-m\libc.a(lib_a-fwalk.o)
                0x08005e00                _fwalk_reent
 .text._localeconv_r
                0x08005e50       0x1c c:/ac6/systemworkbench/plugins/fr.ac6.mcu.externaltools.arm-none.win32_1.17.0.201812190825/tools/compiler/bin/../lib/gcc/arm-none-eabi/7.3.1/../../../../arm-none-eabi/lib/thumb/v7-m\libc.a(lib_a-localeconv.o)
                0x08005e50                _localeconv_r
 .text.__retarget_lock_init_recursive
                0x08005e6c        0x4 c:/ac6/systemworkbench/plugins/fr.ac6.mcu.externaltools.arm-none.win32_1.17.0.201812190825/tools/compiler/bin/../lib/gcc/arm-none-eabi/7.3.1/../../../../arm-none-eabi/lib/thumb/v7-m\libc.a(lib_a-lock.o)
                0x08005e6c                __retarget_lock_init_recursive
 .text.__retarget_lock_close_recursive
                0x08005e70        0x4 c:/ac6/systemworkbench/plugins/fr.ac6.mcu.externaltools.arm-none.win32_1.17.0.201812190825/tools/compiler/bin/../lib/gcc/arm-none-eabi/7.3.1/../../../../arm-none-eabi/lib/thumb/v7-m\libc.a(lib_a-lock.o)
                0x08005e70                __retarget_lock_close_recursive
 .text.__retarget_lock_acquire_recursive
                0x08005e74        0x4 c:/ac6/systemworkbench/plugins/fr.ac6.mcu.externaltools.arm-none.win32_1.17.0.201812190825/tools/compiler/bin/../lib/gcc/arm-none-eabi/7.3.1/../../../../arm-none-eabi/lib/thumb/v7-m\libc.a(lib_a-lock.o)
                0x08005e74                __retarget_lock_acquire_recursive
 .text.__retarget_lock_release_recursive
                0x08005e78        0x4 c:/ac6/systemworkbench/plugins/fr.ac6.mcu.externaltools.arm-none.win32_1.17.0.201812190825/tools/compiler/bin/../lib/gcc/arm-none-eabi/7.3.1/../../../../arm-none-eabi/lib/thumb/v7-m\libc.a(lib_a-lock.o)
                0x08005e78                __retarget_lock_release_recursive
 .text.__swhatbuf_r
                0x08005e7c       0x5c c:/ac6/systemworkbench/plugins/fr.ac6.mcu.externaltools.arm-none.win32_1.17.0.201812190825/tools/compiler/bin/../lib/gcc/arm-none-eabi/7.3.1/../../../../arm-none-eabi/lib/thumb/v7-m\libc.a(lib_a-makebuf.o)
                0x08005e7c                __swhatbuf_r
 .text.__smakebuf_r
                0x08005ed8       0x94 c:/ac6/systemworkbench/plugins/fr.ac6.mcu.externaltools.arm-none.win32_1.17.0.201812190825/tools/compiler/bin/../lib/gcc/arm-none-eabi/7.3.1/../../../../arm-none-eabi/lib/thumb/v7-m\libc.a(lib_a-makebuf.o)
                0x08005ed8                __smakebuf_r
 .text._malloc_r
                0x08005f6c      0x524 c:/ac6/systemworkbench/plugins/fr.ac6.mcu.externaltools.arm-none.win32_1.17.0.201812190825/tools/compiler/bin/../lib/gcc/arm-none-eabi/7.3.1/../../../../arm-none-eabi/lib/thumb/v7-m\libc.a(lib_a-mallocr.o)
                0x08005f6c                _malloc_r
 .text.memchr   0x08006490       0x8c c:/ac6/systemworkbench/plugins/fr.ac6.mcu.externaltools.arm-none.win32_1.17.0.201812190825/tools/compiler/bin/../lib/gcc/arm-none-eabi/7.3.1/../../../../arm-none-eabi/lib/thumb/v7-m\libc.a(lib_a-memchr-stub.o)
                0x08006490                memchr
 .text.__malloc_lock
                0x0800651c        0xc c:/ac6/systemworkbench/plugins/fr.ac6.mcu.externaltools.arm-none.win32_1.17.0.201812190825/tools/compiler/bin/../lib/gcc/arm-none-eabi/7.3.1/../../../../arm-none-eabi/lib/thumb/v7-m\libc.a(lib_a-mlock.o)
                0x0800651c                __malloc_lock
 .text.__malloc_unlock
                0x08006528        0xc c:/ac6/systemworkbench/plugins/fr.ac6.mcu.externaltools.arm-none.win32_1.17.0.201812190825/tools/compiler/bin/../lib/gcc/arm-none-eabi/7.3.1/../../../../arm-none-eabi/lib/thumb/v7-m\libc.a(lib_a-mlock.o)
                0x08006528                __malloc_unlock
 .text._Balloc  0x08006534       0x4c c:/ac6/systemworkbench/plugins/fr.ac6.mcu.externaltools.arm-none.win32_1.17.0.201812190825/tools/compiler/bin/../lib/gcc/arm-none-eabi/7.3.1/../../../../arm-none-eabi/lib/thumb/v7-m\libc.a(lib_a-mprec.o)
                0x08006534                _Balloc
 .text._Bfree   0x08006580       0x14 c:/ac6/systemworkbench/plugins/fr.ac6.mcu.externaltools.arm-none.win32_1.17.0.201812190825/tools/compiler/bin/../lib/gcc/arm-none-eabi/7.3.1/../../../../arm-none-eabi/lib/thumb/v7-m\libc.a(lib_a-mprec.o)
                0x08006580                _Bfree
 .text.__multadd
                0x08006594       0x84 c:/ac6/systemworkbench/plugins/fr.ac6.mcu.externaltools.arm-none.win32_1.17.0.201812190825/tools/compiler/bin/../lib/gcc/arm-none-eabi/7.3.1/../../../../arm-none-eabi/lib/thumb/v7-m\libc.a(lib_a-mprec.o)
                0x08006594                __multadd
 .text.__hi0bits
                0x08006618       0x40 c:/ac6/systemworkbench/plugins/fr.ac6.mcu.externaltools.arm-none.win32_1.17.0.201812190825/tools/compiler/bin/../lib/gcc/arm-none-eabi/7.3.1/../../../../arm-none-eabi/lib/thumb/v7-m\libc.a(lib_a-mprec.o)
                0x08006618                __hi0bits
 .text.__lo0bits
                0x08006658       0x60 c:/ac6/systemworkbench/plugins/fr.ac6.mcu.externaltools.arm-none.win32_1.17.0.201812190825/tools/compiler/bin/../lib/gcc/arm-none-eabi/7.3.1/../../../../arm-none-eabi/lib/thumb/v7-m\libc.a(lib_a-mprec.o)
                0x08006658                __lo0bits
 .text.__i2b    0x080066b8       0x14 c:/ac6/systemworkbench/plugins/fr.ac6.mcu.externaltools.arm-none.win32_1.17.0.201812190825/tools/compiler/bin/../lib/gcc/arm-none-eabi/7.3.1/../../../../arm-none-eabi/lib/thumb/v7-m\libc.a(lib_a-mprec.o)
                0x080066b8                __i2b
 .text.__multiply
                0x080066cc      0x14c c:/ac6/systemworkbench/plugins/fr.ac6.mcu.externaltools.arm-none.win32_1.17.0.201812190825/tools/compiler/bin/../lib/gcc/arm-none-eabi/7.3.1/../../../../arm-none-eabi/lib/thumb/v7-m\libc.a(lib_a-mprec.o)
                0x080066cc                __multiply
 .text.__pow5mult
                0x08006818       0xa0 c:/ac6/systemworkbench/plugins/fr.ac6.mcu.externaltools.arm-none.win32_1.17.0.201812190825/tools/compiler/bin/../lib/gcc/arm-none-eabi/7.3.1/../../../../arm-none-eabi/lib/thumb/v7-m\libc.a(lib_a-mprec.o)
                0x08006818                __pow5mult
 .text.__lshift
                0x080068b8       0xb4 c:/ac6/systemworkbench/plugins/fr.ac6.mcu.externaltools.arm-none.win32_1.17.0.201812190825/tools/compiler/bin/../lib/gcc/arm-none-eabi/7.3.1/../../../../arm-none-eabi/lib/thumb/v7-m\libc.a(lib_a-mprec.o)
                0x080068b8                __lshift
 .text.__mcmp   0x0800696c       0x38 c:/ac6/systemworkbench/plugins/fr.ac6.mcu.externaltools.arm-none.win32_1.17.0.201812190825/tools/compiler/bin/../lib/gcc/arm-none-eabi/7.3.1/../../../../arm-none-eabi/lib/thumb/v7-m\libc.a(lib_a-mprec.o)
                0x0800696c                __mcmp
 .text.__mdiff  0x080069a4      0x100 c:/ac6/systemworkbench/plugins/fr.ac6.mcu.externaltools.arm-none.win32_1.17.0.201812190825/tools/compiler/bin/../lib/gcc/arm-none-eabi/7.3.1/../../../../arm-none-eabi/lib/thumb/v7-m\libc.a(lib_a-mprec.o)
                0x080069a4                __mdiff
 .text.__d2b    0x08006aa4       0xb0 c:/ac6/systemworkbench/plugins/fr.ac6.mcu.externaltools.arm-none.win32_1.17.0.201812190825/tools/compiler/bin/../lib/gcc/arm-none-eabi/7.3.1/../../../../arm-none-eabi/lib/thumb/v7-m\libc.a(lib_a-mprec.o)
                0x08006aa4                __d2b
 .text._putc_r  0x08006b54       0x70 c:/ac6/systemworkbench/plugins/fr.ac6.mcu.externaltools.arm-none.win32_1.17.0.201812190825/tools/compiler/bin/../lib/gcc/arm-none-eabi/7.3.1/../../../../arm-none-eabi/lib/thumb/v7-m\libc.a(lib_a-putc.o)
                0x08006b54                _putc_r
 .text.frexp    0x08006bc4       0x64 c:/ac6/systemworkbench/plugins/fr.ac6.mcu.externaltools.arm-none.win32_1.17.0.201812190825/tools/compiler/bin/../lib/gcc/arm-none-eabi/7.3.1/../../../../arm-none-eabi/lib/thumb/v7-m\libc.a(lib_a-s_frexp.o)
                0x08006bc4                frexp
 .text._sbrk_r  0x08006c28       0x24 c:/ac6/systemworkbench/plugins/fr.ac6.mcu.externaltools.arm-none.win32_1.17.0.201812190825/tools/compiler/bin/../lib/gcc/arm-none-eabi/7.3.1/../../../../arm-none-eabi/lib/thumb/v7-m\libc.a(lib_a-sbrkr.o)
                0x08006c28                _sbrk_r
 .text.__sread  0x08006c4c       0x24 c:/ac6/systemworkbench/plugins/fr.ac6.mcu.externaltools.arm-none.win32_1.17.0.201812190825/tools/compiler/bin/../lib/gcc/arm-none-eabi/7.3.1/../../../../arm-none-eabi/lib/thumb/v7-m\libc.a(lib_a-stdio.o)
                0x08006c4c                __sread
 .text.__swrite
                0x08006c70       0x3c c:/ac6/systemworkbench/plugins/fr.ac6.mcu.externaltools.arm-none.win32_1.17.0.201812190825/tools/compiler/bin/../lib/gcc/arm-none-eabi/7.3.1/../../../../arm-none-eabi/lib/thumb/v7-m\libc.a(lib_a-stdio.o)
                0x08006c70                __swrite
 .text.__sseek  0x08006cac       0x20 c:/ac6/systemworkbench/plugins/fr.ac6.mcu.externaltools.arm-none.win32_1.17.0.201812190825/tools/compiler/bin/../lib/gcc/arm-none-eabi/7.3.1/../../../../arm-none-eabi/lib/thumb/v7-m\libc.a(lib_a-stdio.o)
                0x08006cac                __sseek
 .text.__sclose
                0x08006ccc        0x8 c:/ac6/systemworkbench/plugins/fr.ac6.mcu.externaltools.arm-none.win32_1.17.0.201812190825/tools/compiler/bin/../lib/gcc/arm-none-eabi/7.3.1/../../../../arm-none-eabi/lib/thumb/v7-m\libc.a(lib_a-stdio.o)
                0x08006ccc                __sclose
 .text.strlen   0x08006cd4       0x5c c:/ac6/systemworkbench/plugins/fr.ac6.mcu.externaltools.arm-none.win32_1.17.0.201812190825/tools/compiler/bin/../lib/gcc/arm-none-eabi/7.3.1/../../../../arm-none-eabi/lib/thumb/v7-m\libc.a(lib_a-strlen-stub.o)
                0x08006cd4                strlen
 .text.strncpy  0x08006d30       0x64 c:/ac6/systemworkbench/plugins/fr.ac6.mcu.externaltools.arm-none.win32_1.17.0.201812190825/tools/compiler/bin/../lib/gcc/arm-none-eabi/7.3.1/../../../../arm-none-eabi/lib/thumb/v7-m\libc.a(lib_a-strncpy.o)
                0x08006d30                strncpy
 .text.__sprint_r.part.0
                0x08006d94       0x78 c:/ac6/systemworkbench/plugins/fr.ac6.mcu.externaltools.arm-none.win32_1.17.0.201812190825/tools/compiler/bin/../lib/gcc/arm-none-eabi/7.3.1/../../../../arm-none-eabi/lib/thumb/v7-m\libc.a(lib_a-vfiprintf.o)
 .text.__sprint_r
                0x08006e0c       0x14 c:/ac6/systemworkbench/plugins/fr.ac6.mcu.externaltools.arm-none.win32_1.17.0.201812190825/tools/compiler/bin/../lib/gcc/arm-none-eabi/7.3.1/../../../../arm-none-eabi/lib/thumb/v7-m\libc.a(lib_a-vfiprintf.o)
                0x08006e0c                __sprint_r
 .text.__swbuf_r
                0x08006e20       0xb0 c:/ac6/systemworkbench/plugins/fr.ac6.mcu.externaltools.arm-none.win32_1.17.0.201812190825/tools/compiler/bin/../lib/gcc/arm-none-eabi/7.3.1/../../../../arm-none-eabi/lib/thumb/v7-m\libc.a(lib_a-wbuf.o)
                0x08006e20                __swbuf_r
 .text._write_r
                0x08006ed0       0x2c c:/ac6/systemworkbench/plugins/fr.ac6.mcu.externaltools.arm-none.win32_1.17.0.201812190825/tools/compiler/bin/../lib/gcc/arm-none-eabi/7.3.1/../../../../arm-none-eabi/lib/thumb/v7-m\libc.a(lib_a-writer.o)
                0x08006ed0                _write_r
 .text.__register_exitproc
                0x08006efc       0xc0 c:/ac6/systemworkbench/plugins/fr.ac6.mcu.externaltools.arm-none.win32_1.17.0.201812190825/tools/compiler/bin/../lib/gcc/arm-none-eabi/7.3.1/../../../../arm-none-eabi/lib/thumb/v7-m\libc.a(lib_a-__atexit.o)
                0x08006efc                __register_exitproc
 .text._calloc_r
                0x08006fbc       0x6c c:/ac6/systemworkbench/plugins/fr.ac6.mcu.externaltools.arm-none.win32_1.17.0.201812190825/tools/compiler/bin/../lib/gcc/arm-none-eabi/7.3.1/../../../../arm-none-eabi/lib/thumb/v7-m\libc.a(lib_a-callocr.o)
                0x08006fbc                _calloc_r
 .text._close_r
                0x08007028       0x24 c:/ac6/systemworkbench/plugins/fr.ac6.mcu.externaltools.arm-none.win32_1.17.0.201812190825/tools/compiler/bin/../lib/gcc/arm-none-eabi/7.3.1/../../../../arm-none-eabi/lib/thumb/v7-m\libc.a(lib_a-closer.o)
                0x08007028                _close_r
 .text._fclose_r
                0x0800704c       0xd0 c:/ac6/systemworkbench/plugins/fr.ac6.mcu.externaltools.arm-none.win32_1.17.0.201812190825/tools/compiler/bin/../lib/gcc/arm-none-eabi/7.3.1/../../../../arm-none-eabi/lib/thumb/v7-m\libc.a(lib_a-fclose.o)
                0x0800704c                _fclose_r
 .text.__fputwc
                0x0800711c       0x94 c:/ac6/systemworkbench/plugins/fr.ac6.mcu.externaltools.arm-none.win32_1.17.0.201812190825/tools/compiler/bin/../lib/gcc/arm-none-eabi/7.3.1/../../../../arm-none-eabi/lib/thumb/v7-m\libc.a(lib_a-fputwc.o)
                0x0800711c                __fputwc
 .text._fputwc_r
                0x080071b0       0x64 c:/ac6/systemworkbench/plugins/fr.ac6.mcu.externaltools.arm-none.win32_1.17.0.201812190825/tools/compiler/bin/../lib/gcc/arm-none-eabi/7.3.1/../../../../arm-none-eabi/lib/thumb/v7-m\libc.a(lib_a-fputwc.o)
                0x080071b0                _fputwc_r
 .text._fstat_r
                0x08007214       0x28 c:/ac6/systemworkbench/plugins/fr.ac6.mcu.externaltools.arm-none.win32_1.17.0.201812190825/tools/compiler/bin/../lib/gcc/arm-none-eabi/7.3.1/../../../../arm-none-eabi/lib/thumb/v7-m\libc.a(lib_a-fstatr.o)
                0x08007214                _fstat_r
 .text.__sfvwrite_r
                0x0800723c      0x2f4 c:/ac6/systemworkbench/plugins/fr.ac6.mcu.externaltools.arm-none.win32_1.17.0.201812190825/tools/compiler/bin/../lib/gcc/arm-none-eabi/7.3.1/../../../../arm-none-eabi/lib/thumb/v7-m\libc.a(lib_a-fvwrite.o)
                0x0800723c                __sfvwrite_r
 .text._isatty_r
                0x08007530       0x24 c:/ac6/systemworkbench/plugins/fr.ac6.mcu.externaltools.arm-none.win32_1.17.0.201812190825/tools/compiler/bin/../lib/gcc/arm-none-eabi/7.3.1/../../../../arm-none-eabi/lib/thumb/v7-m\libc.a(lib_a-isattyr.o)
                0x08007530                _isatty_r
 .text.__locale_mb_cur_max
                0x08007554       0x1c c:/ac6/systemworkbench/plugins/fr.ac6.mcu.externaltools.arm-none.win32_1.17.0.201812190825/tools/compiler/bin/../lib/gcc/arm-none-eabi/7.3.1/../../../../arm-none-eabi/lib/thumb/v7-m\libc.a(lib_a-locale.o)
                0x08007554                __locale_mb_cur_max
 .text._lseek_r
                0x08007570       0x2c c:/ac6/systemworkbench/plugins/fr.ac6.mcu.externaltools.arm-none.win32_1.17.0.201812190825/tools/compiler/bin/../lib/gcc/arm-none-eabi/7.3.1/../../../../arm-none-eabi/lib/thumb/v7-m\libc.a(lib_a-lseekr.o)
                0x08007570                _lseek_r
 .text.__ascii_mbtowc
                0x0800759c       0x2c c:/ac6/systemworkbench/plugins/fr.ac6.mcu.externaltools.arm-none.win32_1.17.0.201812190825/tools/compiler/bin/../lib/gcc/arm-none-eabi/7.3.1/../../../../arm-none-eabi/lib/thumb/v7-m\libc.a(lib_a-mbtowc_r.o)
                0x0800759c                __ascii_mbtowc
 .text.memmove  0x080075c8       0xc4 c:/ac6/systemworkbench/plugins/fr.ac6.mcu.externaltools.arm-none.win32_1.17.0.201812190825/tools/compiler/bin/../lib/gcc/arm-none-eabi/7.3.1/../../../../arm-none-eabi/lib/thumb/v7-m\libc.a(lib_a-memmove.o)
                0x080075c8                memmove
 .text._read_r  0x0800768c       0x2c c:/ac6/systemworkbench/plugins/fr.ac6.mcu.externaltools.arm-none.win32_1.17.0.201812190825/tools/compiler/bin/../lib/gcc/arm-none-eabi/7.3.1/../../../../arm-none-eabi/lib/thumb/v7-m\libc.a(lib_a-readr.o)
                0x0800768c                _read_r
 .text._realloc_r
                0x080076b8      0x374 c:/ac6/systemworkbench/plugins/fr.ac6.mcu.externaltools.arm-none.win32_1.17.0.201812190825/tools/compiler/bin/../lib/gcc/arm-none-eabi/7.3.1/../../../../arm-none-eabi/lib/thumb/v7-m\libc.a(lib_a-reallocr.o)
                0x080076b8                _realloc_r
 .text._wcrtomb_r
                0x08007a2c       0x54 c:/ac6/systemworkbench/plugins/fr.ac6.mcu.externaltools.arm-none.win32_1.17.0.201812190825/tools/compiler/bin/../lib/gcc/arm-none-eabi/7.3.1/../../../../arm-none-eabi/lib/thumb/v7-m\libc.a(lib_a-wcrtomb.o)
                0x08007a2c                _wcrtomb_r
 .text.__ascii_wctomb
                0x08007a80       0x18 c:/ac6/systemworkbench/plugins/fr.ac6.mcu.externaltools.arm-none.win32_1.17.0.201812190825/tools/compiler/bin/../lib/gcc/arm-none-eabi/7.3.1/../../../../arm-none-eabi/lib/thumb/v7-m\libc.a(lib_a-wctomb_r.o)
                0x08007a80                __ascii_wctomb
 *(.glue_7)
 .glue_7        0x08007a98        0x0 linker stubs
 *(.glue_7t)
 .glue_7t       0x08007a98        0x0 linker stubs
 *(.eh_frame)
 .eh_frame      0x08007a98        0x0 c:/ac6/systemworkbench/plugins/fr.ac6.mcu.externaltools.arm-none.win32_1.17.0.201812190825/tools/compiler/bin/../lib/gcc/arm-none-eabi/7.3.1/thumb/v7-m/crtbegin.o
 *(.init)
 .init          0x08007a98        0x4 c:/ac6/systemworkbench/plugins/fr.ac6.mcu.externaltools.arm-none.win32_1.17.0.201812190825/tools/compiler/bin/../lib/gcc/arm-none-eabi/7.3.1/thumb/v7-m/crti.o
                0x08007a98                _init
 .init          0x08007a9c        0x8 c:/ac6/systemworkbench/plugins/fr.ac6.mcu.externaltools.arm-none.win32_1.17.0.201812190825/tools/compiler/bin/../lib/gcc/arm-none-eabi/7.3.1/thumb/v7-m/crtn.o
 *(.fini)
 .fini          0x08007aa4        0x4 c:/ac6/systemworkbench/plugins/fr.ac6.mcu.externaltools.arm-none.win32_1.17.0.201812190825/tools/compiler/bin/../lib/gcc/arm-none-eabi/7.3.1/thumb/v7-m/crti.o
                0x08007aa4                _fini
 .fini          0x08007aa8        0x8 c:/ac6/systemworkbench/plugins/fr.ac6.mcu.externaltools.arm-none.win32_1.17.0.201812190825/tools/compiler/bin/../lib/gcc/arm-none-eabi/7.3.1/thumb/v7-m/crtn.o
                0x08007ab0                . = ALIGN (0x4)
                0x08007ab0                _etext = .

.vfp11_veneer   0x08007ab0        0x0
 .vfp11_veneer  0x08007ab0        0x0 linker stubs

.v4_bx          0x08007ab0        0x0
 .v4_bx         0x08007ab0        0x0 linker stubs

.iplt           0x08007ab0        0x0
 .iplt          0x08007ab0        0x0 c:/ac6/systemworkbench/plugins/fr.ac6.mcu.externaltools.arm-none.win32_1.17.0.201812190825/tools/compiler/bin/../lib/gcc/arm-none-eabi/7.3.1/thumb/v7-m/crtbegin.o

.rodata         0x08007ab0      0x2c8
                0x08007ab0                . = ALIGN (0x4)
 *(.rodata)
 .rodata        0x08007ab0       0x12 HAL_Driver/Src/stm32f1xx_hal_rcc_ex.o
 *fill*         0x08007ac2        0x2 
 .rodata        0x08007ac4       0x11 src/main.o
 *fill*         0x08007ad5        0x3 
 .rodata        0x08007ad8       0x18 src/system_stm32f1xx.o
                0x08007ad8                AHBPrescTable
                0x08007ae8                APBPrescTable
 *(.rodata*)
 .rodata._global_impure_ptr
                0x08007af0        0x4 c:/ac6/systemworkbench/plugins/fr.ac6.mcu.externaltools.arm-none.win32_1.17.0.201812190825/tools/compiler/bin/../lib/gcc/arm-none-eabi/7.3.1/../../../../arm-none-eabi/lib/thumb/v7-m\libc.a(lib_a-impure.o)
                0x08007af0                _global_impure_ptr
 .rodata._vfprintf_r.str1.4
                0x08007af4       0x42 c:/ac6/systemworkbench/plugins/fr.ac6.mcu.externaltools.arm-none.win32_1.17.0.201812190825/tools/compiler/bin/../lib/gcc/arm-none-eabi/7.3.1/../../../../arm-none-eabi/lib/thumb/v7-m\libc.a(lib_a-vfprintf.o)
 *fill*         0x08007b36        0x2 
 .rodata.blanks.7330
                0x08007b38       0x10 c:/ac6/systemworkbench/plugins/fr.ac6.mcu.externaltools.arm-none.win32_1.17.0.201812190825/tools/compiler/bin/../lib/gcc/arm-none-eabi/7.3.1/../../../../arm-none-eabi/lib/thumb/v7-m\libc.a(lib_a-vfprintf.o)
 .rodata.zeroes.7331
                0x08007b48       0x10 c:/ac6/systemworkbench/plugins/fr.ac6.mcu.externaltools.arm-none.win32_1.17.0.201812190825/tools/compiler/bin/../lib/gcc/arm-none-eabi/7.3.1/../../../../arm-none-eabi/lib/thumb/v7-m\libc.a(lib_a-vfprintf.o)
 .rodata._dtoa_r.str1.4
                0x08007b58       0x10 c:/ac6/systemworkbench/plugins/fr.ac6.mcu.externaltools.arm-none.win32_1.17.0.201812190825/tools/compiler/bin/../lib/gcc/arm-none-eabi/7.3.1/../../../../arm-none-eabi/lib/thumb/v7-m\libc.a(lib_a-dtoa.o)
                                 0x12 (size before relaxing)
 .rodata.__mprec_bigtens
                0x08007b68       0x28 c:/ac6/systemworkbench/plugins/fr.ac6.mcu.externaltools.arm-none.win32_1.17.0.201812190825/tools/compiler/bin/../lib/gcc/arm-none-eabi/7.3.1/../../../../arm-none-eabi/lib/thumb/v7-m\libc.a(lib_a-mprec.o)
                0x08007b68                __mprec_bigtens
 .rodata.__mprec_tens
                0x08007b90       0xc8 c:/ac6/systemworkbench/plugins/fr.ac6.mcu.externaltools.arm-none.win32_1.17.0.201812190825/tools/compiler/bin/../lib/gcc/arm-none-eabi/7.3.1/../../../../arm-none-eabi/lib/thumb/v7-m\libc.a(lib_a-mprec.o)
                0x08007b90                __mprec_tens
 .rodata.p05.6092
                0x08007c58        0xc c:/ac6/systemworkbench/plugins/fr.ac6.mcu.externaltools.arm-none.win32_1.17.0.201812190825/tools/compiler/bin/../lib/gcc/arm-none-eabi/7.3.1/../../../../arm-none-eabi/lib/thumb/v7-m\libc.a(lib_a-mprec.o)
 .rodata._setlocale_r.str1.4
                0x08007c64        0xa c:/ac6/systemworkbench/plugins/fr.ac6.mcu.externaltools.arm-none.win32_1.17.0.201812190825/tools/compiler/bin/../lib/gcc/arm-none-eabi/7.3.1/../../../../arm-none-eabi/lib/thumb/v7-m\libc.a(lib_a-locale.o)
                                  0xd (size before relaxing)
 *fill*         0x08007c6e        0x2 
 .rodata.str1.4
                0x08007c70        0x4 c:/ac6/systemworkbench/plugins/fr.ac6.mcu.externaltools.arm-none.win32_1.17.0.201812190825/tools/compiler/bin/../lib/gcc/arm-none-eabi/7.3.1/../../../../arm-none-eabi/lib/thumb/v7-m\libc.a(lib_a-locale.o)
                                  0x2 (size before relaxing)
 .rodata._ctype_
                0x08007c74      0x101 c:/ac6/systemworkbench/plugins/fr.ac6.mcu.externaltools.arm-none.win32_1.17.0.201812190825/tools/compiler/bin/../lib/gcc/arm-none-eabi/7.3.1/../../../../arm-none-eabi/lib/thumb/v7-m\libc.a(lib_a-ctype_.o)
                0x08007c74                _ctype_
                0x08007d78                . = ALIGN (0x4)
 *fill*         0x08007d75        0x3 

.ARM.extab
 *(.ARM.extab* .gnu.linkonce.armextab.*)

.ARM            0x08007d78        0x8
                0x08007d78                __exidx_start = .
 *(.ARM.exidx*)
 .ARM.exidx     0x08007d78        0x8 c:/ac6/systemworkbench/plugins/fr.ac6.mcu.externaltools.arm-none.win32_1.17.0.201812190825/tools/compiler/bin/../lib/gcc/arm-none-eabi/7.3.1/thumb/v7-m\libgcc.a(_udivmoddi4.o)
                0x08007d80                __exidx_end = .

.rel.dyn        0x08007d80        0x0
 .rel.iplt      0x08007d80        0x0 c:/ac6/systemworkbench/plugins/fr.ac6.mcu.externaltools.arm-none.win32_1.17.0.201812190825/tools/compiler/bin/../lib/gcc/arm-none-eabi/7.3.1/thumb/v7-m/crtbegin.o

.preinit_array  0x08007d80        0x0
                0x08007d80                PROVIDE (__preinit_array_start = .)
 *(.preinit_array*)
                0x08007d80                PROVIDE (__preinit_array_end = .)

.init_array     0x08007d80        0x8
                0x08007d80                PROVIDE (__init_array_start = .)
 *(SORT_BY_NAME(.init_array.*))
 .init_array.00000
                0x08007d80        0x4 c:/ac6/systemworkbench/plugins/fr.ac6.mcu.externaltools.arm-none.win32_1.17.0.201812190825/tools/compiler/bin/../lib/gcc/arm-none-eabi/7.3.1/../../../../arm-none-eabi/lib/thumb/v7-m\libc.a(lib_a-__call_atexit.o)
 *(.init_array*)
 .init_array    0x08007d84        0x4 c:/ac6/systemworkbench/plugins/fr.ac6.mcu.externaltools.arm-none.win32_1.17.0.201812190825/tools/compiler/bin/../lib/gcc/arm-none-eabi/7.3.1/thumb/v7-m/crtbegin.o
                0x08007d88                PROVIDE (__init_array_end = .)

.fini_array     0x08007d88        0x4
                0x08007d88                PROVIDE (__fini_array_start = .)
 *(SORT_BY_NAME(.fini_array.*))
 *(.fini_array*)
 .fini_array    0x08007d88        0x4 c:/ac6/systemworkbench/plugins/fr.ac6.mcu.externaltools.arm-none.win32_1.17.0.201812190825/tools/compiler/bin/../lib/gcc/arm-none-eabi/7.3.1/thumb/v7-m/crtbegin.o
                0x08007d8c                PROVIDE (__fini_array_end = .)
                0x08007d8c                _sidata = LOADADDR (.data)

.data           0x20000000      0x9b8 load address 0x08007d8c
                0x20000000                . = ALIGN (0x4)
                0x20000000                _sdata = .
 *(.data)
 .data          0x20000000        0x5 HAL_Driver/Src/stm32f1xx_hal.o
                0x20000000                uwTickPrio
                0x20000004                uwTickFreq
 *fill*         0x20000005        0x3 
 .data          0x20000008        0x4 src/system_stm32f1xx.o
                0x20000008                SystemCoreClock
 *(.data*)
 .data._impure_ptr
                0x2000000c        0x4 c:/ac6/systemworkbench/plugins/fr.ac6.mcu.externaltools.arm-none.win32_1.17.0.201812190825/tools/compiler/bin/../lib/gcc/arm-none-eabi/7.3.1/../../../../arm-none-eabi/lib/thumb/v7-m\libc.a(lib_a-impure.o)
                0x2000000c                _impure_ptr
 .data.impure_data
                0x20000010      0x428 c:/ac6/systemworkbench/plugins/fr.ac6.mcu.externaltools.arm-none.win32_1.17.0.201812190825/tools/compiler/bin/../lib/gcc/arm-none-eabi/7.3.1/../../../../arm-none-eabi/lib/thumb/v7-m\libc.a(lib_a-impure.o)
 .data.__atexit_recursive_mutex
                0x20000438        0x4 c:/ac6/systemworkbench/plugins/fr.ac6.mcu.externaltools.arm-none.win32_1.17.0.201812190825/tools/compiler/bin/../lib/gcc/arm-none-eabi/7.3.1/../../../../arm-none-eabi/lib/thumb/v7-m\libc.a(lib_a-__call_atexit.o)
                0x20000438                __atexit_recursive_mutex
 .data.__malloc_av_
                0x2000043c      0x408 c:/ac6/systemworkbench/plugins/fr.ac6.mcu.externaltools.arm-none.win32_1.17.0.201812190825/tools/compiler/bin/../lib/gcc/arm-none-eabi/7.3.1/../../../../arm-none-eabi/lib/thumb/v7-m\libc.a(lib_a-mallocr.o)
                0x2000043c                __malloc_av_
 .data.__malloc_sbrk_base
                0x20000844        0x4 c:/ac6/systemworkbench/plugins/fr.ac6.mcu.externaltools.arm-none.win32_1.17.0.201812190825/tools/compiler/bin/../lib/gcc/arm-none-eabi/7.3.1/../../../../arm-none-eabi/lib/thumb/v7-m\libc.a(lib_a-mallocr.o)
                0x20000844                __malloc_sbrk_base
 .data.__malloc_trim_threshold
                0x20000848        0x4 c:/ac6/systemworkbench/plugins/fr.ac6.mcu.externaltools.arm-none.win32_1.17.0.201812190825/tools/compiler/bin/../lib/gcc/arm-none-eabi/7.3.1/../../../../arm-none-eabi/lib/thumb/v7-m\libc.a(lib_a-mallocr.o)
                0x20000848                __malloc_trim_threshold
 .data.__global_locale
                0x2000084c      0x16c c:/ac6/systemworkbench/plugins/fr.ac6.mcu.externaltools.arm-none.win32_1.17.0.201812190825/tools/compiler/bin/../lib/gcc/arm-none-eabi/7.3.1/../../../../arm-none-eabi/lib/thumb/v7-m\libc.a(lib_a-locale.o)
                0x2000084c                __global_locale
                0x200009b8                . = ALIGN (0x4)
                0x200009b8                _edata = .

.igot.plt       0x200009b8        0x0 load address 0x08008744
 .igot.plt      0x200009b8        0x0 c:/ac6/systemworkbench/plugins/fr.ac6.mcu.externaltools.arm-none.win32_1.17.0.201812190825/tools/compiler/bin/../lib/gcc/arm-none-eabi/7.3.1/thumb/v7-m/crtbegin.o
                0x200009b8                . = ALIGN (0x4)

.bss            0x200009b8     0x2140 load address 0x08008744
                0x200009b8                _sbss = .
                0x200009b8                __bss_start__ = _sbss
 *(.bss)
 .bss           0x200009b8       0x1c c:/ac6/systemworkbench/plugins/fr.ac6.mcu.externaltools.arm-none.win32_1.17.0.201812190825/tools/compiler/bin/../lib/gcc/arm-none-eabi/7.3.1/thumb/v7-m/crtbegin.o
 .bss           0x200009d4        0x8 src/syscalls.o
                0x200009d4                __env
 *(.bss*)
 .bss.__malloc_current_mallinfo
                0x200009dc       0x28 c:/ac6/systemworkbench/plugins/fr.ac6.mcu.externaltools.arm-none.win32_1.17.0.201812190825/tools/compiler/bin/../lib/gcc/arm-none-eabi/7.3.1/../../../../arm-none-eabi/lib/thumb/v7-m\libc.a(lib_a-mallocr.o)
                0x200009dc                __malloc_current_mallinfo
 .bss.__malloc_max_sbrked_mem
                0x20000a04        0x4 c:/ac6/systemworkbench/plugins/fr.ac6.mcu.externaltools.arm-none.win32_1.17.0.201812190825/tools/compiler/bin/../lib/gcc/arm-none-eabi/7.3.1/../../../../arm-none-eabi/lib/thumb/v7-m\libc.a(lib_a-mallocr.o)
                0x20000a04                __malloc_max_sbrked_mem
 .bss.__malloc_max_total_mem
                0x20000a08        0x4 c:/ac6/systemworkbench/plugins/fr.ac6.mcu.externaltools.arm-none.win32_1.17.0.201812190825/tools/compiler/bin/../lib/gcc/arm-none-eabi/7.3.1/../../../../arm-none-eabi/lib/thumb/v7-m\libc.a(lib_a-mallocr.o)
                0x20000a08                __malloc_max_total_mem
 .bss.__malloc_top_pad
                0x20000a0c        0x4 c:/ac6/systemworkbench/plugins/fr.ac6.mcu.externaltools.arm-none.win32_1.17.0.201812190825/tools/compiler/bin/../lib/gcc/arm-none-eabi/7.3.1/../../../../arm-none-eabi/lib/thumb/v7-m\libc.a(lib_a-mallocr.o)
                0x20000a0c                __malloc_top_pad
 *(COMMON)
 COMMON         0x20000a10        0x4 HAL_Driver/Src/stm32f1xx_hal.o
                0x20000a10                uwTick
 COMMON         0x20000a14     0x20bc src/main.o
                0x20000a14                dma
                0x20000a58                adc
                0x20000a88                src_buffer
                0x20001a88                dst_buffer
                0x20002a88                uart
                0x20002ac8                adc_values
 COMMON         0x20002ad0       0x21 c:/ac6/systemworkbench/plugins/fr.ac6.mcu.externaltools.arm-none.win32_1.17.0.201812190825/tools/compiler/bin/../lib/gcc/arm-none-eabi/7.3.1/../../../../arm-none-eabi/lib/thumb/v7-m\libc.a(lib_a-lock.o)
                0x20002ad0                __lock___atexit_recursive_mutex
                0x20002ad4                __lock___arc4random_mutex
                0x20002ad8                __lock___env_recursive_mutex
                0x20002adc                __lock___sinit_recursive_mutex
                0x20002ae0                __lock___malloc_recursive_mutex
                0x20002ae4                __lock___at_quick_exit_mutex
                0x20002ae8                __lock___dd_hash_mutex
                0x20002aec                __lock___tz_mutex
                0x20002af0                __lock___sfp_recursive_mutex
 *fill*         0x20002af1        0x3 
 COMMON         0x20002af4        0x4 c:/ac6/systemworkbench/plugins/fr.ac6.mcu.externaltools.arm-none.win32_1.17.0.201812190825/tools/compiler/bin/../lib/gcc/arm-none-eabi/7.3.1/../../../../arm-none-eabi/lib/thumb/v7-m\libc.a(lib_a-reent.o)
                0x20002af4                errno
                0x20002af8                . = ALIGN (0x4)
                0x20002af8                _ebss = .
                0x20002af8                __bss_end__ = _ebss

._user_heap_stack
                0x20002af8      0x600 load address 0x08008744
                0x20002af8                . = ALIGN (0x8)
                0x20002af8                PROVIDE (end = .)
                [!provide]                PROVIDE (_end = .)
                0x20002cf8                . = (. + _Min_Heap_Size)
 *fill*         0x20002af8      0x200 
                0x200030f8                . = (. + _Min_Stack_Size)
 *fill*         0x20002cf8      0x400 
                0x200030f8                . = ALIGN (0x8)

/DISCARD/
 libc.a(*)
 libm.a(*)
 libgcc.a(*)

.ARM.attributes
                0x00000000       0x29
 *(.ARM.attributes)
 .ARM.attributes
                0x00000000       0x1d c:/ac6/systemworkbench/plugins/fr.ac6.mcu.externaltools.arm-none.win32_1.17.0.201812190825/tools/compiler/bin/../lib/gcc/arm-none-eabi/7.3.1/thumb/v7-m/crti.o
 .ARM.attributes
                0x0000001d       0x2d c:/ac6/systemworkbench/plugins/fr.ac6.mcu.externaltools.arm-none.win32_1.17.0.201812190825/tools/compiler/bin/../lib/gcc/arm-none-eabi/7.3.1/thumb/v7-m/crtbegin.o
 .ARM.attributes
                0x0000004a       0x33 HAL_Driver/Src/stm32f1xx_hal.o
 .ARM.attributes
                0x0000007d       0x33 HAL_Driver/Src/stm32f1xx_hal_adc.o
 .ARM.attributes
                0x000000b0       0x33 HAL_Driver/Src/stm32f1xx_hal_adc_ex.o
 .ARM.attributes
                0x000000e3       0x33 HAL_Driver/Src/stm32f1xx_hal_cortex.o
 .ARM.attributes
                0x00000116       0x33 HAL_Driver/Src/stm32f1xx_hal_dma.o
 .ARM.attributes
                0x00000149       0x33 HAL_Driver/Src/stm32f1xx_hal_gpio.o
 .ARM.attributes
                0x0000017c       0x33 HAL_Driver/Src/stm32f1xx_hal_msp_template.o
 .ARM.attributes
                0x000001af       0x33 HAL_Driver/Src/stm32f1xx_hal_rcc.o
 .ARM.attributes
                0x000001e2       0x33 HAL_Driver/Src/stm32f1xx_hal_rcc_ex.o
 .ARM.attributes
                0x00000215       0x33 HAL_Driver/Src/stm32f1xx_hal_uart.o
 .ARM.attributes
                0x00000248       0x33 src/main.o
 .ARM.attributes
                0x0000027b       0x33 src/stm32f1xx_it.o
 .ARM.attributes
                0x000002ae       0x33 src/syscalls.o
 .ARM.attributes
                0x000002e1       0x33 src/system_stm32f1xx.o
 .ARM.attributes
                0x00000314       0x21 startup/startup_stm32f103xb.o
 .ARM.attributes
                0x00000335       0x2d c:/ac6/systemworkbench/plugins/fr.ac6.mcu.externaltools.arm-none.win32_1.17.0.201812190825/tools/compiler/bin/../lib/gcc/arm-none-eabi/7.3.1/../../../../arm-none-eabi/lib/thumb/v7-m\libc.a(lib_a-errno.o)
 .ARM.attributes
                0x00000362       0x2d c:/ac6/systemworkbench/plugins/fr.ac6.mcu.externaltools.arm-none.win32_1.17.0.201812190825/tools/compiler/bin/../lib/gcc/arm-none-eabi/7.3.1/../../../../arm-none-eabi/lib/thumb/v7-m\libc.a(lib_a-impure.o)
 .ARM.attributes
                0x0000038f       0x2d c:/ac6/systemworkbench/plugins/fr.ac6.mcu.externaltools.arm-none.win32_1.17.0.201812190825/tools/compiler/bin/../lib/gcc/arm-none-eabi/7.3.1/../../../../arm-none-eabi/lib/thumb/v7-m\libc.a(lib_a-init.o)
 .ARM.attributes
                0x000003bc       0x2d c:/ac6/systemworkbench/plugins/fr.ac6.mcu.externaltools.arm-none.win32_1.17.0.201812190825/tools/compiler/bin/../lib/gcc/arm-none-eabi/7.3.1/../../../../arm-none-eabi/lib/thumb/v7-m\libc.a(lib_a-memset.o)
 .ARM.attributes
                0x000003e9       0x2d c:/ac6/systemworkbench/plugins/fr.ac6.mcu.externaltools.arm-none.win32_1.17.0.201812190825/tools/compiler/bin/../lib/gcc/arm-none-eabi/7.3.1/../../../../arm-none-eabi/lib/thumb/v7-m\libc.a(lib_a-printf.o)
 .ARM.attributes
                0x00000416       0x2d c:/ac6/systemworkbench/plugins/fr.ac6.mcu.externaltools.arm-none.win32_1.17.0.201812190825/tools/compiler/bin/../lib/gcc/arm-none-eabi/7.3.1/../../../../arm-none-eabi/lib/thumb/v7-m\libc.a(lib_a-putchar.o)
 .ARM.attributes
                0x00000443       0x2d c:/ac6/systemworkbench/plugins/fr.ac6.mcu.externaltools.arm-none.win32_1.17.0.201812190825/tools/compiler/bin/../lib/gcc/arm-none-eabi/7.3.1/../../../../arm-none-eabi/lib/thumb/v7-m\libc.a(lib_a-vfprintf.o)
 .ARM.attributes
                0x00000470       0x2d c:/ac6/systemworkbench/plugins/fr.ac6.mcu.externaltools.arm-none.win32_1.17.0.201812190825/tools/compiler/bin/../lib/gcc/arm-none-eabi/7.3.1/../../../../arm-none-eabi/lib/thumb/v7-m\libc.a(lib_a-wsetup.o)
 .ARM.attributes
                0x0000049d       0x2d c:/ac6/systemworkbench/plugins/fr.ac6.mcu.externaltools.arm-none.win32_1.17.0.201812190825/tools/compiler/bin/../lib/gcc/arm-none-eabi/7.3.1/../../../../arm-none-eabi/lib/thumb/v7-m\libc.a(lib_a-__call_atexit.o)
 .ARM.attributes
                0x000004ca       0x2d c:/ac6/systemworkbench/plugins/fr.ac6.mcu.externaltools.arm-none.win32_1.17.0.201812190825/tools/compiler/bin/../lib/gcc/arm-none-eabi/7.3.1/../../../../arm-none-eabi/lib/thumb/v7-m\libc.a(lib_a-atexit.o)
 .ARM.attributes
                0x000004f7       0x2d c:/ac6/systemworkbench/plugins/fr.ac6.mcu.externaltools.arm-none.win32_1.17.0.201812190825/tools/compiler/bin/../lib/gcc/arm-none-eabi/7.3.1/../../../../arm-none-eabi/lib/thumb/v7-m\libc.a(lib_a-dtoa.o)
 .ARM.attributes
                0x00000524       0x2d c:/ac6/systemworkbench/plugins/fr.ac6.mcu.externaltools.arm-none.win32_1.17.0.201812190825/tools/compiler/bin/../lib/gcc/arm-none-eabi/7.3.1/../../../../arm-none-eabi/lib/thumb/v7-m\libc.a(lib_a-fflush.o)
 .ARM.attributes
                0x00000551       0x2d c:/ac6/systemworkbench/plugins/fr.ac6.mcu.externaltools.arm-none.win32_1.17.0.201812190825/tools/compiler/bin/../lib/gcc/arm-none-eabi/7.3.1/../../../../arm-none-eabi/lib/thumb/v7-m\libc.a(lib_a-findfp.o)
 .ARM.attributes
                0x0000057e       0x2d c:/ac6/systemworkbench/plugins/fr.ac6.mcu.externaltools.arm-none.win32_1.17.0.201812190825/tools/compiler/bin/../lib/gcc/arm-none-eabi/7.3.1/../../../../arm-none-eabi/lib/thumb/v7-m\libc.a(lib_a-fini.o)
 .ARM.attributes
                0x000005ab       0x2d c:/ac6/systemworkbench/plugins/fr.ac6.mcu.externaltools.arm-none.win32_1.17.0.201812190825/tools/compiler/bin/../lib/gcc/arm-none-eabi/7.3.1/../../../../arm-none-eabi/lib/thumb/v7-m\libc.a(lib_a-freer.o)
 .ARM.attributes
                0x000005d8       0x2d c:/ac6/systemworkbench/plugins/fr.ac6.mcu.externaltools.arm-none.win32_1.17.0.201812190825/tools/compiler/bin/../lib/gcc/arm-none-eabi/7.3.1/../../../../arm-none-eabi/lib/thumb/v7-m\libc.a(lib_a-fwalk.o)
 .ARM.attributes
                0x00000605       0x2d c:/ac6/systemworkbench/plugins/fr.ac6.mcu.externaltools.arm-none.win32_1.17.0.201812190825/tools/compiler/bin/../lib/gcc/arm-none-eabi/7.3.1/../../../../arm-none-eabi/lib/thumb/v7-m\libc.a(lib_a-localeconv.o)
 .ARM.attributes
                0x00000632       0x2d c:/ac6/systemworkbench/plugins/fr.ac6.mcu.externaltools.arm-none.win32_1.17.0.201812190825/tools/compiler/bin/../lib/gcc/arm-none-eabi/7.3.1/../../../../arm-none-eabi/lib/thumb/v7-m\libc.a(lib_a-lock.o)
 .ARM.attributes
                0x0000065f       0x2d c:/ac6/systemworkbench/plugins/fr.ac6.mcu.externaltools.arm-none.win32_1.17.0.201812190825/tools/compiler/bin/../lib/gcc/arm-none-eabi/7.3.1/../../../../arm-none-eabi/lib/thumb/v7-m\libc.a(lib_a-makebuf.o)
 .ARM.attributes
                0x0000068c       0x2d c:/ac6/systemworkbench/plugins/fr.ac6.mcu.externaltools.arm-none.win32_1.17.0.201812190825/tools/compiler/bin/../lib/gcc/arm-none-eabi/7.3.1/../../../../arm-none-eabi/lib/thumb/v7-m\libc.a(lib_a-mallocr.o)
 .ARM.attributes
                0x000006b9       0x2d c:/ac6/systemworkbench/plugins/fr.ac6.mcu.externaltools.arm-none.win32_1.17.0.201812190825/tools/compiler/bin/../lib/gcc/arm-none-eabi/7.3.1/../../../../arm-none-eabi/lib/thumb/v7-m\libc.a(lib_a-memchr-stub.o)
 .ARM.attributes
                0x000006e6       0x1b c:/ac6/systemworkbench/plugins/fr.ac6.mcu.externaltools.arm-none.win32_1.17.0.201812190825/tools/compiler/bin/../lib/gcc/arm-none-eabi/7.3.1/../../../../arm-none-eabi/lib/thumb/v7-m\libc.a(lib_a-memcpy.o)
 .ARM.attributes
                0x00000701       0x2d c:/ac6/systemworkbench/plugins/fr.ac6.mcu.externaltools.arm-none.win32_1.17.0.201812190825/tools/compiler/bin/../lib/gcc/arm-none-eabi/7.3.1/../../../../arm-none-eabi/lib/thumb/v7-m\libc.a(lib_a-mlock.o)
 .ARM.attributes
                0x0000072e       0x2d c:/ac6/systemworkbench/plugins/fr.ac6.mcu.externaltools.arm-none.win32_1.17.0.201812190825/tools/compiler/bin/../lib/gcc/arm-none-eabi/7.3.1/../../../../arm-none-eabi/lib/thumb/v7-m\libc.a(lib_a-mprec.o)
 .ARM.attributes
                0x0000075b       0x2d c:/ac6/systemworkbench/plugins/fr.ac6.mcu.externaltools.arm-none.win32_1.17.0.201812190825/tools/compiler/bin/../lib/gcc/arm-none-eabi/7.3.1/../../../../arm-none-eabi/lib/thumb/v7-m\libc.a(lib_a-putc.o)
 .ARM.attributes
                0x00000788       0x2d c:/ac6/systemworkbench/plugins/fr.ac6.mcu.externaltools.arm-none.win32_1.17.0.201812190825/tools/compiler/bin/../lib/gcc/arm-none-eabi/7.3.1/../../../../arm-none-eabi/lib/thumb/v7-m\libc.a(lib_a-s_frexp.o)
 .ARM.attributes
                0x000007b5       0x2d c:/ac6/systemworkbench/plugins/fr.ac6.mcu.externaltools.arm-none.win32_1.17.0.201812190825/tools/compiler/bin/../lib/gcc/arm-none-eabi/7.3.1/../../../../arm-none-eabi/lib/thumb/v7-m\libc.a(lib_a-sbrkr.o)
 .ARM.attributes
                0x000007e2       0x2d c:/ac6/systemworkbench/plugins/fr.ac6.mcu.externaltools.arm-none.win32_1.17.0.201812190825/tools/compiler/bin/../lib/gcc/arm-none-eabi/7.3.1/../../../../arm-none-eabi/lib/thumb/v7-m\libc.a(lib_a-stdio.o)
 .ARM.attributes
                0x0000080f       0x2d c:/ac6/systemworkbench/plugins/fr.ac6.mcu.externaltools.arm-none.win32_1.17.0.201812190825/tools/compiler/bin/../lib/gcc/arm-none-eabi/7.3.1/../../../../arm-none-eabi/lib/thumb/v7-m\libc.a(lib_a-strlen-stub.o)
 .ARM.attributes
                0x0000083c       0x2d c:/ac6/systemworkbench/plugins/fr.ac6.mcu.externaltools.arm-none.win32_1.17.0.201812190825/tools/compiler/bin/../lib/gcc/arm-none-eabi/7.3.1/../../../../arm-none-eabi/lib/thumb/v7-m\libc.a(lib_a-strncpy.o)
 .ARM.attributes
                0x00000869       0x2d c:/ac6/systemworkbench/plugins/fr.ac6.mcu.externaltools.arm-none.win32_1.17.0.201812190825/tools/compiler/bin/../lib/gcc/arm-none-eabi/7.3.1/../../../../arm-none-eabi/lib/thumb/v7-m\libc.a(lib_a-vfiprintf.o)
 .ARM.attributes
                0x00000896       0x2d c:/ac6/systemworkbench/plugins/fr.ac6.mcu.externaltools.arm-none.win32_1.17.0.201812190825/tools/compiler/bin/../lib/gcc/arm-none-eabi/7.3.1/../../../../arm-none-eabi/lib/thumb/v7-m\libc.a(lib_a-wbuf.o)
 .ARM.attributes
                0x000008c3       0x2d c:/ac6/systemworkbench/plugins/fr.ac6.mcu.externaltools.arm-none.win32_1.17.0.201812190825/tools/compiler/bin/../lib/gcc/arm-none-eabi/7.3.1/../../../../arm-none-eabi/lib/thumb/v7-m\libc.a(lib_a-writer.o)
 .ARM.attributes
                0x000008f0       0x2d c:/ac6/systemworkbench/plugins/fr.ac6.mcu.externaltools.arm-none.win32_1.17.0.201812190825/tools/compiler/bin/../lib/gcc/arm-none-eabi/7.3.1/../../../../arm-none-eabi/lib/thumb/v7-m\libc.a(lib_a-__atexit.o)
 .ARM.attributes
                0x0000091d       0x2d c:/ac6/systemworkbench/plugins/fr.ac6.mcu.externaltools.arm-none.win32_1.17.0.201812190825/tools/compiler/bin/../lib/gcc/arm-none-eabi/7.3.1/../../../../arm-none-eabi/lib/thumb/v7-m\libc.a(lib_a-callocr.o)
 .ARM.attributes
                0x0000094a       0x2d c:/ac6/systemworkbench/plugins/fr.ac6.mcu.externaltools.arm-none.win32_1.17.0.201812190825/tools/compiler/bin/../lib/gcc/arm-none-eabi/7.3.1/../../../../arm-none-eabi/lib/thumb/v7-m\libc.a(lib_a-closer.o)
 .ARM.attributes
                0x00000977       0x2d c:/ac6/systemworkbench/plugins/fr.ac6.mcu.externaltools.arm-none.win32_1.17.0.201812190825/tools/compiler/bin/../lib/gcc/arm-none-eabi/7.3.1/../../../../arm-none-eabi/lib/thumb/v7-m\libc.a(lib_a-fclose.o)
 .ARM.attributes
                0x000009a4       0x2d c:/ac6/systemworkbench/plugins/fr.ac6.mcu.externaltools.arm-none.win32_1.17.0.201812190825/tools/compiler/bin/../lib/gcc/arm-none-eabi/7.3.1/../../../../arm-none-eabi/lib/thumb/v7-m\libc.a(lib_a-fputwc.o)
 .ARM.attributes
                0x000009d1       0x2d c:/ac6/systemworkbench/plugins/fr.ac6.mcu.externaltools.arm-none.win32_1.17.0.201812190825/tools/compiler/bin/../lib/gcc/arm-none-eabi/7.3.1/../../../../arm-none-eabi/lib/thumb/v7-m\libc.a(lib_a-fstatr.o)
 .ARM.attributes
                0x000009fe       0x2d c:/ac6/systemworkbench/plugins/fr.ac6.mcu.externaltools.arm-none.win32_1.17.0.201812190825/tools/compiler/bin/../lib/gcc/arm-none-eabi/7.3.1/../../../../arm-none-eabi/lib/thumb/v7-m\libc.a(lib_a-fvwrite.o)
 .ARM.attributes
                0x00000a2b       0x2d c:/ac6/systemworkbench/plugins/fr.ac6.mcu.externaltools.arm-none.win32_1.17.0.201812190825/tools/compiler/bin/../lib/gcc/arm-none-eabi/7.3.1/../../../../arm-none-eabi/lib/thumb/v7-m\libc.a(lib_a-isattyr.o)
 .ARM.attributes
                0x00000a58       0x2d c:/ac6/systemworkbench/plugins/fr.ac6.mcu.externaltools.arm-none.win32_1.17.0.201812190825/tools/compiler/bin/../lib/gcc/arm-none-eabi/7.3.1/../../../../arm-none-eabi/lib/thumb/v7-m\libc.a(lib_a-locale.o)
 .ARM.attributes
                0x00000a85       0x2d c:/ac6/systemworkbench/plugins/fr.ac6.mcu.externaltools.arm-none.win32_1.17.0.201812190825/tools/compiler/bin/../lib/gcc/arm-none-eabi/7.3.1/../../../../arm-none-eabi/lib/thumb/v7-m\libc.a(lib_a-lseekr.o)
 .ARM.attributes
                0x00000ab2       0x2d c:/ac6/systemworkbench/plugins/fr.ac6.mcu.externaltools.arm-none.win32_1.17.0.201812190825/tools/compiler/bin/../lib/gcc/arm-none-eabi/7.3.1/../../../../arm-none-eabi/lib/thumb/v7-m\libc.a(lib_a-mbtowc_r.o)
 .ARM.attributes
                0x00000adf       0x2d c:/ac6/systemworkbench/plugins/fr.ac6.mcu.externaltools.arm-none.win32_1.17.0.201812190825/tools/compiler/bin/../lib/gcc/arm-none-eabi/7.3.1/../../../../arm-none-eabi/lib/thumb/v7-m\libc.a(lib_a-memmove.o)
 .ARM.attributes
                0x00000b0c       0x2d c:/ac6/systemworkbench/plugins/fr.ac6.mcu.externaltools.arm-none.win32_1.17.0.201812190825/tools/compiler/bin/../lib/gcc/arm-none-eabi/7.3.1/../../../../arm-none-eabi/lib/thumb/v7-m\libc.a(lib_a-readr.o)
 .ARM.attributes
                0x00000b39       0x2d c:/ac6/systemworkbench/plugins/fr.ac6.mcu.externaltools.arm-none.win32_1.17.0.201812190825/tools/compiler/bin/../lib/gcc/arm-none-eabi/7.3.1/../../../../arm-none-eabi/lib/thumb/v7-m\libc.a(lib_a-reallocr.o)
 .ARM.attributes
                0x00000b66       0x2d c:/ac6/systemworkbench/plugins/fr.ac6.mcu.externaltools.arm-none.win32_1.17.0.201812190825/tools/compiler/bin/../lib/gcc/arm-none-eabi/7.3.1/../../../../arm-none-eabi/lib/thumb/v7-m\libc.a(lib_a-reent.o)
 .ARM.attributes
                0x00000b93       0x2d c:/ac6/systemworkbench/plugins/fr.ac6.mcu.externaltools.arm-none.win32_1.17.0.201812190825/tools/compiler/bin/../lib/gcc/arm-none-eabi/7.3.1/../../../../arm-none-eabi/lib/thumb/v7-m\libc.a(lib_a-wcrtomb.o)
 .ARM.attributes
                0x00000bc0       0x2d c:/ac6/systemworkbench/plugins/fr.ac6.mcu.externaltools.arm-none.win32_1.17.0.201812190825/tools/compiler/bin/../lib/gcc/arm-none-eabi/7.3.1/../../../../arm-none-eabi/lib/thumb/v7-m\libc.a(lib_a-wctomb_r.o)
 .ARM.attributes
                0x00000bed       0x2d c:/ac6/systemworkbench/plugins/fr.ac6.mcu.externaltools.arm-none.win32_1.17.0.201812190825/tools/compiler/bin/../lib/gcc/arm-none-eabi/7.3.1/../../../../arm-none-eabi/lib/thumb/v7-m\libc.a(lib_a-ctype_.o)
 .ARM.attributes
                0x00000c1a       0x1d c:/ac6/systemworkbench/plugins/fr.ac6.mcu.externaltools.arm-none.win32_1.17.0.201812190825/tools/compiler/bin/../lib/gcc/arm-none-eabi/7.3.1/thumb/v7-m\libgcc.a(_arm_addsubdf3.o)
 .ARM.attributes
                0x00000c37       0x1d c:/ac6/systemworkbench/plugins/fr.ac6.mcu.externaltools.arm-none.win32_1.17.0.201812190825/tools/compiler/bin/../lib/gcc/arm-none-eabi/7.3.1/thumb/v7-m\libgcc.a(_arm_muldivdf3.o)
 .ARM.attributes
                0x00000c54       0x1d c:/ac6/systemworkbench/plugins/fr.ac6.mcu.externaltools.arm-none.win32_1.17.0.201812190825/tools/compiler/bin/../lib/gcc/arm-none-eabi/7.3.1/thumb/v7-m\libgcc.a(_arm_cmpdf2.o)
 .ARM.attributes
                0x00000c71       0x1d c:/ac6/systemworkbench/plugins/fr.ac6.mcu.externaltools.arm-none.win32_1.17.0.201812190825/tools/compiler/bin/../lib/gcc/arm-none-eabi/7.3.1/thumb/v7-m\libgcc.a(_arm_unorddf2.o)
 .ARM.attributes
                0x00000c8e       0x1d c:/ac6/systemworkbench/plugins/fr.ac6.mcu.externaltools.arm-none.win32_1.17.0.201812190825/tools/compiler/bin/../lib/gcc/arm-none-eabi/7.3.1/thumb/v7-m\libgcc.a(_arm_fixdfsi.o)
 .ARM.attributes
                0x00000cab       0x1d c:/ac6/systemworkbench/plugins/fr.ac6.mcu.externaltools.arm-none.win32_1.17.0.201812190825/tools/compiler/bin/../lib/gcc/arm-none-eabi/7.3.1/thumb/v7-m\libgcc.a(_aeabi_uldivmod.o)
 .ARM.attributes
                0x00000cc8       0x2d c:/ac6/systemworkbench/plugins/fr.ac6.mcu.externaltools.arm-none.win32_1.17.0.201812190825/tools/compiler/bin/../lib/gcc/arm-none-eabi/7.3.1/thumb/v7-m\libgcc.a(_udivmoddi4.o)
 .ARM.attributes
                0x00000cf5       0x1d c:/ac6/systemworkbench/plugins/fr.ac6.mcu.externaltools.arm-none.win32_1.17.0.201812190825/tools/compiler/bin/../lib/gcc/arm-none-eabi/7.3.1/thumb/v7-m\libgcc.a(_dvmd_tls.o)
 .ARM.attributes
                0x00000d12       0x1d c:/ac6/systemworkbench/plugins/fr.ac6.mcu.externaltools.arm-none.win32_1.17.0.201812190825/tools/compiler/bin/../lib/gcc/arm-none-eabi/7.3.1/thumb/v7-m/crtn.o
OUTPUT(NUCLEO_F103RB_PROJECT.elf elf32-littlearm)

.debug_info     0x00000000     0xe067
 .debug_info    0x00000000      0xf0a HAL_Driver/Src/stm32f1xx_hal.o
 .debug_info    0x00000f0a     0x1472 HAL_Driver/Src/stm32f1xx_hal_adc.o
 .debug_info    0x0000237c     0x120c HAL_Driver/Src/stm32f1xx_hal_adc_ex.o
 .debug_info    0x00003588     0x1358 HAL_Driver/Src/stm32f1xx_hal_cortex.o
 .debug_info    0x000048e0      0xfc6 HAL_Driver/Src/stm32f1xx_hal_dma.o
 .debug_info    0x000058a6      0xebd HAL_Driver/Src/stm32f1xx_hal_gpio.o
 .debug_info    0x00006763      0x9c7 HAL_Driver/Src/stm32f1xx_hal_msp_template.o
 .debug_info    0x0000712a     0x1039 HAL_Driver/Src/stm32f1xx_hal_rcc.o
 .debug_info    0x00008163      0xc5b HAL_Driver/Src/stm32f1xx_hal_rcc_ex.o
 .debug_info    0x00008dbe     0x19f0 HAL_Driver/Src/stm32f1xx_hal_uart.o
 .debug_info    0x0000a7ae     0x1355 src/main.o
 .debug_info    0x0000bb03      0x9bb src/stm32f1xx_it.o
 .debug_info    0x0000c4be      0xf2e src/syscalls.o
 .debug_info    0x0000d3ec      0xc59 src/system_stm32f1xx.o
 .debug_info    0x0000e045       0x22 startup/startup_stm32f103xb.o

.debug_abbrev   0x00000000     0x2403
 .debug_abbrev  0x00000000      0x2f5 HAL_Driver/Src/stm32f1xx_hal.o
 .debug_abbrev  0x000002f5      0x26f HAL_Driver/Src/stm32f1xx_hal_adc.o
 .debug_abbrev  0x00000564      0x28f HAL_Driver/Src/stm32f1xx_hal_adc_ex.o
 .debug_abbrev  0x000007f3      0x396 HAL_Driver/Src/stm32f1xx_hal_cortex.o
 .debug_abbrev  0x00000b89      0x2a7 HAL_Driver/Src/stm32f1xx_hal_dma.o
 .debug_abbrev  0x00000e30      0x289 HAL_Driver/Src/stm32f1xx_hal_gpio.o
 .debug_abbrev  0x000010b9      0x1cb HAL_Driver/Src/stm32f1xx_hal_msp_template.o
 .debug_abbrev  0x00001284      0x323 HAL_Driver/Src/stm32f1xx_hal_rcc.o
 .debug_abbrev  0x000015a7      0x260 HAL_Driver/Src/stm32f1xx_hal_rcc_ex.o
 .debug_abbrev  0x00001807      0x2eb HAL_Driver/Src/stm32f1xx_hal_uart.o
 .debug_abbrev  0x00001af2      0x262 src/main.o
 .debug_abbrev  0x00001d54      0x1cb src/stm32f1xx_it.o
 .debug_abbrev  0x00001f1f      0x2aa src/syscalls.o
 .debug_abbrev  0x000021c9      0x228 src/system_stm32f1xx.o
 .debug_abbrev  0x000023f1       0x12 startup/startup_stm32f103xb.o

.debug_aranges  0x00000000      0x838
 .debug_aranges
                0x00000000       0xd0 HAL_Driver/Src/stm32f1xx_hal.o
 .debug_aranges
                0x000000d0       0xf0 HAL_Driver/Src/stm32f1xx_hal_adc.o
 .debug_aranges
                0x000001c0       0x80 HAL_Driver/Src/stm32f1xx_hal_adc_ex.o
 .debug_aranges
                0x00000240      0x100 HAL_Driver/Src/stm32f1xx_hal_cortex.o
 .debug_aranges
                0x00000340       0x80 HAL_Driver/Src/stm32f1xx_hal_dma.o
 .debug_aranges
                0x000003c0       0x58 HAL_Driver/Src/stm32f1xx_hal_gpio.o
 .debug_aranges
                0x00000418       0x38 HAL_Driver/Src/stm32f1xx_hal_msp_template.o
 .debug_aranges
                0x00000450       0x90 HAL_Driver/Src/stm32f1xx_hal_rcc.o
 .debug_aranges
                0x000004e0       0x30 HAL_Driver/Src/stm32f1xx_hal_rcc_ex.o
 .debug_aranges
                0x00000510      0x1d0 HAL_Driver/Src/stm32f1xx_hal_uart.o
 .debug_aranges
                0x000006e0       0x30 src/main.o
 .debug_aranges
                0x00000710       0x28 src/stm32f1xx_it.o
 .debug_aranges
                0x00000738       0xb0 src/syscalls.o
 .debug_aranges
                0x000007e8       0x28 src/system_stm32f1xx.o
 .debug_aranges
                0x00000810       0x28 startup/startup_stm32f103xb.o

.debug_ranges   0x00000000      0x750
 .debug_ranges  0x00000000       0xc0 HAL_Driver/Src/stm32f1xx_hal.o
 .debug_ranges  0x000000c0       0xe0 HAL_Driver/Src/stm32f1xx_hal_adc.o
 .debug_ranges  0x000001a0       0x70 HAL_Driver/Src/stm32f1xx_hal_adc_ex.o
 .debug_ranges  0x00000210       0xf0 HAL_Driver/Src/stm32f1xx_hal_cortex.o
 .debug_ranges  0x00000300       0x70 HAL_Driver/Src/stm32f1xx_hal_dma.o
 .debug_ranges  0x00000370       0x48 HAL_Driver/Src/stm32f1xx_hal_gpio.o
 .debug_ranges  0x000003b8       0x28 HAL_Driver/Src/stm32f1xx_hal_msp_template.o
 .debug_ranges  0x000003e0       0x80 HAL_Driver/Src/stm32f1xx_hal_rcc.o
 .debug_ranges  0x00000460       0x20 HAL_Driver/Src/stm32f1xx_hal_rcc_ex.o
 .debug_ranges  0x00000480      0x1c0 HAL_Driver/Src/stm32f1xx_hal_uart.o
 .debug_ranges  0x00000640       0x20 src/main.o
 .debug_ranges  0x00000660       0x18 src/stm32f1xx_it.o
 .debug_ranges  0x00000678       0xa0 src/syscalls.o
 .debug_ranges  0x00000718       0x18 src/system_stm32f1xx.o
 .debug_ranges  0x00000730       0x20 startup/startup_stm32f103xb.o

.debug_macro    0x00000000    0x18e72
 .debug_macro   0x00000000      0x426 HAL_Driver/Src/stm32f1xx_hal.o
 .debug_macro   0x00000426      0xa72 HAL_Driver/Src/stm32f1xx_hal.o
 .debug_macro   0x00000e98      0x224 HAL_Driver/Src/stm32f1xx_hal.o
 .debug_macro   0x000010bc       0x28 HAL_Driver/Src/stm32f1xx_hal.o
 .debug_macro   0x000010e4       0x22 HAL_Driver/Src/stm32f1xx_hal.o
 .debug_macro   0x00001106       0x22 HAL_Driver/Src/stm32f1xx_hal.o
 .debug_macro   0x00001128       0x8e HAL_Driver/Src/stm32f1xx_hal.o
 .debug_macro   0x000011b6       0x51 HAL_Driver/Src/stm32f1xx_hal.o
 .debug_macro   0x00001207       0xef HAL_Driver/Src/stm32f1xx_hal.o
 .debug_macro   0x000012f6       0x6a HAL_Driver/Src/stm32f1xx_hal.o
 .debug_macro   0x00001360      0x1df HAL_Driver/Src/stm32f1xx_hal.o
 .debug_macro   0x0000153f       0x34 HAL_Driver/Src/stm32f1xx_hal.o
 .debug_macro   0x00001573       0x34 HAL_Driver/Src/stm32f1xx_hal.o
 .debug_macro   0x000015a7      0xb8e HAL_Driver/Src/stm32f1xx_hal.o
 .debug_macro   0x00002135     0xe911 HAL_Driver/Src/stm32f1xx_hal.o
 .debug_macro   0x00010a46       0x43 HAL_Driver/Src/stm32f1xx_hal.o
 .debug_macro   0x00010a89       0x5e HAL_Driver/Src/stm32f1xx_hal.o
 .debug_macro   0x00010ae7       0x18 HAL_Driver/Src/stm32f1xx_hal.o
 .debug_macro   0x00010aff       0x35 HAL_Driver/Src/stm32f1xx_hal.o
 .debug_macro   0x00010b34       0x34 HAL_Driver/Src/stm32f1xx_hal.o
 .debug_macro   0x00010b68       0x16 HAL_Driver/Src/stm32f1xx_hal.o
 .debug_macro   0x00010b7e       0x97 HAL_Driver/Src/stm32f1xx_hal.o
 .debug_macro   0x00010c15      0x330 HAL_Driver/Src/stm32f1xx_hal.o
 .debug_macro   0x00010f45       0xfd HAL_Driver/Src/stm32f1xx_hal.o
 .debug_macro   0x00011042       0x10 HAL_Driver/Src/stm32f1xx_hal.o
 .debug_macro   0x00011052       0x58 HAL_Driver/Src/stm32f1xx_hal.o
 .debug_macro   0x000110aa       0x1f HAL_Driver/Src/stm32f1xx_hal.o
 .debug_macro   0x000110c9       0x43 HAL_Driver/Src/stm32f1xx_hal.o
 .debug_macro   0x0001110c       0x20 HAL_Driver/Src/stm32f1xx_hal.o
 .debug_macro   0x0001112c      0x18e HAL_Driver/Src/stm32f1xx_hal.o
 .debug_macro   0x000112ba       0x10 HAL_Driver/Src/stm32f1xx_hal.o
 .debug_macro   0x000112ca       0x1c HAL_Driver/Src/stm32f1xx_hal.o
 .debug_macro   0x000112e6       0x52 HAL_Driver/Src/stm32f1xx_hal.o
 .debug_macro   0x00011338       0x40 HAL_Driver/Src/stm32f1xx_hal.o
 .debug_macro   0x00011378       0x10 HAL_Driver/Src/stm32f1xx_hal.o
 .debug_macro   0x00011388       0x40 HAL_Driver/Src/stm32f1xx_hal.o
 .debug_macro   0x000113c8       0xd7 HAL_Driver/Src/stm32f1xx_hal.o
 .debug_macro   0x0001149f       0x1c HAL_Driver/Src/stm32f1xx_hal.o
 .debug_macro   0x000114bb       0x3d HAL_Driver/Src/stm32f1xx_hal.o
 .debug_macro   0x000114f8       0x16 HAL_Driver/Src/stm32f1xx_hal.o
 .debug_macro   0x0001150e      0x16f HAL_Driver/Src/stm32f1xx_hal.o
 .debug_macro   0x0001167d       0x57 HAL_Driver/Src/stm32f1xx_hal.o
 .debug_macro   0x000116d4      0x5c2 HAL_Driver/Src/stm32f1xx_hal.o
 .debug_macro   0x00011c96      0x28a HAL_Driver/Src/stm32f1xx_hal.o
 .debug_macro   0x00011f20      0x1cb HAL_Driver/Src/stm32f1xx_hal.o
 .debug_macro   0x000120eb      0x11e HAL_Driver/Src/stm32f1xx_hal.o
 .debug_macro   0x00012209      0x1b3 HAL_Driver/Src/stm32f1xx_hal.o
 .debug_macro   0x000123bc       0x27 HAL_Driver/Src/stm32f1xx_hal.o
 .debug_macro   0x000123e3      0x1bc HAL_Driver/Src/stm32f1xx_hal.o
 .debug_macro   0x0001259f       0x34 HAL_Driver/Src/stm32f1xx_hal.o
 .debug_macro   0x000125d3       0x3c HAL_Driver/Src/stm32f1xx_hal.o
 .debug_macro   0x0001260f      0x408 HAL_Driver/Src/stm32f1xx_hal.o
 .debug_macro   0x00012a17       0x57 HAL_Driver/Src/stm32f1xx_hal.o
 .debug_macro   0x00012a6e      0x46a HAL_Driver/Src/stm32f1xx_hal.o
 .debug_macro   0x00012ed8      0x1b5 HAL_Driver/Src/stm32f1xx_hal.o
 .debug_macro   0x0001308d       0x22 HAL_Driver/Src/stm32f1xx_hal.o
 .debug_macro   0x000130af       0x8c HAL_Driver/Src/stm32f1xx_hal.o
 .debug_macro   0x0001313b      0x242 HAL_Driver/Src/stm32f1xx_hal.o
 .debug_macro   0x0001337d      0x264 HAL_Driver/Src/stm32f1xx_hal.o
 .debug_macro   0x000135e1       0x79 HAL_Driver/Src/stm32f1xx_hal.o
 .debug_macro   0x0001365a      0x143 HAL_Driver/Src/stm32f1xx_hal.o
 .debug_macro   0x0001379d      0x1ef HAL_Driver/Src/stm32f1xx_hal.o
 .debug_macro   0x0001398c       0xf2 HAL_Driver/Src/stm32f1xx_hal.o
 .debug_macro   0x00013a7e      0x1f4 HAL_Driver/Src/stm32f1xx_hal.o
 .debug_macro   0x00013c72      0x853 HAL_Driver/Src/stm32f1xx_hal.o
 .debug_macro   0x000144c5       0x1f HAL_Driver/Src/stm32f1xx_hal.o
 .debug_macro   0x000144e4      0x26b HAL_Driver/Src/stm32f1xx_hal.o
 .debug_macro   0x0001474f      0x217 HAL_Driver/Src/stm32f1xx_hal.o
 .debug_macro   0x00014966      0x1a7 HAL_Driver/Src/stm32f1xx_hal.o
 .debug_macro   0x00014b0d      0x2cd HAL_Driver/Src/stm32f1xx_hal.o
 .debug_macro   0x00014dda       0x89 HAL_Driver/Src/stm32f1xx_hal.o
 .debug_macro   0x00014e63       0x50 HAL_Driver/Src/stm32f1xx_hal.o
 .debug_macro   0x00014eb3      0x26c HAL_Driver/Src/stm32f1xx_hal.o
 .debug_macro   0x0001511f       0x83 HAL_Driver/Src/stm32f1xx_hal.o
 .debug_macro   0x000151a2      0x41f HAL_Driver/Src/stm32f1xx_hal_adc.o
 .debug_macro   0x000155c1      0x414 HAL_Driver/Src/stm32f1xx_hal_adc_ex.o
 .debug_macro   0x000159d5      0x402 HAL_Driver/Src/stm32f1xx_hal_cortex.o
 .debug_macro   0x00015dd7      0x402 HAL_Driver/Src/stm32f1xx_hal_dma.o
 .debug_macro   0x000161d9      0x472 HAL_Driver/Src/stm32f1xx_hal_gpio.o
 .debug_macro   0x0001664b      0x402 HAL_Driver/Src/stm32f1xx_hal_msp_template.o
 .debug_macro   0x00016a4d      0x414 HAL_Driver/Src/stm32f1xx_hal_rcc.o
 .debug_macro   0x00016e61      0x402 HAL_Driver/Src/stm32f1xx_hal_rcc_ex.o
 .debug_macro   0x00017263      0x403 HAL_Driver/Src/stm32f1xx_hal_uart.o
 .debug_macro   0x00017666      0x439 src/main.o
 .debug_macro   0x00017a9f       0x58 src/main.o
 .debug_macro   0x00017af7       0x94 src/main.o
 .debug_macro   0x00017b8b      0x174 src/main.o
 .debug_macro   0x00017cff       0x57 src/main.o
 .debug_macro   0x00017d56       0x10 src/main.o
 .debug_macro   0x00017d66       0x35 src/main.o
 .debug_macro   0x00017d9b       0x1c src/main.o
 .debug_macro   0x00017db7      0x40c src/stm32f1xx_it.o
 .debug_macro   0x000181c3      0x243 src/syscalls.o
 .debug_macro   0x00018406       0x10 src/syscalls.o
 .debug_macro   0x00018416       0x10 src/syscalls.o
 .debug_macro   0x00018426       0x10 src/syscalls.o
 .debug_macro   0x00018436       0x35 src/syscalls.o
 .debug_macro   0x0001846b      0x122 src/syscalls.o
 .debug_macro   0x0001858d       0x16 src/syscalls.o
 .debug_macro   0x000185a3       0x16 src/syscalls.o
 .debug_macro   0x000185b9       0x29 src/syscalls.o
 .debug_macro   0x000185e2       0x10 src/syscalls.o
 .debug_macro   0x000185f2      0x241 src/syscalls.o
 .debug_macro   0x00018833       0x10 src/syscalls.o
 .debug_macro   0x00018843      0x189 src/syscalls.o
 .debug_macro   0x000189cc       0x16 src/syscalls.o
 .debug_macro   0x000189e2       0x88 src/syscalls.o
 .debug_macro   0x00018a6a      0x408 src/system_stm32f1xx.o

.debug_line     0x00000000     0x9e52
 .debug_line    0x00000000      0xade HAL_Driver/Src/stm32f1xx_hal.o
 .debug_line    0x00000ade      0xe4f HAL_Driver/Src/stm32f1xx_hal_adc.o
 .debug_line    0x0000192d      0xc97 HAL_Driver/Src/stm32f1xx_hal_adc_ex.o
 .debug_line    0x000025c4      0xbcc HAL_Driver/Src/stm32f1xx_hal_cortex.o
 .debug_line    0x00003190      0xd64 HAL_Driver/Src/stm32f1xx_hal_dma.o
 .debug_line    0x00003ef4      0xb16 HAL_Driver/Src/stm32f1xx_hal_gpio.o
 .debug_line    0x00004a0a      0x970 HAL_Driver/Src/stm32f1xx_hal_msp_template.o
 .debug_line    0x0000537a      0xbc8 HAL_Driver/Src/stm32f1xx_hal_rcc.o
 .debug_line    0x00005f42      0x9de HAL_Driver/Src/stm32f1xx_hal_rcc_ex.o
 .debug_line    0x00006920     0x11ef HAL_Driver/Src/stm32f1xx_hal_uart.o
 .debug_line    0x00007b0f      0xa06 src/main.o
 .debug_line    0x00008515      0x97b src/stm32f1xx_it.o
 .debug_line    0x00008e90      0x5df src/syscalls.o
 .debug_line    0x0000946f      0x966 src/system_stm32f1xx.o
 .debug_line    0x00009dd5       0x7d startup/startup_stm32f103xb.o

.debug_str      0x00000000    0x841aa
 .debug_str     0x00000000    0x81086 HAL_Driver/Src/stm32f1xx_hal.o
                              0x81427 (size before relaxing)
 .debug_str     0x00081086      0x610 HAL_Driver/Src/stm32f1xx_hal_adc.o
                              0x81424 (size before relaxing)
 .debug_str     0x00081696      0x2e9 HAL_Driver/Src/stm32f1xx_hal_adc_ex.o
                              0x813d9 (size before relaxing)
 .debug_str     0x0008197f      0x314 HAL_Driver/Src/stm32f1xx_hal_cortex.o
                              0x8143b (size before relaxing)
 .debug_str     0x00081c93      0x22d HAL_Driver/Src/stm32f1xx_hal_dma.o
                              0x81193 (size before relaxing)
 .debug_str     0x00081ec0      0x399 HAL_Driver/Src/stm32f1xx_hal_gpio.o
                              0x81182 (size before relaxing)
 .debug_str     0x00082259       0x51 HAL_Driver/Src/stm32f1xx_hal_msp_template.o
                              0x80d9e (size before relaxing)
 .debug_str     0x000822aa      0x356 HAL_Driver/Src/stm32f1xx_hal_rcc.o
                              0x811b0 (size before relaxing)
 .debug_str     0x00082600      0x119 HAL_Driver/Src/stm32f1xx_hal_rcc_ex.o
                              0x80f42 (size before relaxing)
 .debug_str     0x00082719      0x6ca HAL_Driver/Src/stm32f1xx_hal_uart.o
                              0x8168a (size before relaxing)
 .debug_str     0x00082de3       0xf5 src/main.o
                              0x813b6 (size before relaxing)
 .debug_str     0x00082ed8       0x4d src/stm32f1xx_it.o
                              0x80d94 (size before relaxing)
 .debug_str     0x00082f25     0x11f5 src/syscalls.o
                               0x8582 (size before relaxing)
 .debug_str     0x0008411a       0x61 src/system_stm32f1xx.o
                              0x80e37 (size before relaxing)
 .debug_str     0x0008417b       0x2f startup/startup_stm32f103xb.o
                                 0x64 (size before relaxing)

.comment        0x00000000       0x7f
 .comment       0x00000000       0x7f HAL_Driver/Src/stm32f1xx_hal.o
                                 0x80 (size before relaxing)
 .comment       0x0000007f       0x80 HAL_Driver/Src/stm32f1xx_hal_adc.o
 .comment       0x0000007f       0x80 HAL_Driver/Src/stm32f1xx_hal_adc_ex.o
 .comment       0x0000007f       0x80 HAL_Driver/Src/stm32f1xx_hal_cortex.o
 .comment       0x0000007f       0x80 HAL_Driver/Src/stm32f1xx_hal_dma.o
 .comment       0x0000007f       0x80 HAL_Driver/Src/stm32f1xx_hal_gpio.o
 .comment       0x0000007f       0x80 HAL_Driver/Src/stm32f1xx_hal_msp_template.o
 .comment       0x0000007f       0x80 HAL_Driver/Src/stm32f1xx_hal_rcc.o
 .comment       0x0000007f       0x80 HAL_Driver/Src/stm32f1xx_hal_rcc_ex.o
 .comment       0x0000007f       0x80 HAL_Driver/Src/stm32f1xx_hal_uart.o
 .comment       0x0000007f       0x80 src/main.o
 .comment       0x0000007f       0x80 src/stm32f1xx_it.o
 .comment       0x0000007f       0x80 src/syscalls.o
 .comment       0x0000007f       0x80 src/system_stm32f1xx.o

.debug_frame    0x00000000     0x33f0
 .debug_frame   0x00000000      0x2fc HAL_Driver/Src/stm32f1xx_hal.o
 .debug_frame   0x000002fc      0x40c HAL_Driver/Src/stm32f1xx_hal_adc.o
 .debug_frame   0x00000708      0x204 HAL_Driver/Src/stm32f1xx_hal_adc_ex.o
 .debug_frame   0x0000090c      0x428 HAL_Driver/Src/stm32f1xx_hal_cortex.o
 .debug_frame   0x00000d34      0x208 HAL_Driver/Src/stm32f1xx_hal_dma.o
 .debug_frame   0x00000f3c      0x14c HAL_Driver/Src/stm32f1xx_hal_gpio.o
 .debug_frame   0x00001088       0x90 HAL_Driver/Src/stm32f1xx_hal_msp_template.o
 .debug_frame   0x00001118      0x21c HAL_Driver/Src/stm32f1xx_hal_rcc.o
 .debug_frame   0x00001334       0x84 HAL_Driver/Src/stm32f1xx_hal_rcc_ex.o
 .debug_frame   0x000013b8      0x83c HAL_Driver/Src/stm32f1xx_hal_uart.o
 .debug_frame   0x00001bf4       0x78 src/main.o