Archive member included to satisfy reference by file (symbol)

c:/ac6/systemworkbench/plugins/fr.ac6.mcu.externaltools.arm-none.win32_1.17.0.201812190825/tools/compiler/bin/../lib/gcc/arm-none-eabi/7.3.1/thumb/v7-m\libgcc.a(_arm_addsubdf3.o)
                              src/main.o (__aeabi_f2d)
c:/ac6/systemworkbench/plugins/fr.ac6.mcu.externaltools.arm-none.win32_1.17.0.201812190825/tools/compiler/bin/../lib/gcc/arm-none-eabi/7.3.1/thumb/v7-m\libgcc.a(_arm_addsubsf3.o)
                              src/main.o (__aeabi_ui2f)
c:/ac6/systemworkbench/plugins/fr.ac6.mcu.externaltools.arm-none.win32_1.17.0.201812190825/tools/compiler/bin/../lib/gcc/arm-none-eabi/7.3.1/thumb/v7-m\libgcc.a(_arm_muldivsf3.o)
                              src/main.o (__aeabi_fmul)
c:/ac6/systemworkbench/plugins/fr.ac6.mcu.externaltools.arm-none.win32_1.17.0.201812190825/tools/compiler/bin/../lib/gcc/arm-none-eabi/7.3.1/../../../../arm-none-eabi/lib/thumb/v7-m\libc.a(lib_a-errno.o)
                              src/syscalls.o (__errno)
c:/ac6/systemworkbench/plugins/fr.ac6.mcu.externaltools.arm-none.win32_1.17.0.201812190825/tools/compiler/bin/../lib/gcc/arm-none-eabi/7.3.1/../../../../arm-none-eabi/lib/thumb/v7-m\libc.a(lib_a-exit.o)
                              c:/ac6/systemworkbench/plugins/fr.ac6.mcu.externaltools.arm-none.win32_1.17.0.201812190825/tools/compiler/bin/../lib/gcc/arm-none-eabi/7.3.1/../../../../arm-none-eabi/lib/thumb/v7-m/crt0.o (exit)
c:/ac6/systemworkbench/plugins/fr.ac6.mcu.externaltools.arm-none.win32_1.17.0.201812190825/tools/compiler/bin/../lib/gcc/arm-none-eabi/7.3.1/../../../../arm-none-eabi/lib/thumb/v7-m\libc.a(lib_a-impure.o)
                              c:/ac6/systemworkbench/plugins/fr.ac6.mcu.externaltools.arm-none.win32_1.17.0.201812190825/tools/compiler/bin/../lib/gcc/arm-none-eabi/7.3.1/../../../../arm-none-eabi/lib/thumb/v7-m\libc.a(lib_a-exit.o) (_global_impure_ptr)
c:/ac6/systemworkbench/plugins/fr.ac6.mcu.externaltools.arm-none.win32_1.17.0.201812190825/tools/compiler/bin/../lib/gcc/arm-none-eabi/7.3.1/../../../../arm-none-eabi/lib/thumb/v7-m\libc.a(lib_a-init.o)
                              c:/ac6/systemworkbench/plugins/fr.ac6.mcu.externaltools.arm-none.win32_1.17.0.201812190825/tools/compiler/bin/../lib/gcc/arm-none-eabi/7.3.1/../../../../arm-none-eabi/lib/thumb/v7-m/crt0.o (__libc_init_array)
c:/ac6/systemworkbench/plugins/fr.ac6.mcu.externaltools.arm-none.win32_1.17.0.201812190825/tools/compiler/bin/../lib/gcc/arm-none-eabi/7.3.1/../../../../arm-none-eabi/lib/thumb/v7-m\libc.a(lib_a-memset.o)
                              c:/ac6/systemworkbench/plugins/fr.ac6.mcu.externaltools.arm-none.win32_1.17.0.201812190825/tools/compiler/bin/../lib/gcc/arm-none-eabi/7.3.1/../../../../arm-none-eabi/lib/thumb/v7-m/crt0.o (memset)
c:/ac6/systemworkbench/plugins/fr.ac6.mcu.externaltools.arm-none.win32_1.17.0.201812190825/tools/compiler/bin/../lib/gcc/arm-none-eabi/7.3.1/../../../../arm-none-eabi/lib/thumb/v7-m\libc.a(lib_a-printf.o)
                              src/main.o (printf)
c:/ac6/systemworkbench/plugins/fr.ac6.mcu.externaltools.arm-none.win32_1.17.0.201812190825/tools/compiler/bin/../lib/gcc/arm-none-eabi/7.3.1/../../../../arm-none-eabi/lib/thumb/v7-m\libc.a(lib_a-vfprintf.o)
                              c:/ac6/systemworkbench/plugins/fr.ac6.mcu.externaltools.arm-none.win32_1.17.0.201812190825/tools/compiler/bin/../lib/gcc/arm-none-eabi/7.3.1/../../../../arm-none-eabi/lib/thumb/v7-m\libc.a(lib_a-printf.o) (_vfprintf_r)
c:/ac6/systemworkbench/plugins/fr.ac6.mcu.externaltools.arm-none.win32_1.17.0.201812190825/tools/compiler/bin/../lib/gcc/arm-none-eabi/7.3.1/../../../../arm-none-eabi/lib/thumb/v7-m\libc.a(lib_a-wsetup.o)
                              c:/ac6/systemworkbench/plugins/fr.ac6.mcu.externaltools.arm-none.win32_1.17.0.201812190825/tools/compiler/bin/../lib/gcc/arm-none-eabi/7.3.1/../../../../arm-none-eabi/lib/thumb/v7-m\libc.a(lib_a-vfprintf.o) (__swsetup_r)
c:/ac6/systemworkbench/plugins/fr.ac6.mcu.externaltools.arm-none.win32_1.17.0.201812190825/tools/compiler/bin/../lib/gcc/arm-none-eabi/7.3.1/../../../../arm-none-eabi/lib/thumb/v7-m\libc.a(lib_a-__call_atexit.o)
                              c:/ac6/systemworkbench/plugins/fr.ac6.mcu.externaltools.arm-none.win32_1.17.0.201812190825/tools/compiler/bin/../lib/gcc/arm-none-eabi/7.3.1/../../../../arm-none-eabi/lib/thumb/v7-m\libc.a(lib_a-exit.o) (__call_exitprocs)
c:/ac6/systemworkbench/plugins/fr.ac6.mcu.externaltools.arm-none.win32_1.17.0.201812190825/tools/compiler/bin/../lib/gcc/arm-none-eabi/7.3.1/../../../../arm-none-eabi/lib/thumb/v7-m\libc.a(lib_a-atexit.o)
                              c:/ac6/systemworkbench/plugins/fr.ac6.mcu.externaltools.arm-none.win32_1.17.0.201812190825/tools/compiler/bin/../lib/gcc/arm-none-eabi/7.3.1/../../../../arm-none-eabi/lib/thumb/v7-m\libc.a(lib_a-__call_atexit.o) (atexit)
[...]
Memory Configuration

Name             Origin             Length             Attributes
FLASH            0x08000000         0x00020000         xr
RAM              0x20000000         0x00005000         xrw
*default*        0x00000000         0xffffffff

Linker script and memory map

LOAD c:/ac6/systemworkbench/plugins/fr.ac6.mcu.externaltools.arm-none.win32_1.17.0.201812190825/tools/compiler/bin/../lib/gcc/arm-none-eabi/7.3.1/thumb/v7-m/crti.o
LOAD c:/ac6/systemworkbench/plugins/fr.ac6.mcu.externaltools.arm-none.win32_1.17.0.201812190825/tools/compiler/bin/../lib/gcc/arm-none-eabi/7.3.1/thumb/v7-m/crtbegin.o
LOAD c:/ac6/systemworkbench/plugins/fr.ac6.mcu.externaltools.arm-none.win32_1.17.0.201812190825/tools/compiler/bin/../lib/gcc/arm-none-eabi/7.3.1/../../../../arm-none-eabi/lib/thumb/v7-m/crt0.o
LOAD HAL_Driver/Src/stm32f1xx_hal.o
LOAD HAL_Driver/Src/stm32f1xx_hal_adc.o
LOAD HAL_Driver/Src/stm32f1xx_hal_adc_ex.o
LOAD HAL_Driver/Src/stm32f1xx_hal_cec.o
LOAD HAL_Driver/Src/stm32f1xx_hal_cortex.o
LOAD HAL_Driver/Src/stm32f1xx_hal_crc.o
LOAD HAL_Driver/Src/stm32f1xx_hal_dac.o
LOAD HAL_Driver/Src/stm32f1xx_hal_dac_ex.o
LOAD HAL_Driver/Src/stm32f1xx_hal_dma.o
LOAD HAL_Driver/Src/stm32f1xx_hal_eth.o
LOAD HAL_Driver/Src/stm32f1xx_hal_flash.o
LOAD HAL_Driver/Src/stm32f1xx_hal_flash_ex.o
LOAD HAL_Driver/Src/stm32f1xx_hal_gpio.o
LOAD HAL_Driver/Src/stm32f1xx_hal_gpio_ex.o
LOAD HAL_Driver/Src/stm32f1xx_hal_hcd.o
LOAD HAL_Driver/Src/stm32f1xx_hal_i2c.o
LOAD HAL_Driver/Src/stm32f1xx_hal_i2s.o
LOAD HAL_Driver/Src/stm32f1xx_hal_irda.o
LOAD HAL_Driver/Src/stm32f1xx_hal_iwdg.o
LOAD HAL_Driver/Src/stm32f1xx_hal_mmc.o
LOAD HAL_Driver/Src/stm32f1xx_hal_msp_template.o
LOAD HAL_Driver/Src/stm32f1xx_hal_nand.o
LOAD HAL_Driver/Src/stm32f1xx_hal_nor.o
LOAD HAL_Driver/Src/stm32f1xx_hal_pccard.o
LOAD HAL_Driver/Src/stm32f1xx_hal_pcd.o
LOAD HAL_Driver/Src/stm32f1xx_hal_pcd_ex.o
LOAD HAL_Driver/Src/stm32f1xx_hal_pwr.o
LOAD HAL_Driver/Src/stm32f1xx_hal_rcc.o
LOAD HAL_Driver/Src/stm32f1xx_hal_rcc_ex.o
LOAD HAL_Driver/Src/stm32f1xx_hal_rtc.o
LOAD HAL_Driver/Src/stm32f1xx_hal_rtc_ex.o
LOAD HAL_Driver/Src/stm32f1xx_hal_sd.o
LOAD HAL_Driver/Src/stm32f1xx_hal_smartcard.o
LOAD HAL_Driver/Src/stm32f1xx_hal_spi.o
LOAD HAL_Driver/Src/stm32f1xx_hal_spi_ex.o
LOAD HAL_Driver/Src/stm32f1xx_hal_sram.o
LOAD HAL_Driver/Src/stm32f1xx_hal_tim.o
LOAD HAL_Driver/Src/stm32f1xx_hal_tim_ex.o
LOAD HAL_Driver/Src/stm32f1xx_hal_uart.o
LOAD HAL_Driver/Src/stm32f1xx_hal_usart.o
LOAD HAL_Driver/Src/stm32f1xx_hal_wwdg.o
LOAD HAL_Driver/Src/stm32f1xx_ll_adc.o
LOAD HAL_Driver/Src/stm32f1xx_ll_crc.o
LOAD HAL_Driver/Src/stm32f1xx_ll_dac.o
LOAD HAL_Driver/Src/stm32f1xx_ll_dma.o
LOAD HAL_Driver/Src/stm32f1xx_ll_exti.o
LOAD HAL_Driver/Src/stm32f1xx_ll_fsmc.o
LOAD HAL_Driver/Src/stm32f1xx_ll_gpio.o
LOAD HAL_Driver/Src/stm32f1xx_ll_i2c.o
LOAD HAL_Driver/Src/stm32f1xx_ll_pwr.o
LOAD HAL_Driver/Src/stm32f1xx_ll_rcc.o
LOAD HAL_Driver/Src/stm32f1xx_ll_rtc.o
LOAD HAL_Driver/Src/stm32f1xx_ll_sdmmc.o
LOAD HAL_Driver/Src/stm32f1xx_ll_spi.o
LOAD HAL_Driver/Src/stm32f1xx_ll_tim.o
LOAD HAL_Driver/Src/stm32f1xx_ll_usart.o
LOAD HAL_Driver/Src/stm32f1xx_ll_usb.o
LOAD HAL_Driver/Src/stm32f1xx_ll_utils.o
LOAD src/main.o
LOAD src/stm32f1xx_it.o
LOAD src/syscalls.o
LOAD src/system_stm32f1xx.o
LOAD startup/startup_stm32f103xb.o
LOAD c:/ac6/systemworkbench/plugins/fr.ac6.mcu.externaltools.arm-none.win32_1.17.0.201812190825/tools/compiler/bin/../lib/gcc/arm-none-eabi/7.3.1/../../../../arm-none-eabi/lib/thumb/v7-m\libm.a
START GROUP
LOAD c:/ac6/systemworkbench/plugins/fr.ac6.mcu.externaltools.arm-none.win32_1.17.0.201812190825/tools/compiler/bin/../lib/gcc/arm-none-eabi/7.3.1/thumb/v7-m\libgcc.a
LOAD c:/ac6/systemworkbench/plugins/fr.ac6.mcu.externaltools.arm-none.win32_1.17.0.201812190825/tools/compiler/bin/../lib/gcc/arm-none-eabi/7.3.1/../../../../arm-none-eabi/lib/thumb/v7-m\libc.a
END GROUP
LOAD c:/ac6/systemworkbench/plugins/fr.ac6.mcu.externaltools.arm-none.win32_1.17.0.201812190825/tools/compiler/bin/../lib/gcc/arm-none-eabi/7.3.1/thumb/v7-m/crtend.o
LOAD c:/ac6/systemworkbench/plugins/fr.ac6.mcu.externaltools.arm-none.win32_1.17.0.201812190825/tools/compiler/bin/../lib/gcc/arm-none-eabi/7.3.1/thumb/v7-m/crtn.o
                0x20005000                _estack = 0x20005000
                0x00000200                _Min_Heap_Size = 0x200
                0x00000400                _Min_Stack_Size = 0x400

.isr_vector     0x08000000      0x10c
                0x08000000                . = ALIGN (0x4)
 *(.isr_vector)
 .isr_vector    0x08000000      0x10c startup/startup_stm32f103xb.o
                0x08000000                g_pfnVectors
                0x0800010c                . = ALIGN (0x4)

.text           0x08000110     0x7c80
                0x08000110                . = ALIGN (0x4)
 *(.text)
 .text          0x08000110       0x40 c:/ac6/systemworkbench/plugins/fr.ac6.mcu.externaltools.arm-none.win32_1.17.0.201812190825/tools/compiler/bin/../lib/gcc/arm-none-eabi/7.3.1/thumb/v7-m/crtbegin.o
 .text          0x08000150      0x378 c:/ac6/systemworkbench/plugins/fr.ac6.mcu.externaltools.arm-none.win32_1.17.0.201812190825/tools/compiler/bin/../lib/gcc/arm-none-eabi/7.3.1/thumb/v7-m\libgcc.a(_arm_addsubdf3.o)
                0x08000150                __aeabi_drsub
                0x08000158                __aeabi_dsub
                0x08000158                __subdf3
                0x0800015c                __aeabi_dadd
                0x0800015c                __adddf3
                0x080003d4                __floatunsidf
                0x080003d4                __aeabi_ui2d
                0x080003f4                __floatsidf
                0x080003f4                __aeabi_i2d
                0x08000418                __aeabi_f2d
                0x08000418                __extendsfdf2
                0x0800045c                __floatundidf
                0x0800045c                __aeabi_ul2d
                0x0800046c                __floatdidf
                0x0800046c                __aeabi_l2d
 .text          0x080004c8      0x21c c:/ac6/systemworkbench/plugins/fr.ac6.mcu.externaltools.arm-none.win32_1.17.0.201812190825/tools/compiler/bin/../lib/gcc/arm-none-eabi/7.3.1/thumb/v7-m\libgcc.a(_arm_addsubsf3.o)
                0x080004c8                __aeabi_frsub
                0x080004d0                __subsf3
                0x080004d0                __aeabi_fsub
                0x080004d4                __aeabi_fadd
                0x080004d4                __addsf3
                0x08000634                __aeabi_ui2f
                0x08000634                __floatunsisf
                0x0800063c                __aeabi_i2f
                0x0800063c                __floatsisf
                0x08000658                __aeabi_ul2f
                0x08000658                __floatundisf
                0x08000668                __aeabi_l2f
                0x08000668                __floatdisf
 .text          0x080006e4      0x2a0 c:/ac6/systemworkbench/plugins/fr.ac6.mcu.externaltools.arm-none.win32_1.17.0.201812190825/tools/compiler/bin/../lib/gcc/arm-none-eabi/7.3.1/thumb/v7-m\libgcc.a(_arm_muldivsf3.o)
                0x080006e4                __mulsf3
                0x080006e4                __aeabi_fmul
                0x0800084c                __aeabi_fdiv
                0x0800084c                __divsf3
 .text          0x08000984       0xec c:/ac6/systemworkbench/plugins/fr.ac6.mcu.externaltools.arm-none.win32_1.17.0.201812190825/tools/compiler/bin/../lib/gcc/arm-none-eabi/7.3.1/../../../../arm-none-eabi/lib/thumb/v7-m\libc.a(lib_a-memcpy.o)
                0x08000984                memcpy
 .text          0x08000a70      0x424 c:/ac6/systemworkbench/plugins/fr.ac6.mcu.externaltools.arm-none.win32_1.17.0.201812190825/tools/compiler/bin/../lib/gcc/arm-none-eabi/7.3.1/thumb/v7-m\libgcc.a(_arm_muldivdf3.o)
                0x08000a70                __aeabi_dmul
                0x08000a70                __muldf3
                0x08000cc4                __divdf3
                0x08000cc4                __aeabi_ddiv
 .text          0x08000e94      0x110 c:/ac6/systemworkbench/plugins/fr.ac6.mcu.externaltools.arm-none.win32_1.17.0.201812190825/tools/compiler/bin/../lib/gcc/arm-none-eabi/7.3.1/thumb/v7-m\libgcc.a(_arm_cmpdf2.o)
                0x08000e94                __gtdf2
                0x08000e94                __gedf2
                0x08000e9c                __ltdf2
                0x08000e9c                __ledf2
                0x08000ea4                __nedf2
                0x08000ea4                __eqdf2
                0x08000ea4                __cmpdf2
                0x08000f20                __aeabi_cdrcmple
                0x08000f30                __aeabi_cdcmpeq
                0x08000f30                __aeabi_cdcmple
                0x08000f40                __aeabi_dcmpeq
                0x08000f54                __aeabi_dcmplt
                0x08000f68                __aeabi_dcmple
                0x08000f7c                __aeabi_dcmpge
                0x08000f90                __aeabi_dcmpgt
 .text          0x08000fa4       0x2c c:/ac6/systemworkbench/plugins/fr.ac6.mcu.externaltools.arm-none.win32_1.17.0.201812190825/tools/compiler/bin/../lib/gcc/arm-none-eabi/7.3.1/thumb/v7-m\libgcc.a(_arm_unorddf2.o)
                0x08000fa4                __unorddf2
                0x08000fa4                __aeabi_dcmpun
 .text          0x08000fd0       0x50 c:/ac6/systemworkbench/plugins/fr.ac6.mcu.externaltools.arm-none.win32_1.17.0.201812190825/tools/compiler/bin/../lib/gcc/arm-none-eabi/7.3.1/thumb/v7-m\libgcc.a(_arm_fixdfsi.o)
                0x08000fd0                __aeabi_d2iz
                0x08000fd0                __fixdfsi
 .text          0x08001020       0x30 c:/ac6/systemworkbench/plugins/fr.ac6.mcu.externaltools.arm-none.win32_1.17.0.201812190825/tools/compiler/bin/../lib/gcc/arm-none-eabi/7.3.1/thumb/v7-m\libgcc.a(_aeabi_uldivmod.o)
                0x08001020                __aeabi_uldivmod
 .text          0x08001050      0x2d0 c:/ac6/systemworkbench/plugins/fr.ac6.mcu.externaltools.arm-none.win32_1.17.0.201812190825/tools/compiler/bin/../lib/gcc/arm-none-eabi/7.3.1/thumb/v7-m\libgcc.a(_udivmoddi4.o)
                0x08001050                __udivmoddi4
 .text          0x08001320        0x4 c:/ac6/systemworkbench/plugins/fr.ac6.mcu.externaltools.arm-none.win32_1.17.0.201812190825/tools/compiler/bin/../lib/gcc/arm-none-eabi/7.3.1/thumb/v7-m\libgcc.a(_dvmd_tls.o)
                0x08001320                __aeabi_idiv0
                0x08001320                __aeabi_ldiv0
 *(.text*)
 .text.HAL_Init
                0x08001324       0x2c HAL_Driver/Src/stm32f1xx_hal.o
                0x08001324                HAL_Init
 .text.HAL_InitTick
                0x08001350       0x60 HAL_Driver/Src/stm32f1xx_hal.o
                0x08001350                HAL_InitTick
 .text.HAL_IncTick
                0x080013b0       0x24 HAL_Driver/Src/stm32f1xx_hal.o
                0x080013b0                HAL_IncTick
 .text.HAL_GetTick
                0x080013d4       0x14 HAL_Driver/Src/stm32f1xx_hal.o
                0x080013d4                HAL_GetTick
 .text.HAL_Delay
                0x080013e8       0x44 HAL_Driver/Src/stm32f1xx_hal.o
                0x080013e8                HAL_Delay
 .text.HAL_ADC_Init
                0x0800142c      0x1b0 HAL_Driver/Src/stm32f1xx_hal_adc.o
                0x0800142c                HAL_ADC_Init
 .text.HAL_ADC_MspInit
                0x080015dc       0x12 HAL_Driver/Src/stm32f1xx_hal_adc.o
                0x080015dc                HAL_ADC_MspInit
 *fill*         0x080015ee        0x2 
 .text.HAL_ADC_Start
                0x080015f0      0x15c HAL_Driver/Src/stm32f1xx_hal_adc.o
                0x080015f0                HAL_ADC_Start
 .text.HAL_ADC_PollForConversion
                0x0800174c      0x1f4 HAL_Driver/Src/stm32f1xx_hal_adc.o
                0x0800174c                HAL_ADC_PollForConversion
 .text.HAL_ADC_GetValue
                0x08001940       0x18 HAL_Driver/Src/stm32f1xx_hal_adc.o
                0x08001940                HAL_ADC_GetValue
 .text.HAL_ADC_ConfigChannel
                0x08001958      0x1f0 HAL_Driver/Src/stm32f1xx_hal_adc.o
                0x08001958                HAL_ADC_ConfigChannel
 .text.ADC_Enable
                0x08001b48       0xa4 HAL_Driver/Src/stm32f1xx_hal_adc.o
                0x08001b48                ADC_Enable
 .text.ADC_ConversionStop_Disable
                0x08001bec       0x74 HAL_Driver/Src/stm32f1xx_hal_adc.o
                0x08001bec                ADC_ConversionStop_Disable
 .text.HAL_ADCEx_Calibration_Start
                0x08001c60      0x138 HAL_Driver/Src/stm32f1xx_hal_adc_ex.o
                0x08001c60                HAL_ADCEx_Calibration_Start
 .text.NVIC_SetPriorityGrouping
                0x08001d98       0x48 HAL_Driver/Src/stm32f1xx_hal_cortex.o
 .text.NVIC_GetPriorityGrouping
                0x08001de0       0x1c HAL_Driver/Src/stm32f1xx_hal_cortex.o
 .text.NVIC_SetPriority
                0x08001dfc       0x54 HAL_Driver/Src/stm32f1xx_hal_cortex.o
 .text.NVIC_EncodePriority
                0x08001e50       0x64 HAL_Driver/Src/stm32f1xx_hal_cortex.o
 .text.SysTick_Config
                0x08001eb4       0x44 HAL_Driver/Src/stm32f1xx_hal_cortex.o
 .text.HAL_NVIC_SetPriorityGrouping
                0x08001ef8       0x16 HAL_Driver/Src/stm32f1xx_hal_cortex.o
                0x08001ef8                HAL_NVIC_SetPriorityGrouping
 .text.HAL_NVIC_SetPriority
                0x08001f0e       0x38 HAL_Driver/Src/stm32f1xx_hal_cortex.o
                0x08001f0e                HAL_NVIC_SetPriority
 .text.HAL_SYSTICK_Config
                0x08001f46       0x18 HAL_Driver/Src/stm32f1xx_hal_cortex.o
                0x08001f46                HAL_SYSTICK_Config
 .text.HAL_SYSTICK_IRQHandler
                0x08001f5e        0xc HAL_Driver/Src/stm32f1xx_hal_cortex.o
                0x08001f5e                HAL_SYSTICK_IRQHandler
 .text.HAL_SYSTICK_Callback
                0x08001f6a        0xc HAL_Driver/Src/stm32f1xx_hal_cortex.o
                0x08001f6a                HAL_SYSTICK_Callback
 *fill*         0x08001f76        0x2 
 .text.HAL_GPIO_Init
                0x08001f78      0x2bc HAL_Driver/Src/stm32f1xx_hal_gpio.o
                0x08001f78                HAL_GPIO_Init
 .text.HAL_GPIO_EXTI_IRQHandler
                0x08002234       0x30 HAL_Driver/Src/stm32f1xx_hal_gpio.o
                0x08002234                HAL_GPIO_EXTI_IRQHandler
 .text.HAL_GPIO_EXTI_Callback
                0x08002264       0x14 HAL_Driver/Src/stm32f1xx_hal_gpio.o
                0x08002264                HAL_GPIO_EXTI_Callback
 .text.HAL_MspInit
                0x08002278        0xc HAL_Driver/Src/stm32f1xx_hal_msp_template.o
                0x08002278                HAL_MspInit
 .text.HAL_RCC_GetHCLKFreq
                0x08002284       0x14 HAL_Driver/Src/stm32f1xx_hal_rcc.o
                0x08002284                HAL_RCC_GetHCLKFreq
 .text.HAL_RCC_GetPCLK1Freq
                0x08002298       0x28 HAL_Driver/Src/stm32f1xx_hal_rcc.o
                0x08002298                HAL_RCC_GetPCLK1Freq
 .text.HAL_RCC_GetPCLK2Freq
                0x080022c0       0x28 HAL_Driver/Src/stm32f1xx_hal_rcc.o
                0x080022c0                HAL_RCC_GetPCLK2Freq
 .text.HAL_RCCEx_PeriphCLKConfig
                0x080022e8      0x16c HAL_Driver/Src/stm32f1xx_hal_rcc_ex.o
                0x080022e8                HAL_RCCEx_PeriphCLKConfig
 .text.HAL_RCCEx_GetPeriphCLKFreq
                0x08002454      0x180 HAL_Driver/Src/stm32f1xx_hal_rcc_ex.o
                0x08002454                HAL_RCCEx_GetPeriphCLKFreq
 .text.HAL_UART_Init
                0x080025d4       0x9a HAL_Driver/Src/stm32f1xx_hal_uart.o
                0x080025d4                HAL_UART_Init
 .text.HAL_UART_MspInit
                0x0800266e       0x12 HAL_Driver/Src/stm32f1xx_hal_uart.o
                0x0800266e                HAL_UART_MspInit
 .text.HAL_UART_Transmit
                0x08002680      0x132 HAL_Driver/Src/stm32f1xx_hal_uart.o
                0x08002680                HAL_UART_Transmit
 .text.UART_WaitOnFlagUntilTimeout
                0x080027b2       0x94 HAL_Driver/Src/stm32f1xx_hal_uart.o
 *fill*         0x08002846        0x2 
 .text.UART_SetConfig
                0x08002848      0x230 HAL_Driver/Src/stm32f1xx_hal_uart.o
 .text.send_char
                0x08002a78       0x24 src/main.o
                0x08002a78                send_char
 .text.__io_putchar
                0x08002a9c       0x1c src/main.o
                0x08002a9c                __io_putchar
 .text.adc_read
                0x08002ab8       0x44 src/main.o
                0x08002ab8                adc_read
 .text.main     0x08002afc      0x278 src/main.o
                0x08002afc                main
 .text.SysTick_Handler
                0x08002d74       0x10 src/stm32f1xx_it.o
                0x08002d74                SysTick_Handler
 .text.EXTI15_10_IRQHandler
                0x08002d84       0x10 src/stm32f1xx_it.o
                0x08002d84                EXTI15_10_IRQHandler
 .text._read    0x08002d94       0x3a src/syscalls.o
                0x08002d94                _read
 .text._write   0x08002dce       0x38 src/syscalls.o
                0x08002dce                _write
 *fill*         0x08002e06        0x2 
 .text._sbrk    0x08002e08       0x58 src/syscalls.o
                0x08002e08                _sbrk
 .text._close   0x08002e60       0x16 src/syscalls.o
                0x08002e60                _close
 .text._fstat   0x08002e76       0x1e src/syscalls.o
                0x08002e76                _fstat
 .text._isatty  0x08002e94       0x14 src/syscalls.o
                0x08002e94                _isatty
 .text._lseek   0x08002ea8       0x18 src/syscalls.o
                0x08002ea8                _lseek
 .text.SystemInit
                0x08002ec0       0x68 src/system_stm32f1xx.o
                0x08002ec0                SystemInit
 .text.Reset_Handler
                0x08002f28       0x48 startup/startup_stm32f103xb.o
                0x08002f28                Reset_Handler
 .text.Default_Handler
                0x08002f70        0x2 startup/startup_stm32f103xb.o
                0x08002f70                RTC_Alarm_IRQHandler
                0x08002f70                EXTI2_IRQHandler
                0x08002f70                DebugMon_Handler
                0x08002f70                TIM1_CC_IRQHandler
                0x08002f70                HardFault_Handler
                0x08002f70                PVD_IRQHandler
                0x08002f70                PendSV_Handler
                0x08002f70                NMI_Handler
                0x08002f70                EXTI3_IRQHandler
                0x08002f70                EXTI0_IRQHandler
                0x08002f70                I2C2_EV_IRQHandler
                0x08002f70                UsageFault_Handler
                0x08002f70                ADC1_2_IRQHandler
                0x08002f70                SPI1_IRQHandler
                0x08002f70                TAMPER_IRQHandler
                0x08002f70                DMA1_Channel4_IRQHandler
                0x08002f70                USART3_IRQHandler
                0x08002f70                RTC_IRQHandler
                0x08002f70                DMA1_Channel7_IRQHandler
                0x08002f70                CAN1_RX1_IRQHandler
                0x08002f70                TIM4_IRQHandler
                0x08002f70                I2C1_EV_IRQHandler
                0x08002f70                DMA1_Channel6_IRQHandler
                0x08002f70                TIM3_IRQHandler
                0x08002f70                RCC_IRQHandler
                0x08002f70                TIM1_TRG_COM_IRQHandler
                0x08002f70                DMA1_Channel1_IRQHandler
                0x08002f70                Default_Handler
                0x08002f70                EXTI9_5_IRQHandler
                0x08002f70                SPI2_IRQHandler
                0x08002f70                MemManage_Handler
                0x08002f70                SVC_Handler
                0x08002f70                DMA1_Channel5_IRQHandler
                0x08002f70                EXTI4_IRQHandler
                0x08002f70                USB_LP_CAN1_RX0_IRQHandler
                0x08002f70                USB_HP_CAN1_TX_IRQHandler
                0x08002f70                DMA1_Channel3_IRQHandler
                0x08002f70                TIM1_UP_IRQHandler
                0x08002f70                WWDG_IRQHandler
                0x08002f70                TIM2_IRQHandler
                0x08002f70                TIM1_BRK_IRQHandler
                0x08002f70                EXTI1_IRQHandler
                0x08002f70                USART2_IRQHandler
                0x08002f70                I2C2_ER_IRQHandler
                0x08002f70                DMA1_Channel2_IRQHandler
                0x08002f70                CAN1_SCE_IRQHandler
                0x08002f70                FLASH_IRQHandler
                0x08002f70                BusFault_Handler
                0x08002f70                USART1_IRQHandler
                0x08002f70                I2C1_ER_IRQHandler
                0x08002f70                USBWakeUp_IRQHandler
 *fill*         0x08002f72        0x2 
 .text.__errno  0x08002f74        0xc c:/ac6/systemworkbench/plugins/fr.ac6.mcu.externaltools.arm-none.win32_1.17.0.201812190825/tools/compiler/bin/../lib/gcc/arm-none-eabi/7.3.1/../../../../arm-none-eabi/lib/thumb/v7-m\libc.a(lib_a-errno.o)
                0x08002f74                __errno
 .text.__libc_init_array
                0x08002f80       0x48 c:/ac6/systemworkbench/plugins/fr.ac6.mcu.externaltools.arm-none.win32_1.17.0.201812190825/tools/compiler/bin/../lib/gcc/arm-none-eabi/7.3.1/../../../../arm-none-eabi/lib/thumb/v7-m\libc.a(lib_a-init.o)
                0x08002f80                __libc_init_array
 .text.memset   0x08002fc8       0x94 c:/ac6/systemworkbench/plugins/fr.ac6.mcu.externaltools.arm-none.win32_1.17.0.201812190825/tools/compiler/bin/../lib/gcc/arm-none-eabi/7.3.1/../../../../arm-none-eabi/lib/thumb/v7-m\libc.a(lib_a-memset.o)
                0x08002fc8                memset
 .text.printf   0x0800305c       0x28 c:/ac6/systemworkbench/plugins/fr.ac6.mcu.externaltools.arm-none.win32_1.17.0.201812190825/tools/compiler/bin/../lib/gcc/arm-none-eabi/7.3.1/../../../../arm-none-eabi/lib/thumb/v7-m\libc.a(lib_a-printf.o)
                0x0800305c                printf
 .text._vfprintf_r
                0x08003084     0x1ac0 c:/ac6/systemworkbench/plugins/fr.ac6.mcu.externaltools.arm-none.win32_1.17.0.201812190825/tools/compiler/bin/../lib/gcc/arm-none-eabi/7.3.1/../../../../arm-none-eabi/lib/thumb/v7-m\libc.a(lib_a-vfprintf.o)
                0x08003084                _vfprintf_r
 .text.__sbprintf
                0x08004b44       0x88 c:/ac6/systemworkbench/plugins/fr.ac6.mcu.externaltools.arm-none.win32_1.17.0.201812190825/tools/compiler/bin/../lib/gcc/arm-none-eabi/7.3.1/../../../../arm-none-eabi/lib/thumb/v7-m\libc.a(lib_a-vfprintf.o)
 .text.__swsetup_r
                0x08004bcc       0xcc c:/ac6/systemworkbench/plugins/fr.ac6.mcu.externaltools.arm-none.win32_1.17.0.201812190825/tools/compiler/bin/../lib/gcc/arm-none-eabi/7.3.1/../../../../arm-none-eabi/lib/thumb/v7-m\libc.a(lib_a-wsetup.o)
                0x08004bcc                __swsetup_r
 .text.startup.register_fini
                0x08004c98       0x14 c:/ac6/systemworkbench/plugins/fr.ac6.mcu.externaltools.arm-none.win32_1.17.0.201812190825/tools/compiler/bin/../lib/gcc/arm-none-eabi/7.3.1/../../../../arm-none-eabi/lib/thumb/v7-m\libc.a(lib_a-__call_atexit.o)
 .text.atexit   0x08004cac        0xc c:/ac6/systemworkbench/plugins/fr.ac6.mcu.externaltools.arm-none.win32_1.17.0.201812190825/tools/compiler/bin/../lib/gcc/arm-none-eabi/7.3.1/../../../../arm-none-eabi/lib/thumb/v7-m\libc.a(lib_a-atexit.o)
                0x08004cac                atexit
 .text.quorem   0x08004cb8      0x124 c:/ac6/systemworkbench/plugins/fr.ac6.mcu.externaltools.arm-none.win32_1.17.0.201812190825/tools/compiler/bin/../lib/gcc/arm-none-eabi/7.3.1/../../../../arm-none-eabi/lib/thumb/v7-m\libc.a(lib_a-dtoa.o)
 *fill*         0x08004ddc        0x4 
 .text._dtoa_r  0x08004de0      0xe30 c:/ac6/systemworkbench/plugins/fr.ac6.mcu.externaltools.arm-none.win32_1.17.0.201812190825/tools/compiler/bin/../lib/gcc/arm-none-eabi/7.3.1/../../../../arm-none-eabi/lib/thumb/v7-m\libc.a(lib_a-dtoa.o)
                0x08004de0                _dtoa_r
 .text.__sflush_r
                0x08005c10      0x154 c:/ac6/systemworkbench/plugins/fr.ac6.mcu.externaltools.arm-none.win32_1.17.0.201812190825/tools/compiler/bin/../lib/gcc/arm-none-eabi/7.3.1/../../../../arm-none-eabi/lib/thumb/v7-m\libc.a(lib_a-fflush.o)
                0x08005c10                __sflush_r
 .text._fflush_r
                0x08005d64       0x5c c:/ac6/systemworkbench/plugins/fr.ac6.mcu.externaltools.arm-none.win32_1.17.0.201812190825/tools/compiler/bin/../lib/gcc/arm-none-eabi/7.3.1/../../../../arm-none-eabi/lib/thumb/v7-m\libc.a(lib_a-fflush.o)
                0x08005d64                _fflush_r
 .text.std      0x08005dc0       0x50 c:/ac6/systemworkbench/plugins/fr.ac6.mcu.externaltools.arm-none.win32_1.17.0.201812190825/tools/compiler/bin/../lib/gcc/arm-none-eabi/7.3.1/../../../../arm-none-eabi/lib/thumb/v7-m\libc.a(lib_a-findfp.o)
 .text._cleanup_r
                0x08005e10        0xc c:/ac6/systemworkbench/plugins/fr.ac6.mcu.externaltools.arm-none.win32_1.17.0.201812190825/tools/compiler/bin/../lib/gcc/arm-none-eabi/7.3.1/../../../../arm-none-eabi/lib/thumb/v7-m\libc.a(lib_a-findfp.o)
                0x08005e10                _cleanup_r
 .text.__sinit  0x08005e1c       0x60 c:/ac6/systemworkbench/plugins/fr.ac6.mcu.externaltools.arm-none.win32_1.17.0.201812190825/tools/compiler/bin/../lib/gcc/arm-none-eabi/7.3.1/../../../../arm-none-eabi/lib/thumb/v7-m\libc.a(lib_a-findfp.o)
                0x08005e1c                __sinit
 .text.__sfp_lock_acquire
                0x08005e7c        0xc c:/ac6/systemworkbench/plugins/fr.ac6.mcu.externaltools.arm-none.win32_1.17.0.201812190825/tools/compiler/bin/../lib/gcc/arm-none-eabi/7.3.1/../../../../arm-none-eabi/lib/thumb/v7-m\libc.a(lib_a-findfp.o)
                0x08005e7c                __sfp_lock_acquire
 .text.__sfp_lock_release
                0x08005e88        0xc c:/ac6/systemworkbench/plugins/fr.ac6.mcu.externaltools.arm-none.win32_1.17.0.201812190825/tools/compiler/bin/../lib/gcc/arm-none-eabi/7.3.1/../../../../arm-none-eabi/lib/thumb/v7-m\libc.a(lib_a-findfp.o)
                0x08005e88                __sfp_lock_release
 .text.__libc_fini_array
                0x08005e94       0x34 c:/ac6/systemworkbench/plugins/fr.ac6.mcu.externaltools.arm-none.win32_1.17.0.201812190825/tools/compiler/bin/../lib/gcc/arm-none-eabi/7.3.1/../../../../arm-none-eabi/lib/thumb/v7-m\libc.a(lib_a-fini.o)
                0x08005e94                __libc_fini_array
 .text._malloc_trim_r
                0x08005ec8       0xa0 c:/ac6/systemworkbench/plugins/fr.ac6.mcu.externaltools.arm-none.win32_1.17.0.201812190825/tools/compiler/bin/../lib/gcc/arm-none-eabi/7.3.1/../../../../arm-none-eabi/lib/thumb/v7-m\libc.a(lib_a-freer.o)
                0x08005ec8                _malloc_trim_r
 .text._free_r  0x08005f68      0x1e8 c:/ac6/systemworkbench/plugins/fr.ac6.mcu.externaltools.arm-none.win32_1.17.0.201812190825/tools/compiler/bin/../lib/gcc/arm-none-eabi/7.3.1/../../../../arm-none-eabi/lib/thumb/v7-m\libc.a(lib_a-freer.o)
                0x08005f68                _free_r
 .text._fwalk_reent
                0x08006150       0x50 c:/ac6/systemworkbench/plugins/fr.ac6.mcu.externaltools.arm-none.win32_1.17.0.201812190825/tools/compiler/bin/../lib/gcc/arm-none-eabi/7.3.1/../../../../arm-none-eabi/lib/thumb/v7-m\libc.a(lib_a-fwalk.o)
                0x08006150                _fwalk_reent
 .text._localeconv_r
                0x080061a0       0x1c c:/ac6/systemworkbench/plugins/fr.ac6.mcu.externaltools.arm-none.win32_1.17.0.201812190825/tools/compiler/bin/../lib/gcc/arm-none-eabi/7.3.1/../../../../arm-none-eabi/lib/thumb/v7-m\libc.a(lib_a-localeconv.o)
                0x080061a0                _localeconv_r
 .text.__retarget_lock_init_recursive
                0x080061bc        0x4 c:/ac6/systemworkbench/plugins/fr.ac6.mcu.externaltools.arm-none.win32_1.17.0.201812190825/tools/compiler/bin/../lib/gcc/arm-none-eabi/7.3.1/../../../../arm-none-eabi/lib/thumb/v7-m\libc.a(lib_a-lock.o)
                0x080061bc                __retarget_lock_init_recursive
 .text.__retarget_lock_close_recursive
                0x080061c0        0x4 c:/ac6/systemworkbench/plugins/fr.ac6.mcu.externaltools.arm-none.win32_1.17.0.201812190825/tools/compiler/bin/../lib/gcc/arm-none-eabi/7.3.1/../../../../arm-none-eabi/lib/thumb/v7-m\libc.a(lib_a-lock.o)
                0x080061c0                __retarget_lock_close_recursive
 .text.__retarget_lock_acquire_recursive
                0x080061c4        0x4 c:/ac6/systemworkbench/plugins/fr.ac6.mcu.externaltools.arm-none.win32_1.17.0.201812190825/tools/compiler/bin/../lib/gcc/arm-none-eabi/7.3.1/../../../../arm-none-eabi/lib/thumb/v7-m\libc.a(lib_a-lock.o)
                0x080061c4                __retarget_lock_acquire_recursive
 .text.__retarget_lock_release_recursive
                0x080061c8        0x4 c:/ac6/systemworkbench/plugins/fr.ac6.mcu.externaltools.arm-none.win32_1.17.0.201812190825/tools/compiler/bin/../lib/gcc/arm-none-eabi/7.3.1/../../../../arm-none-eabi/lib/thumb/v7-m\libc.a(lib_a-lock.o)
                0x080061c8                __retarget_lock_release_recursive
 .text.__swhatbuf_r
                0x080061cc       0x5c c:/ac6/systemworkbench/plugins/fr.ac6.mcu.externaltools.arm-none.win32_1.17.0.201812190825/tools/compiler/bin/../lib/gcc/arm-none-eabi/7.3.1/../../../../arm-none-eabi/lib/thumb/v7-m\libc.a(lib_a-makebuf.o)
                0x080061cc                __swhatbuf_r
 .text.__smakebuf_r
                0x08006228       0x94 c:/ac6/systemworkbench/plugins/fr.ac6.mcu.externaltools.arm-none.win32_1.17.0.201812190825/tools/compiler/bin/../lib/gcc/arm-none-eabi/7.3.1/../../../../arm-none-eabi/lib/thumb/v7-m\libc.a(lib_a-makebuf.o)
                0x08006228                __smakebuf_r
 .text._malloc_r
                0x080062bc      0x524 c:/ac6/systemworkbench/plugins/fr.ac6.mcu.externaltools.arm-none.win32_1.17.0.201812190825/tools/compiler/bin/../lib/gcc/arm-none-eabi/7.3.1/../../../../arm-none-eabi/lib/thumb/v7-m\libc.a(lib_a-mallocr.o)
                0x080062bc                _malloc_r
 .text.memchr   0x080067e0       0x8c c:/ac6/systemworkbench/plugins/fr.ac6.mcu.externaltools.arm-none.win32_1.17.0.201812190825/tools/compiler/bin/../lib/gcc/arm-none-eabi/7.3.1/../../../../arm-none-eabi/lib/thumb/v7-m\libc.a(lib_a-memchr-stub.o)
                0x080067e0                memchr
 .text.__malloc_lock
                0x0800686c        0xc c:/ac6/systemworkbench/plugins/fr.ac6.mcu.externaltools.arm-none.win32_1.17.0.201812190825/tools/compiler/bin/../lib/gcc/arm-none-eabi/7.3.1/../../../../arm-none-eabi/lib/thumb/v7-m\libc.a(lib_a-mlock.o)
                0x0800686c                __malloc_lock
 .text.__malloc_unlock
                0x08006878        0xc c:/ac6/systemworkbench/plugins/fr.ac6.mcu.externaltools.arm-none.win32_1.17.0.201812190825/tools/compiler/bin/../lib/gcc/arm-none-eabi/7.3.1/../../../../arm-none-eabi/lib/thumb/v7-m\libc.a(lib_a-mlock.o)
                0x08006878                __malloc_unlock
 .text._Balloc  0x08006884       0x4c c:/ac6/systemworkbench/plugins/fr.ac6.mcu.externaltools.arm-none.win32_1.17.0.201812190825/tools/compiler/bin/../lib/gcc/arm-none-eabi/7.3.1/../../../../arm-none-eabi/lib/thumb/v7-m\libc.a(lib_a-mprec.o)
                0x08006884                _Balloc
 .text._Bfree   0x080068d0       0x14 c:/ac6/systemworkbench/plugins/fr.ac6.mcu.externaltools.arm-none.win32_1.17.0.201812190825/tools/compiler/bin/../lib/gcc/arm-none-eabi/7.3.1/../../../../arm-none-eabi/lib/thumb/v7-m\libc.a(lib_a-mprec.o)
                0x080068d0                _Bfree
 .text.__multadd
                0x080068e4       0x84 c:/ac6/systemworkbench/plugins/fr.ac6.mcu.externaltools.arm-none.win32_1.17.0.201812190825/tools/compiler/bin/../lib/gcc/arm-none-eabi/7.3.1/../../../../arm-none-eabi/lib/thumb/v7-m\libc.a(lib_a-mprec.o)
                0x080068e4                __multadd
 .text.__hi0bits
                0x08006968       0x40 c:/ac6/systemworkbench/plugins/fr.ac6.mcu.externaltools.arm-none.win32_1.17.0.201812190825/tools/compiler/bin/../lib/gcc/arm-none-eabi/7.3.1/../../../../arm-none-eabi/lib/thumb/v7-m\libc.a(lib_a-mprec.o)
                0x08006968                __hi0bits
 .text.__lo0bits
                0x080069a8       0x60 c:/ac6/systemworkbench/plugins/fr.ac6.mcu.externaltools.arm-none.win32_1.17.0.201812190825/tools/compiler/bin/../lib/gcc/arm-none-eabi/7.3.1/../../../../arm-none-eabi/lib/thumb/v7-m\libc.a(lib_a-mprec.o)
                0x080069a8                __lo0bits
 .text.__i2b    0x08006a08       0x14 c:/ac6/systemworkbench/plugins/fr.ac6.mcu.externaltools.arm-none.win32_1.17.0.201812190825/tools/compiler/bin/../lib/gcc/arm-none-eabi/7.3.1/../../../../arm-none-eabi/lib/thumb/v7-m\libc.a(lib_a-mprec.o)
                0x08006a08                __i2b
 .text.__multiply
                0x08006a1c      0x14c c:/ac6/systemworkbench/plugins/fr.ac6.mcu.externaltools.arm-none.win32_1.17.0.201812190825/tools/compiler/bin/../lib/gcc/arm-none-eabi/7.3.1/../../../../arm-none-eabi/lib/thumb/v7-m\libc.a(lib_a-mprec.o)
                0x08006a1c                __multiply
 .text.__pow5mult
                0x08006b68       0xa0 c:/ac6/systemworkbench/plugins/fr.ac6.mcu.externaltools.arm-none.win32_1.17.0.201812190825/tools/compiler/bin/../lib/gcc/arm-none-eabi/7.3.1/../../../../arm-none-eabi/lib/thumb/v7-m\libc.a(lib_a-mprec.o)
                0x08006b68                __pow5mult
 .text.__lshift
                0x08006c08       0xb4 c:/ac6/systemworkbench/plugins/fr.ac6.mcu.externaltools.arm-none.win32_1.17.0.201812190825/tools/compiler/bin/../lib/gcc/arm-none-eabi/7.3.1/../../../../arm-none-eabi/lib/thumb/v7-m\libc.a(lib_a-mprec.o)
                0x08006c08                __lshift
 .text.__mcmp   0x08006cbc       0x38 c:/ac6/systemworkbench/plugins/fr.ac6.mcu.externaltools.arm-none.win32_1.17.0.201812190825/tools/compiler/bin/../lib/gcc/arm-none-eabi/7.3.1/../../../../arm-none-eabi/lib/thumb/v7-m\libc.a(lib_a-mprec.o)
                0x08006cbc                __mcmp
 .text.__mdiff  0x08006cf4      0x100 c:/ac6/systemworkbench/plugins/fr.ac6.mcu.externaltools.arm-none.win32_1.17.0.201812190825/tools/compiler/bin/../lib/gcc/arm-none-eabi/7.3.1/../../../../arm-none-eabi/lib/thumb/v7-m\libc.a(lib_a-mprec.o)
                0x08006cf4                __mdiff
 .text.__d2b    0x08006df4       0xb0 c:/ac6/systemworkbench/plugins/fr.ac6.mcu.externaltools.arm-none.win32_1.17.0.201812190825/tools/compiler/bin/../lib/gcc/arm-none-eabi/7.3.1/../../../../arm-none-eabi/lib/thumb/v7-m\libc.a(lib_a-mprec.o)
                0x08006df4                __d2b
 .text.frexp    0x08006ea4       0x64 c:/ac6/systemworkbench/plugins/fr.ac6.mcu.externaltools.arm-none.win32_1.17.0.201812190825/tools/compiler/bin/../lib/gcc/arm-none-eabi/7.3.1/../../../../arm-none-eabi/lib/thumb/v7-m\libc.a(lib_a-s_frexp.o)
                0x08006ea4                frexp
 .text._sbrk_r  0x08006f08       0x24 c:/ac6/systemworkbench/plugins/fr.ac6.mcu.externaltools.arm-none.win32_1.17.0.201812190825/tools/compiler/bin/../lib/gcc/arm-none-eabi/7.3.1/../../../../arm-none-eabi/lib/thumb/v7-m\libc.a(lib_a-sbrkr.o)
                0x08006f08                _sbrk_r
 .text.__sread  0x08006f2c       0x24 c:/ac6/systemworkbench/plugins/fr.ac6.mcu.externaltools.arm-none.win32_1.17.0.201812190825/tools/compiler/bin/../lib/gcc/arm-none-eabi/7.3.1/../../../../arm-none-eabi/lib/thumb/v7-m\libc.a(lib_a-stdio.o)
                0x08006f2c                __sread
 .text.__swrite
                0x08006f50       0x3c c:/ac6/systemworkbench/plugins/fr.ac6.mcu.externaltools.arm-none.win32_1.17.0.201812190825/tools/compiler/bin/../lib/gcc/arm-none-eabi/7.3.1/../../../../arm-none-eabi/lib/thumb/v7-m\libc.a(lib_a-stdio.o)
                0x08006f50                __swrite
 .text.__sseek  0x08006f8c       0x20 c:/ac6/systemworkbench/plugins/fr.ac6.mcu.externaltools.arm-none.win32_1.17.0.201812190825/tools/compiler/bin/../lib/gcc/arm-none-eabi/7.3.1/../../../../arm-none-eabi/lib/thumb/v7-m\libc.a(lib_a-stdio.o)
                0x08006f8c                __sseek
 .text.__sclose
                0x08006fac        0x8 c:/ac6/systemworkbench/plugins/fr.ac6.mcu.externaltools.arm-none.win32_1.17.0.201812190825/tools/compiler/bin/../lib/gcc/arm-none-eabi/7.3.1/../../../../arm-none-eabi/lib/thumb/v7-m\libc.a(lib_a-stdio.o)
                0x08006fac                __sclose
 .text.strlen   0x08006fb4       0x5c c:/ac6/systemworkbench/plugins/fr.ac6.mcu.externaltools.arm-none.win32_1.17.0.201812190825/tools/compiler/bin/../lib/gcc/arm-none-eabi/7.3.1/../../../../arm-none-eabi/lib/thumb/v7-m\libc.a(lib_a-strlen-stub.o)
                0x08006fb4                strlen
 .text.strncpy  0x08007010       0x64 c:/ac6/systemworkbench/plugins/fr.ac6.mcu.externaltools.arm-none.win32_1.17.0.201812190825/tools/compiler/bin/../lib/gcc/arm-none-eabi/7.3.1/../../../../arm-none-eabi/lib/thumb/v7-m\libc.a(lib_a-strncpy.o)
                0x08007010                strncpy
 .text.__sprint_r.part.0
                0x08007074       0x78 c:/ac6/systemworkbench/plugins/fr.ac6.mcu.externaltools.arm-none.win32_1.17.0.201812190825/tools/compiler/bin/../lib/gcc/arm-none-eabi/7.3.1/../../../../arm-none-eabi/lib/thumb/v7-m\libc.a(lib_a-vfiprintf.o)
 .text.__sprint_r
                0x080070ec       0x14 c:/ac6/systemworkbench/plugins/fr.ac6.mcu.externaltools.arm-none.win32_1.17.0.201812190825/tools/compiler/bin/../lib/gcc/arm-none-eabi/7.3.1/../../../../arm-none-eabi/lib/thumb/v7-m\libc.a(lib_a-vfiprintf.o)
                0x080070ec                __sprint_r
 .text._write_r
                0x08007100       0x2c c:/ac6/systemworkbench/plugins/fr.ac6.mcu.externaltools.arm-none.win32_1.17.0.201812190825/tools/compiler/bin/../lib/gcc/arm-none-eabi/7.3.1/../../../../arm-none-eabi/lib/thumb/v7-m\libc.a(lib_a-writer.o)
                0x08007100                _write_r
 .text.__register_exitproc
                0x0800712c       0xc0 c:/ac6/systemworkbench/plugins/fr.ac6.mcu.externaltools.arm-none.win32_1.17.0.201812190825/tools/compiler/bin/../lib/gcc/arm-none-eabi/7.3.1/../../../../arm-none-eabi/lib/thumb/v7-m\libc.a(lib_a-__atexit.o)
                0x0800712c                __register_exitproc
 .text._calloc_r
                0x080071ec       0x6c c:/ac6/systemworkbench/plugins/fr.ac6.mcu.externaltools.arm-none.win32_1.17.0.201812190825/tools/compiler/bin/../lib/gcc/arm-none-eabi/7.3.1/../../../../arm-none-eabi/lib/thumb/v7-m\libc.a(lib_a-callocr.o)
                0x080071ec                _calloc_r
 .text._close_r
                0x08007258       0x24 c:/ac6/systemworkbench/plugins/fr.ac6.mcu.externaltools.arm-none.win32_1.17.0.201812190825/tools/compiler/bin/../lib/gcc/arm-none-eabi/7.3.1/../../../../arm-none-eabi/lib/thumb/v7-m\libc.a(lib_a-closer.o)
                0x08007258                _close_r
 .text._fclose_r
                0x0800727c       0xd0 c:/ac6/systemworkbench/plugins/fr.ac6.mcu.externaltools.arm-none.win32_1.17.0.201812190825/tools/compiler/bin/../lib/gcc/arm-none-eabi/7.3.1/../../../../arm-none-eabi/lib/thumb/v7-m\libc.a(lib_a-fclose.o)
                0x0800727c                _fclose_r
 .text.__fputwc
                0x0800734c       0x94 c:/ac6/systemworkbench/plugins/fr.ac6.mcu.externaltools.arm-none.win32_1.17.0.201812190825/tools/compiler/bin/../lib/gcc/arm-none-eabi/7.3.1/../../../../arm-none-eabi/lib/thumb/v7-m\libc.a(lib_a-fputwc.o)
                0x0800734c                __fputwc
 .text._fputwc_r
                0x080073e0       0x64 c:/ac6/systemworkbench/plugins/fr.ac6.mcu.externaltools.arm-none.win32_1.17.0.201812190825/tools/compiler/bin/../lib/gcc/arm-none-eabi/7.3.1/../../../../arm-none-eabi/lib/thumb/v7-m\libc.a(lib_a-fputwc.o)
                0x080073e0                _fputwc_r
 .text._fstat_r
                0x08007444       0x28 c:/ac6/systemworkbench/plugins/fr.ac6.mcu.externaltools.arm-none.win32_1.17.0.201812190825/tools/compiler/bin/../lib/gcc/arm-none-eabi/7.3.1/../../../../arm-none-eabi/lib/thumb/v7-m\libc.a(lib_a-fstatr.o)
                0x08007444                _fstat_r
 .text.__sfvwrite_r
                0x0800746c      0x2f4 c:/ac6/systemworkbench/plugins/fr.ac6.mcu.externaltools.arm-none.win32_1.17.0.201812190825/tools/compiler/bin/../lib/gcc/arm-none-eabi/7.3.1/../../../../arm-none-eabi/lib/thumb/v7-m\libc.a(lib_a-fvwrite.o)
                0x0800746c                __sfvwrite_r
 .text._isatty_r
                0x08007760       0x24 c:/ac6/systemworkbench/plugins/fr.ac6.mcu.externaltools.arm-none.win32_1.17.0.201812190825/tools/compiler/bin/../lib/gcc/arm-none-eabi/7.3.1/../../../../arm-none-eabi/lib/thumb/v7-m\libc.a(lib_a-isattyr.o)
                0x08007760                _isatty_r
 .text.__locale_mb_cur_max
                0x08007784       0x1c c:/ac6/systemworkbench/plugins/fr.ac6.mcu.externaltools.arm-none.win32_1.17.0.201812190825/tools/compiler/bin/../lib/gcc/arm-none-eabi/7.3.1/../../../../arm-none-eabi/lib/thumb/v7-m\libc.a(lib_a-locale.o)
                0x08007784                __locale_mb_cur_max
 .text._lseek_r
                0x080077a0       0x2c c:/ac6/systemworkbench/plugins/fr.ac6.mcu.externaltools.arm-none.win32_1.17.0.201812190825/tools/compiler/bin/../lib/gcc/arm-none-eabi/7.3.1/../../../../arm-none-eabi/lib/thumb/v7-m\libc.a(lib_a-lseekr.o)
                0x080077a0                _lseek_r
 .text.__ascii_mbtowc
                0x080077cc       0x2c c:/ac6/systemworkbench/plugins/fr.ac6.mcu.externaltools.arm-none.win32_1.17.0.201812190825/tools/compiler/bin/../lib/gcc/arm-none-eabi/7.3.1/../../../../arm-none-eabi/lib/thumb/v7-m\libc.a(lib_a-mbtowc_r.o)
                0x080077cc                __ascii_mbtowc
 .text.memmove  0x080077f8       0xc4 c:/ac6/systemworkbench/plugins/fr.ac6.mcu.externaltools.arm-none.win32_1.17.0.201812190825/tools/compiler/bin/../lib/gcc/arm-none-eabi/7.3.1/../../../../arm-none-eabi/lib/thumb/v7-m\libc.a(lib_a-memmove.o)
                0x080077f8                memmove
 .text._read_r  0x080078bc       0x2c c:/ac6/systemworkbench/plugins/fr.ac6.mcu.externaltools.arm-none.win32_1.17.0.201812190825/tools/compiler/bin/../lib/gcc/arm-none-eabi/7.3.1/../../../../arm-none-eabi/lib/thumb/v7-m\libc.a(lib_a-readr.o)
                0x080078bc                _read_r
 .text._realloc_r
                0x080078e8      0x374 c:/ac6/systemworkbench/plugins/fr.ac6.mcu.externaltools.arm-none.win32_1.17.0.201812190825/tools/compiler/bin/../lib/gcc/arm-none-eabi/7.3.1/../../../../arm-none-eabi/lib/thumb/v7-m\libc.a(lib_a-reallocr.o)
                0x080078e8                _realloc_r
 .text.__swbuf_r
                0x08007c5c       0xb0 c:/ac6/systemworkbench/plugins/fr.ac6.mcu.externaltools.arm-none.win32_1.17.0.201812190825/tools/compiler/bin/../lib/gcc/arm-none-eabi/7.3.1/../../../../arm-none-eabi/lib/thumb/v7-m\libc.a(lib_a-wbuf.o)
                0x08007c5c                __swbuf_r
 .text._wcrtomb_r
                0x08007d0c       0x54 c:/ac6/systemworkbench/plugins/fr.ac6.mcu.externaltools.arm-none.win32_1.17.0.201812190825/tools/compiler/bin/../lib/gcc/arm-none-eabi/7.3.1/../../../../arm-none-eabi/lib/thumb/v7-m\libc.a(lib_a-wcrtomb.o)
                0x08007d0c                _wcrtomb_r
 .text.__ascii_wctomb
                0x08007d60       0x18 c:/ac6/systemworkbench/plugins/fr.ac6.mcu.externaltools.arm-none.win32_1.17.0.201812190825/tools/compiler/bin/../lib/gcc/arm-none-eabi/7.3.1/../../../../arm-none-eabi/lib/thumb/v7-m\libc.a(lib_a-wctomb_r.o)
                0x08007d60                __ascii_wctomb
 *(.glue_7)
 .glue_7        0x08007d78        0x0 linker stubs
 *(.glue_7t)
 .glue_7t       0x08007d78        0x0 linker stubs
 *(.eh_frame)
 .eh_frame      0x08007d78        0x0 c:/ac6/systemworkbench/plugins/fr.ac6.mcu.externaltools.arm-none.win32_1.17.0.201812190825/tools/compiler/bin/../lib/gcc/arm-none-eabi/7.3.1/thumb/v7-m/crtbegin.o
 *(.init)
 .init          0x08007d78        0x4 c:/ac6/systemworkbench/plugins/fr.ac6.mcu.externaltools.arm-none.win32_1.17.0.201812190825/tools/compiler/bin/../lib/gcc/arm-none-eabi/7.3.1/thumb/v7-m/crti.o
                0x08007d78                _init
 .init          0x08007d7c        0x8 c:/ac6/systemworkbench/plugins/fr.ac6.mcu.externaltools.arm-none.win32_1.17.0.201812190825/tools/compiler/bin/../lib/gcc/arm-none-eabi/7.3.1/thumb/v7-m/crtn.o
 *(.fini)
 .fini          0x08007d84        0x4 c:/ac6/systemworkbench/plugins/fr.ac6.mcu.externaltools.arm-none.win32_1.17.0.201812190825/tools/compiler/bin/../lib/gcc/arm-none-eabi/7.3.1/thumb/v7-m/crti.o
                0x08007d84                _fini
 .fini          0x08007d88        0x8 c:/ac6/systemworkbench/plugins/fr.ac6.mcu.externaltools.arm-none.win32_1.17.0.201812190825/tools/compiler/bin/../lib/gcc/arm-none-eabi/7.3.1/thumb/v7-m/crtn.o
                0x08007d90                . = ALIGN (0x4)
                0x08007d90                _etext = .

.vfp11_veneer   0x08007d90        0x0
 .vfp11_veneer  0x08007d90        0x0 linker stubs

.v4_bx          0x08007d90        0x0
 .v4_bx         0x08007d90        0x0 linker stubs

.iplt           0x08007d90        0x0
 .iplt          0x08007d90        0x0 c:/ac6/systemworkbench/plugins/fr.ac6.mcu.externaltools.arm-none.win32_1.17.0.201812190825/tools/compiler/bin/../lib/gcc/arm-none-eabi/7.3.1/thumb/v7-m/crtbegin.o

.rodata         0x08007d90      0x2e0
                0x08007d90                . = ALIGN (0x4)
 *(.rodata)
 .rodata        0x08007d90       0x12 HAL_Driver/Src/stm32f1xx_hal_rcc_ex.o
 *fill*         0x08007da2        0x2 
 .rodata        0x08007da4       0x2b src/main.o
 *fill*         0x08007dcf        0x1 
 .rodata        0x08007dd0       0x18 src/system_stm32f1xx.o
                0x08007dd0                AHBPrescTable
                0x08007de0                APBPrescTable
 *(.rodata*)
 .rodata._global_impure_ptr
                0x08007de8        0x4 c:/ac6/systemworkbench/plugins/fr.ac6.mcu.externaltools.arm-none.win32_1.17.0.201812190825/tools/compiler/bin/../lib/gcc/arm-none-eabi/7.3.1/../../../../arm-none-eabi/lib/thumb/v7-m\libc.a(lib_a-impure.o)
                0x08007de8                _global_impure_ptr
 .rodata._vfprintf_r.str1.4
                0x08007dec       0x42 c:/ac6/systemworkbench/plugins/fr.ac6.mcu.externaltools.arm-none.win32_1.17.0.201812190825/tools/compiler/bin/../lib/gcc/arm-none-eabi/7.3.1/../../../../arm-none-eabi/lib/thumb/v7-m\libc.a(lib_a-vfprintf.o)
 *fill*         0x08007e2e        0x2 
 .rodata.blanks.7330
                0x08007e30       0x10 c:/ac6/systemworkbench/plugins/fr.ac6.mcu.externaltools.arm-none.win32_1.17.0.201812190825/tools/compiler/bin/../lib/gcc/arm-none-eabi/7.3.1/../../../../arm-none-eabi/lib/thumb/v7-m\libc.a(lib_a-vfprintf.o)
 .rodata.zeroes.7331
                0x08007e40       0x10 c:/ac6/systemworkbench/plugins/fr.ac6.mcu.externaltools.arm-none.win32_1.17.0.201812190825/tools/compiler/bin/../lib/gcc/arm-none-eabi/7.3.1/../../../../arm-none-eabi/lib/thumb/v7-m\libc.a(lib_a-vfprintf.o)
 .rodata._dtoa_r.str1.4
                0x08007e50       0x10 c:/ac6/systemworkbench/plugins/fr.ac6.mcu.externaltools.arm-none.win32_1.17.0.201812190825/tools/compiler/bin/../lib/gcc/arm-none-eabi/7.3.1/../../../../arm-none-eabi/lib/thumb/v7-m\libc.a(lib_a-dtoa.o)
                                 0x12 (size before relaxing)
 .rodata.__mprec_bigtens
                0x08007e60       0x28 c:/ac6/systemworkbench/plugins/fr.ac6.mcu.externaltools.arm-none.win32_1.17.0.201812190825/tools/compiler/bin/../lib/gcc/arm-none-eabi/7.3.1/../../../../arm-none-eabi/lib/thumb/v7-m\libc.a(lib_a-mprec.o)
                0x08007e60                __mprec_bigtens
 .rodata.__mprec_tens
                0x08007e88       0xc8 c:/ac6/systemworkbench/plugins/fr.ac6.mcu.externaltools.arm-none.win32_1.17.0.201812190825/tools/compiler/bin/../lib/gcc/arm-none-eabi/7.3.1/../../../../arm-none-eabi/lib/thumb/v7-m\libc.a(lib_a-mprec.o)
                0x08007e88                __mprec_tens
 .rodata.p05.6092
                0x08007f50        0xc c:/ac6/systemworkbench/plugins/fr.ac6.mcu.externaltools.arm-none.win32_1.17.0.201812190825/tools/compiler/bin/../lib/gcc/arm-none-eabi/7.3.1/../../../../arm-none-eabi/lib/thumb/v7-m\libc.a(lib_a-mprec.o)
 .rodata._setlocale_r.str1.4
                0x08007f5c        0xa c:/ac6/systemworkbench/plugins/fr.ac6.mcu.externaltools.arm-none.win32_1.17.0.201812190825/tools/compiler/bin/../lib/gcc/arm-none-eabi/7.3.1/../../../../arm-none-eabi/lib/thumb/v7-m\libc.a(lib_a-locale.o)
                                  0xd (size before relaxing)
 *fill*         0x08007f66        0x2 
 .rodata.str1.4
                0x08007f68        0x4 c:/ac6/systemworkbench/plugins/fr.ac6.mcu.externaltools.arm-none.win32_1.17.0.201812190825/tools/compiler/bin/../lib/gcc/arm-none-eabi/7.3.1/../../../../arm-none-eabi/lib/thumb/v7-m\libc.a(lib_a-locale.o)
                                  0x2 (size before relaxing)
 .rodata._ctype_
                0x08007f6c      0x101 c:/ac6/systemworkbench/plugins/fr.ac6.mcu.externaltools.arm-none.win32_1.17.0.201812190825/tools/compiler/bin/../lib/gcc/arm-none-eabi/7.3.1/../../../../arm-none-eabi/lib/thumb/v7-m\libc.a(lib_a-ctype_.o)
                0x08007f6c                _ctype_
                0x08008070                . = ALIGN (0x4)
 *fill*         0x0800806d        0x3 

.ARM.extab
 *(.ARM.extab* .gnu.linkonce.armextab.*)

.ARM            0x08008070        0x8
                0x08008070                __exidx_start = .
 *(.ARM.exidx*)
 .ARM.exidx     0x08008070        0x8 c:/ac6/systemworkbench/plugins/fr.ac6.mcu.externaltools.arm-none.win32_1.17.0.201812190825/tools/compiler/bin/../lib/gcc/arm-none-eabi/7.3.1/thumb/v7-m\libgcc.a(_udivmoddi4.o)
                0x08008078                __exidx_end = .

.rel.dyn        0x08008078        0x0
 .rel.iplt      0x08008078        0x0 c:/ac6/systemworkbench/plugins/fr.ac6.mcu.externaltools.arm-none.win32_1.17.0.201812190825/tools/compiler/bin/../lib/gcc/arm-none-eabi/7.3.1/thumb/v7-m/crtbegin.o

.preinit_array  0x08008078        0x0
                0x08008078                PROVIDE (__preinit_array_start = .)
 *(.preinit_array*)
                0x08008078                PROVIDE (__preinit_array_end = .)

.init_array     0x08008078        0x8
                0x08008078                PROVIDE (__init_array_start = .)
 *(SORT_BY_NAME(.init_array.*))
 .init_array.00000
                0x08008078        0x4 c:/ac6/systemworkbench/plugins/fr.ac6.mcu.externaltools.arm-none.win32_1.17.0.201812190825/tools/compiler/bin/../lib/gcc/arm-none-eabi/7.3.1/../../../../arm-none-eabi/lib/thumb/v7-m\libc.a(lib_a-__call_atexit.o)
 *(.init_array*)
 .init_array    0x0800807c        0x4 c:/ac6/systemworkbench/plugins/fr.ac6.mcu.externaltools.arm-none.win32_1.17.0.201812190825/tools/compiler/bin/../lib/gcc/arm-none-eabi/7.3.1/thumb/v7-m/crtbegin.o
                0x08008080                PROVIDE (__init_array_end = .)

.fini_array     0x08008080        0x4
                0x08008080                PROVIDE (__fini_array_start = .)
 *(SORT_BY_NAME(.fini_array.*))
 *(.fini_array*)
 .fini_array    0x08008080        0x4 c:/ac6/systemworkbench/plugins/fr.ac6.mcu.externaltools.arm-none.win32_1.17.0.201812190825/tools/compiler/bin/../lib/gcc/arm-none-eabi/7.3.1/thumb/v7-m/crtbegin.o
                0x08008084                PROVIDE (__fini_array_end = .)
                0x08008084                _sidata = LOADADDR (.data)

.data           0x20000000      0x9b8 load address 0x08008084
                0x20000000                . = ALIGN (0x4)
                0x20000000                _sdata = .
 *(.data)
 .data          0x20000000        0x5 HAL_Driver/Src/stm32f1xx_hal.o
                0x20000000                uwTickPrio
                0x20000004                uwTickFreq
 *fill*         0x20000005        0x3 
 .data          0x20000008        0x4 src/system_stm32f1xx.o
                0x20000008                SystemCoreClock
 *(.data*)
 .data._impure_ptr
                0x2000000c        0x4 c:/ac6/systemworkbench/plugins/fr.ac6.mcu.externaltools.arm-none.win32_1.17.0.201812190825/tools/compiler/bin/../lib/gcc/arm-none-eabi/7.3.1/../../../../arm-none-eabi/lib/thumb/v7-m\libc.a(lib_a-impure.o)
                0x2000000c                _impure_ptr
 .data.impure_data
                0x20000010      0x428 c:/ac6/systemworkbench/plugins/fr.ac6.mcu.externaltools.arm-none.win32_1.17.0.201812190825/tools/compiler/bin/../lib/gcc/arm-none-eabi/7.3.1/../../../../arm-none-eabi/lib/thumb/v7-m\libc.a(lib_a-impure.o)
 .data.__atexit_recursive_mutex
                0x20000438        0x4 c:/ac6/systemworkbench/plugins/fr.ac6.mcu.externaltools.arm-none.win32_1.17.0.201812190825/tools/compiler/bin/../lib/gcc/arm-none-eabi/7.3.1/../../../../arm-none-eabi/lib/thumb/v7-m\libc.a(lib_a-__call_atexit.o)
                0x20000438                __atexit_recursive_mutex
 .data.__malloc_av_
                0x2000043c      0x408 c:/ac6/systemworkbench/plugins/fr.ac6.mcu.externaltools.arm-none.win32_1.17.0.201812190825/tools/compiler/bin/../lib/gcc/arm-none-eabi/7.3.1/../../../../arm-none-eabi/lib/thumb/v7-m\libc.a(lib_a-mallocr.o)
                0x2000043c                __malloc_av_
 .data.__malloc_sbrk_base
                0x20000844        0x4 c:/ac6/systemworkbench/plugins/fr.ac6.mcu.externaltools.arm-none.win32_1.17.0.201812190825/tools/compiler/bin/../lib/gcc/arm-none-eabi/7.3.1/../../../../arm-none-eabi/lib/thumb/v7-m\libc.a(lib_a-mallocr.o)
                0x20000844                __malloc_sbrk_base
 .data.__malloc_trim_threshold
                0x20000848        0x4 c:/ac6/systemworkbench/plugins/fr.ac6.mcu.externaltools.arm-none.win32_1.17.0.201812190825/tools/compiler/bin/../lib/gcc/arm-none-eabi/7.3.1/../../../../arm-none-eabi/lib/thumb/v7-m\libc.a(lib_a-mallocr.o)
                0x20000848                __malloc_trim_threshold
 .data.__global_locale
                0x2000084c      0x16c c:/ac6/systemworkbench/plugins/fr.ac6.mcu.externaltools.arm-none.win32_1.17.0.201812190825/tools/compiler/bin/../lib/gcc/arm-none-eabi/7.3.1/../../../../arm-none-eabi/lib/thumb/v7-m\libc.a(lib_a-locale.o)
                0x2000084c                __global_locale
                0x200009b8                . = ALIGN (0x4)
                0x200009b8                _edata = .

.igot.plt       0x200009b8        0x0 load address 0x08008a3c
 .igot.plt      0x200009b8        0x0 c:/ac6/systemworkbench/plugins/fr.ac6.mcu.externaltools.arm-none.win32_1.17.0.201812190825/tools/compiler/bin/../lib/gcc/arm-none-eabi/7.3.1/thumb/v7-m/crtbegin.o
                0x200009b8                . = ALIGN (0x4)

.bss            0x200009b8       0xf4 load address 0x08008a3c
                0x200009b8                _sbss = .
                0x200009b8                __bss_start__ = _sbss
 *(.bss)
 .bss           0x200009b8       0x1c c:/ac6/systemworkbench/plugins/fr.ac6.mcu.externaltools.arm-none.win32_1.17.0.201812190825/tools/compiler/bin/../lib/gcc/arm-none-eabi/7.3.1/thumb/v7-m/crtbegin.o
 .bss           0x200009d4        0x8 src/syscalls.o
                0x200009d4                __env
 *(.bss*)
 .bss.__malloc_current_mallinfo
                0x200009dc       0x28 c:/ac6/systemworkbench/plugins/fr.ac6.mcu.externaltools.arm-none.win32_1.17.0.201812190825/tools/compiler/bin/../lib/gcc/arm-none-eabi/7.3.1/../../../../arm-none-eabi/lib/thumb/v7-m\libc.a(lib_a-mallocr.o)
                0x200009dc                __malloc_current_mallinfo
 .bss.__malloc_max_sbrked_mem
                0x20000a04        0x4 c:/ac6/systemworkbench/plugins/fr.ac6.mcu.externaltools.arm-none.win32_1.17.0.201812190825/tools/compiler/bin/../lib/gcc/arm-none-eabi/7.3.1/../../../../arm-none-eabi/lib/thumb/v7-m\libc.a(lib_a-mallocr.o)
                0x20000a04                __malloc_max_sbrked_mem
 .bss.__malloc_max_total_mem
                0x20000a08        0x4 c:/ac6/systemworkbench/plugins/fr.ac6.mcu.externaltools.arm-none.win32_1.17.0.201812190825/tools/compiler/bin/../lib/gcc/arm-none-eabi/7.3.1/../../../../arm-none-eabi/lib/thumb/v7-m\libc.a(lib_a-mallocr.o)
                0x20000a08                __malloc_max_total_mem
 .bss.__malloc_top_pad
                0x20000a0c        0x4 c:/ac6/systemworkbench/plugins/fr.ac6.mcu.externaltools.arm-none.win32_1.17.0.201812190825/tools/compiler/bin/../lib/gcc/arm-none-eabi/7.3.1/../../../../arm-none-eabi/lib/thumb/v7-m\libc.a(lib_a-mallocr.o)
                0x20000a0c                __malloc_top_pad
 *(COMMON)
 COMMON         0x20000a10        0x4 HAL_Driver/Src/stm32f1xx_hal.o
                0x20000a10                uwTick
 COMMON         0x20000a14       0x70 src/main.o
                0x20000a14                adc
                0x20000a44                uart
 COMMON         0x20000a84       0x21 c:/ac6/systemworkbench/plugins/fr.ac6.mcu.externaltools.arm-none.win32_1.17.0.201812190825/tools/compiler/bin/../lib/gcc/arm-none-eabi/7.3.1/../../../../arm-none-eabi/lib/thumb/v7-m\libc.a(lib_a-lock.o)
                0x20000a84                __lock___atexit_recursive_mutex
                0x20000a88                __lock___arc4random_mutex
                0x20000a8c                __lock___env_recursive_mutex
                0x20000a90                __lock___sinit_recursive_mutex
                0x20000a94                __lock___malloc_recursive_mutex
                0x20000a98                __lock___at_quick_exit_mutex
                0x20000a9c                __lock___dd_hash_mutex
                0x20000aa0                __lock___tz_mutex
                0x20000aa4                __lock___sfp_recursive_mutex
 *fill*         0x20000aa5        0x3 
 COMMON         0x20000aa8        0x4 c:/ac6/systemworkbench/plugins/fr.ac6.mcu.externaltools.arm-none.win32_1.17.0.201812190825/tools/compiler/bin/../lib/gcc/arm-none-eabi/7.3.1/../../../../arm-none-eabi/lib/thumb/v7-m\libc.a(lib_a-reent.o)
                0x20000aa8                errno
                0x20000aac                . = ALIGN (0x4)
                0x20000aac                _ebss = .
                0x20000aac                __bss_end__ = _ebss

._user_heap_stack
                0x20000aac      0x604 load address 0x08008a3c
                0x20000ab0                . = ALIGN (0x8)
 *fill*         0x20000aac        0x4 
                0x20000ab0                PROVIDE (end = .)
                [!provide]                PROVIDE (_end = .)
                0x20000cb0                . = (. + _Min_Heap_Size)
 *fill*         0x20000ab0      0x200 
                0x200010b0                . = (. + _Min_Stack_Size)
 *fill*         0x20000cb0      0x400 
                0x200010b0                . = ALIGN (0x8)

/DISCARD/
 libc.a(*)
 libm.a(*)
 libgcc.a(*)

.ARM.attributes
                0x00000000       0x29
 *(.ARM.attributes)
 .ARM.attributes
                0x00000000       0x1d c:/ac6/systemworkbench/plugins/fr.ac6.mcu.externaltools.arm-none.win32_1.17.0.201812190825/tools/compiler/bin/../lib/gcc/arm-none-eabi/7.3.1/thumb/v7-m/crti.o
 .ARM.attributes
                0x0000001d       0x2d c:/ac6/systemworkbench/plugins/fr.ac6.mcu.externaltools.arm-none.win32_1.17.0.201812190825/tools/compiler/bin/../lib/gcc/arm-none-eabi/7.3.1/thumb/v7-m/crtbegin.o
 .ARM.attributes
                0x0000004a       0x33 HAL_Driver/Src/stm32f1xx_hal.o
 .ARM.attributes
                0x0000007d       0x33 HAL_Driver/Src/stm32f1xx_hal_adc.o
 .ARM.attributes
                0x000000b0       0x33 HAL_Driver/Src/stm32f1xx_hal_adc_ex.o
 .ARM.attributes
                0x000000e3       0x33 HAL_Driver/Src/stm32f1xx_hal_cortex.o
 .ARM.attributes
                0x00000116       0x33 HAL_Driver/Src/stm32f1xx_hal_gpio.o
 .ARM.attributes
                0x00000149       0x33 HAL_Driver/Src/stm32f1xx_hal_msp_template.o
 .ARM.attributes
                0x0000017c       0x33 HAL_Driver/Src/stm32f1xx_hal_rcc.o
 .ARM.attributes
                0x000001af       0x33 HAL_Driver/Src/stm32f1xx_hal_rcc_ex.o
 .ARM.attributes
                0x000001e2       0x33 HAL_Driver/Src/stm32f1xx_hal_uart.o
 .ARM.attributes
                0x00000215       0x33 src/main.o
 .ARM.attributes
                0x00000248       0x33 src/stm32f1xx_it.o
 .ARM.attributes
                0x0000027b       0x33 src/syscalls.o
 .ARM.attributes
                0x000002ae       0x33 src/system_stm32f1xx.o
 .ARM.attributes
                0x000002e1       0x21 startup/startup_stm32f103xb.o
 .ARM.attributes
                0x00000302       0x1d c:/ac6/systemworkbench/plugins/fr.ac6.mcu.externaltools.arm-none.win32_1.17.0.201812190825/tools/compiler/bin/../lib/gcc/arm-none-eabi/7.3.1/thumb/v7-m\libgcc.a(_arm_addsubdf3.o)
 .ARM.attributes
                0x0000031f       0x1d c:/ac6/systemworkbench/plugins/fr.ac6.mcu.externaltools.arm-none.win32_1.17.0.201812190825/tools/compiler/bin/../lib/gcc/arm-none-eabi/7.3.1/thumb/v7-m\libgcc.a(_arm_addsubsf3.o)
 .ARM.attributes
                0x0000033c       0x1d c:/ac6/systemworkbench/plugins/fr.ac6.mcu.externaltools.arm-none.win32_1.17.0.201812190825/tools/compiler/bin/../lib/gcc/arm-none-eabi/7.3.1/thumb/v7-m\libgcc.a(_arm_muldivsf3.o)
 .ARM.attributes
                0x00000359       0x2d c:/ac6/systemworkbench/plugins/fr.ac6.mcu.externaltools.arm-none.win32_1.17.0.201812190825/tools/compiler/bin/../lib/gcc/arm-none-eabi/7.3.1/../../../../arm-none-eabi/lib/thumb/v7-m\libc.a(lib_a-errno.o)
 .ARM.attributes
                0x00000386       0x2d c:/ac6/systemworkbench/plugins/fr.ac6.mcu.externaltools.arm-none.win32_1.17.0.201812190825/tools/compiler/bin/../lib/gcc/arm-none-eabi/7.3.1/../../../../arm-none-eabi/lib/thumb/v7-m\libc.a(lib_a-impure.o)
 .ARM.attributes
                0x000003b3       0x2d c:/ac6/systemworkbench/plugins/fr.ac6.mcu.externaltools.arm-none.win32_1.17.0.201812190825/tools/compiler/bin/../lib/gcc/arm-none-eabi/7.3.1/../../../../arm-none-eabi/lib/thumb/v7-m\libc.a(lib_a-init.o)
 .ARM.attributes
                0x000003e0       0x2d c:/ac6/systemworkbench/plugins/fr.ac6.mcu.externaltools.arm-none.win32_1.17.0.201812190825/tools/compiler/bin/../lib/gcc/arm-none-eabi/7.3.1/../../../../arm-none-eabi/lib/thumb/v7-m\libc.a(lib_a-memset.o)
 .ARM.attributes
                0x0000040d       0x2d c:/ac6/systemworkbench/plugins/fr.ac6.mcu.externaltools.arm-none.win32_1.17.0.201812190825/tools/compiler/bin/../lib/gcc/arm-none-eabi/7.3.1/../../../../arm-none-eabi/lib/thumb/v7-m\libc.a(lib_a-printf.o)
 .ARM.attributes
                0x0000043a       0x2d c:/ac6/systemworkbench/plugins/fr.ac6.mcu.externaltools.arm-none.win32_1.17.0.201812190825/tools/compiler/bin/../lib/gcc/arm-none-eabi/7.3.1/../../../../arm-none-eabi/lib/thumb/v7-m\libc.a(lib_a-vfprintf.o)
 .ARM.attributes
                0x00000467       0x2d c:/ac6/systemworkbench/plugins/fr.ac6.mcu.externaltools.arm-none.win32_1.17.0.201812190825/tools/compiler/bin/../lib/gcc/arm-none-eabi/7.3.1/../../../../arm-none-eabi/lib/thumb/v7-m\libc.a(lib_a-wsetup.o)
 .ARM.attributes
                0x00000494       0x2d c:/ac6/systemworkbench/plugins/fr.ac6.mcu.externaltools.arm-none.win32_1.17.0.201812190825/tools/compiler/bin/../lib/gcc/arm-none-eabi/7.3.1/../../../../arm-none-eabi/lib/thumb/v7-m\libc.a(lib_a-__call_atexit.o)
 .ARM.attributes
                0x000004c1       0x2d c:/ac6/systemworkbench/plugins/fr.ac6.mcu.externaltools.arm-none.win32_1.17.0.201812190825/tools/compiler/bin/../lib/gcc/arm-none-eabi/7.3.1/../../../../arm-none-eabi/lib/thumb/v7-m\libc.a(lib_a-atexit.o)
 .ARM.attributes
                0x000004ee       0x2d c:/ac6/systemworkbench/plugins/fr.ac6.mcu.externaltools.arm-none.win32_1.17.0.201812190825/tools/compiler/bin/../lib/gcc/arm-none-eabi/7.3.1/../../../../arm-none-eabi/lib/thumb/v7-m\libc.a(lib_a-dtoa.o)
 .ARM.attributes
                0x0000051b       0x2d c:/ac6/systemworkbench/plugins/fr.ac6.mcu.externaltools.arm-none.win32_1.17.0.201812190825/tools/compiler/bin/../lib/gcc/arm-none-eabi/7.3.1/../../../../arm-none-eabi/lib/thumb/v7-m\libc.a(lib_a-fflush.o)
 .ARM.attributes
                0x00000548       0x2d c:/ac6/systemworkbench/plugins/fr.ac6.mcu.externaltools.arm-none.win32_1.17.0.201812190825/tools/compiler/bin/../lib/gcc/arm-none-eabi/7.3.1/../../../../arm-none-eabi/lib/thumb/v7-m\libc.a(lib_a-findfp.o)
 .ARM.attributes
                0x00000575       0x2d c:/ac6/systemworkbench/plugins/fr.ac6.mcu.externaltools.arm-none.win32_1.17.0.201812190825/tools/compiler/bin/../lib/gcc/arm-none-eabi/7.3.1/../../../../arm-none-eabi/lib/thumb/v7-m\libc.a(lib_a-fini.o)
 .ARM.attributes
                0x000005a2       0x2d c:/ac6/systemworkbench/plugins/fr.ac6.mcu.externaltools.arm-none.win32_1.17.0.201812190825/tools/compiler/bin/../lib/gcc/arm-none-eabi/7.3.1/../../../../arm-none-eabi/lib/thumb/v7-m\libc.a(lib_a-freer.o)
 .ARM.attributes
                0x000005cf       0x2d c:/ac6/systemworkbench/plugins/fr.ac6.mcu.externaltools.arm-none.win32_1.17.0.201812190825/tools/compiler/bin/../lib/gcc/arm-none-eabi/7.3.1/../../../../arm-none-eabi/lib/thumb/v7-m\libc.a(lib_a-fwalk.o)
 .ARM.attributes
                0x000005fc       0x2d c:/ac6/systemworkbench/plugins/fr.ac6.mcu.externaltools.arm-none.win32_1.17.0.201812190825/tools/compiler/bin/../lib/gcc/arm-none-eabi/7.3.1/../../../../arm-none-eabi/lib/thumb/v7-m\libc.a(lib_a-localeconv.o)
 .ARM.attributes
                0x00000629       0x2d c:/ac6/systemworkbench/plugins/fr.ac6.mcu.externaltools.arm-none.win32_1.17.0.201812190825/tools/compiler/bin/../lib/gcc/arm-none-eabi/7.3.1/../../../../arm-none-eabi/lib/thumb/v7-m\libc.a(lib_a-lock.o)
 .ARM.attributes
                0x00000656       0x2d c:/ac6/systemworkbench/plugins/fr.ac6.mcu.externaltools.arm-none.win32_1.17.0.201812190825/tools/compiler/bin/../lib/gcc/arm-none-eabi/7.3.1/../../../../arm-none-eabi/lib/thumb/v7-m\libc.a(lib_a-makebuf.o)
 .ARM.attributes
                0x00000683       0x2d c:/ac6/systemworkbench/plugins/fr.ac6.mcu.externaltools.arm-none.win32_1.17.0.201812190825/tools/compiler/bin/../lib/gcc/arm-none-eabi/7.3.1/../../../../arm-none-eabi/lib/thumb/v7-m\libc.a(lib_a-mallocr.o)
 .ARM.attributes
                0x000006b0       0x2d c:/ac6/systemworkbench/plugins/fr.ac6.mcu.externaltools.arm-none.win32_1.17.0.201812190825/tools/compiler/bin/../lib/gcc/arm-none-eabi/7.3.1/../../../../arm-none-eabi/lib/thumb/v7-m\libc.a(lib_a-memchr-stub.o)
 .ARM.attributes
                0x000006dd       0x1b c:/ac6/systemworkbench/plugins/fr.ac6.mcu.externaltools.arm-none.win32_1.17.0.201812190825/tools/compiler/bin/../lib/gcc/arm-none-eabi/7.3.1/../../../../arm-none-eabi/lib/thumb/v7-m\libc.a(lib_a-memcpy.o)
 .ARM.attributes
                0x000006f8       0x2d c:/ac6/systemworkbench/plugins/fr.ac6.mcu.externaltools.arm-none.win32_1.17.0.201812190825/tools/compiler/bin/../lib/gcc/arm-none-eabi/7.3.1/../../../../arm-none-eabi/lib/thumb/v7-m\libc.a(lib_a-mlock.o)
 .ARM.attributes
                0x00000725       0x2d c:/ac6/systemworkbench/plugins/fr.ac6.mcu.externaltools.arm-none.win32_1.17.0.201812190825/tools/compiler/bin/../lib/gcc/arm-none-eabi/7.3.1/../../../../arm-none-eabi/lib/thumb/v7-m\libc.a(lib_a-mprec.o)
 .ARM.attributes
                0x00000752       0x2d c:/ac6/systemworkbench/plugins/fr.ac6.mcu.externaltools.arm-none.win32_1.17.0.201812190825/tools/compiler/bin/../lib/gcc/arm-none-eabi/7.3.1/../../../../arm-none-eabi/lib/thumb/v7-m\libc.a(lib_a-s_frexp.o)
 .ARM.attributes
                0x0000077f       0x2d c:/ac6/systemworkbench/plugins/fr.ac6.mcu.externaltools.arm-none.win32_1.17.0.201812190825/tools/compiler/bin/../lib/gcc/arm-none-eabi/7.3.1/../../../../arm-none-eabi/lib/thumb/v7-m\libc.a(lib_a-sbrkr.o)
 .ARM.attributes
                0x000007ac       0x2d c:/ac6/systemworkbench/plugins/fr.ac6.mcu.externaltools.arm-none.win32_1.17.0.201812190825/tools/compiler/bin/../lib/gcc/arm-none-eabi/7.3.1/../../../../arm-none-eabi/lib/thumb/v7-m\libc.a(lib_a-stdio.o)
 .ARM.attributes
                0x000007d9       0x2d c:/ac6/systemworkbench/plugins/fr.ac6.mcu.externaltools.arm-none.win32_1.17.0.201812190825/tools/compiler/bin/../lib/gcc/arm-none-eabi/7.3.1/../../../../arm-none-eabi/lib/thumb/v7-m\libc.a(lib_a-strlen-stub.o)
 .ARM.attributes
                0x00000806       0x2d c:/ac6/systemworkbench/plugins/fr.ac6.mcu.externaltools.arm-none.win32_1.17.0.201812190825/tools/compiler/bin/../lib/gcc/arm-none-eabi/7.3.1/../../../../arm-none-eabi/lib/thumb/v7-m\libc.a(lib_a-strncpy.o)
 .ARM.attributes
                0x00000833       0x2d c:/ac6/systemworkbench/plugins/fr.ac6.mcu.externaltools.arm-none.win32_1.17.0.201812190825/tools/compiler/bin/../lib/gcc/arm-none-eabi/7.3.1/../../../../arm-none-eabi/lib/thumb/v7-m\libc.a(lib_a-vfiprintf.o)
 .ARM.attributes
                0x00000860       0x2d c:/ac6/systemworkbench/plugins/fr.ac6.mcu.externaltools.arm-none.win32_1.17.0.201812190825/tools/compiler/bin/../lib/gcc/arm-none-eabi/7.3.1/../../../../arm-none-eabi/lib/thumb/v7-m\libc.a(lib_a-writer.o)
 .ARM.attributes
                0x0000088d       0x2d c:/ac6/systemworkbench/plugins/fr.ac6.mcu.externaltools.arm-none.win32_1.17.0.201812190825/tools/compiler/bin/../lib/gcc/arm-none-eabi/7.3.1/../../../../arm-none-eabi/lib/thumb/v7-m\libc.a(lib_a-__atexit.o)
 .ARM.attributes
                0x000008ba       0x2d c:/ac6/systemworkbench/plugins/fr.ac6.mcu.externaltools.arm-none.win32_1.17.0.201812190825/tools/compiler/bin/../lib/gcc/arm-none-eabi/7.3.1/../../../../arm-none-eabi/lib/thumb/v7-m\libc.a(lib_a-callocr.o)
 .ARM.attributes
                0x000008e7       0x2d c:/ac6/systemworkbench/plugins/fr.ac6.mcu.externaltools.arm-none.win32_1.17.0.201812190825/tools/compiler/bin/../lib/gcc/arm-none-eabi/7.3.1/../../../../arm-none-eabi/lib/thumb/v7-m\libc.a(lib_a-closer.o)
 .ARM.attributes
                0x00000914       0x2d c:/ac6/systemworkbench/plugins/fr.ac6.mcu.externaltools.arm-none.win32_1.17.0.201812190825/tools/compiler/bin/../lib/gcc/arm-none-eabi/7.3.1/../../../../arm-none-eabi/lib/thumb/v7-m\libc.a(lib_a-fclose.o)
 .ARM.attributes
                0x00000941       0x2d c:/ac6/systemworkbench/plugins/fr.ac6.mcu.externaltools.arm-none.win32_1.17.0.201812190825/tools/compiler/bin/../lib/gcc/arm-none-eabi/7.3.1/../../../../arm-none-eabi/lib/thumb/v7-m\libc.a(lib_a-fputwc.o)
 .ARM.attributes
                0x0000096e       0x2d c:/ac6/systemworkbench/plugins/fr.ac6.mcu.externaltools.arm-none.win32_1.17.0.201812190825/tools/compiler/bin/../lib/gcc/arm-none-eabi/7.3.1/../../../../arm-none-eabi/lib/thumb/v7-m\libc.a(lib_a-fstatr.o)
 .ARM.attributes
                0x0000099b       0x2d c:/ac6/systemworkbench/plugins/fr.ac6.mcu.externaltools.arm-none.win32_1.17.0.201812190825/tools/compiler/bin/../lib/gcc/arm-none-eabi/7.3.1/../../../../arm-none-eabi/lib/thumb/v7-m\libc.a(lib_a-fvwrite.o)
 .ARM.attributes
                0x000009c8       0x2d c:/ac6/systemworkbench/plugins/fr.ac6.mcu.externaltools.arm-none.win32_1.17.0.201812190825/tools/compiler/bin/../lib/gcc/arm-none-eabi/7.3.1/../../../../arm-none-eabi/lib/thumb/v7-m\libc.a(lib_a-isattyr.o)
 .ARM.attributes
                0x000009f5       0x2d c:/ac6/systemworkbench/plugins/fr.ac6.mcu.externaltools.arm-none.win32_1.17.0.201812190825/tools/compiler/bin/../lib/gcc/arm-none-eabi/7.3.1/../../../../arm-none-eabi/lib/thumb/v7-m\libc.a(lib_a-locale.o)
 .ARM.attributes
                0x00000a22       0x2d c:/ac6/systemworkbench/plugins/fr.ac6.mcu.externaltools.arm-none.win32_1.17.0.201812190825/tools/compiler/bin/../lib/gcc/arm-none-eabi/7.3.1/../../../../arm-none-eabi/lib/thumb/v7-m\libc.a(lib_a-lseekr.o)
 .ARM.attributes
                0x00000a4f       0x2d c:/ac6/systemworkbench/plugins/fr.ac6.mcu.externaltools.arm-none.win32_1.17.0.201812190825/tools/compiler/bin/../lib/gcc/arm-none-eabi/7.3.1/../../../../arm-none-eabi/lib/thumb/v7-m\libc.a(lib_a-mbtowc_r.o)
 .ARM.attributes
                0x00000a7c       0x2d c:/ac6/systemworkbench/plugins/fr.ac6.mcu.externaltools.arm-none.win32_1.17.0.201812190825/tools/compiler/bin/../lib/gcc/arm-none-eabi/7.3.1/../../../../arm-none-eabi/lib/thumb/v7-m\libc.a(lib_a-memmove.o)
 .ARM.attributes
                0x00000aa9       0x2d c:/ac6/systemworkbench/plugins/fr.ac6.mcu.externaltools.arm-none.win32_1.17.0.201812190825/tools/compiler/bin/../lib/gcc/arm-none-eabi/7.3.1/../../../../arm-none-eabi/lib/thumb/v7-m\libc.a(lib_a-readr.o)
 .ARM.attributes
                0x00000ad6       0x2d c:/ac6/systemworkbench/plugins/fr.ac6.mcu.externaltools.arm-none.win32_1.17.0.201812190825/tools/compiler/bin/../lib/gcc/arm-none-eabi/7.3.1/../../../../arm-none-eabi/lib/thumb/v7-m\libc.a(lib_a-reallocr.o)
 .ARM.attributes
                0x00000b03       0x2d c:/ac6/systemworkbench/plugins/fr.ac6.mcu.externaltools.arm-none.win32_1.17.0.201812190825/tools/compiler/bin/../lib/gcc/arm-none-eabi/7.3.1/../../../../arm-none-eabi/lib/thumb/v7-m\libc.a(lib_a-reent.o)
 .ARM.attributes
                0x00000b30       0x2d c:/ac6/systemworkbench/plugins/fr.ac6.mcu.externaltools.arm-none.win32_1.17.0.201812190825/tools/compiler/bin/../lib/gcc/arm-none-eabi/7.3.1/../../../../arm-none-eabi/lib/thumb/v7-m\libc.a(lib_a-wbuf.o)
 .ARM.attributes
                0x00000b5d       0x2d c:/ac6/systemworkbench/plugins/fr.ac6.mcu.externaltools.arm-none.win32_1.17.0.201812190825/tools/compiler/bin/../lib/gcc/arm-none-eabi/7.3.1/../../../../arm-none-eabi/lib/thumb/v7-m\libc.a(lib_a-wcrtomb.o)
 .ARM.attributes
                0x00000b8a       0x2d c:/ac6/systemworkbench/plugins/fr.ac6.mcu.externaltools.arm-none.win32_1.17.0.201812190825/tools/compiler/bin/../lib/gcc/arm-none-eabi/7.3.1/../../../../arm-none-eabi/lib/thumb/v7-m\libc.a(lib_a-wctomb_r.o)
 .ARM.attributes
                0x00000bb7       0x2d c:/ac6/systemworkbench/plugins/fr.ac6.mcu.externaltools.arm-none.win32_1.17.0.201812190825/tools/compiler/bin/../lib/gcc/arm-none-eabi/7.3.1/../../../../arm-none-eabi/lib/thumb/v7-m\libc.a(lib_a-ctype_.o)
 .ARM.attributes
                0x00000be4       0x1d c:/ac6/systemworkbench/plugins/fr.ac6.mcu.externaltools.arm-none.win32_1.17.0.201812190825/tools/compiler/bin/../lib/gcc/arm-none-eabi/7.3.1/thumb/v7-m\libgcc.a(_arm_muldivdf3.o)
 .ARM.attributes
                0x00000c01       0x1d c:/ac6/systemworkbench/plugins/fr.ac6.mcu.externaltools.arm-none.win32_1.17.0.201812190825/tools/compiler/bin/../lib/gcc/arm-none-eabi/7.3.1/thumb/v7-m\libgcc.a(_arm_cmpdf2.o)
 .ARM.attributes
                0x00000c1e       0x1d c:/ac6/systemworkbench/plugins/fr.ac6.mcu.externaltools.arm-none.win32_1.17.0.201812190825/tools/compiler/bin/../lib/gcc/arm-none-eabi/7.3.1/thumb/v7-m\libgcc.a(_arm_unorddf2.o)
 .ARM.attributes
                0x00000c3b       0x1d c:/ac6/systemworkbench/plugins/fr.ac6.mcu.externaltools.arm-none.win32_1.17.0.201812190825/tools/compiler/bin/../lib/gcc/arm-none-eabi/7.3.1/thumb/v7-m\libgcc.a(_arm_fixdfsi.o)
 .ARM.attributes
                0x00000c58       0x1d c:/ac6/systemworkbench/plugins/fr.ac6.mcu.externaltools.arm-none.win32_1.17.0.201812190825/tools/compiler/bin/../lib/gcc/arm-none-eabi/7.3.1/thumb/v7-m\libgcc.a(_aeabi_uldivmod.o)
 .ARM.attributes
                0x00000c75       0x2d c:/ac6/systemworkbench/plugins/fr.ac6.mcu.externaltools.arm-none.win32_1.17.0.201812190825/tools/compiler/bin/../lib/gcc/arm-none-eabi/7.3.1/thumb/v7-m\libgcc.a(_udivmoddi4.o)
 .ARM.attributes
                0x00000ca2       0x1d c:/ac6/systemworkbench/plugins/fr.ac6.mcu.externaltools.arm-none.win32_1.17.0.201812190825/tools/compiler/bin/../lib/gcc/arm-none-eabi/7.3.1/thumb/v7-m\libgcc.a(_dvmd_tls.o)
 .ARM.attributes
                0x00000cbf       0x1d c:/ac6/systemworkbench/plugins/fr.ac6.mcu.externaltools.arm-none.win32_1.17.0.201812190825/tools/compiler/bin/../lib/gcc/arm-none-eabi/7.3.1/thumb/v7-m/crtn.o
OUTPUT(NUCLEO_F103RB_PROJECT.elf elf32-littlearm)

.debug_info     0x00000000     0xd050
 .debug_info    0x00000000      0xf0a HAL_Driver/Src/stm32f1xx_hal.o
 .debug_info    0x00000f0a     0x1472 HAL_Driver/Src/stm32f1xx_hal_adc.o
 .debug_info    0x0000237c     0x120c HAL_Driver/Src/stm32f1xx_hal_adc_ex.o
 .debug_info    0x00003588     0x1358 HAL_Driver/Src/stm32f1xx_hal_cortex.o
 .debug_info    0x000048e0      0xebd HAL_Driver/Src/stm32f1xx_hal_gpio.o
 .debug_info    0x0000579d      0x9c7 HAL_Driver/Src/stm32f1xx_hal_msp_template.o
 .debug_info    0x00006164     0x1039 HAL_Driver/Src/stm32f1xx_hal_rcc.o
 .debug_info    0x0000719d      0xc5b HAL_Driver/Src/stm32f1xx_hal_rcc_ex.o
 .debug_info    0x00007df8     0x19f0 HAL_Driver/Src/stm32f1xx_hal_uart.o
 .debug_info    0x000097e8     0x1304 src/main.o
 .debug_info    0x0000aaec      0x9bb src/stm32f1xx_it.o
 .debug_info    0x0000b4a7      0xf2e src/syscalls.o
 .debug_info    0x0000c3d5      0xc59 src/system_stm32f1xx.o
 .debug_info    0x0000d02e       0x22 startup/startup_stm32f103xb.o

.debug_abbrev   0x00000000     0x2162
 .debug_abbrev  0x00000000      0x2f5 HAL_Driver/Src/stm32f1xx_hal.o
 .debug_abbrev  0x000002f5      0x26f HAL_Driver/Src/stm32f1xx_hal_adc.o
 .debug_abbrev  0x00000564      0x28f HAL_Driver/Src/stm32f1xx_hal_adc_ex.o
 .debug_abbrev  0x000007f3      0x396 HAL_Driver/Src/stm32f1xx_hal_cortex.o
 .debug_abbrev  0x00000b89      0x289 HAL_Driver/Src/stm32f1xx_hal_gpio.o
 .debug_abbrev  0x00000e12      0x1cb HAL_Driver/Src/stm32f1xx_hal_msp_template.o
 .debug_abbrev  0x00000fdd      0x323 HAL_Driver/Src/stm32f1xx_hal_rcc.o
 .debug_abbrev  0x00001300      0x260 HAL_Driver/Src/stm32f1xx_hal_rcc_ex.o
 .debug_abbrev  0x00001560      0x2eb HAL_Driver/Src/stm32f1xx_hal_uart.o
 .debug_abbrev  0x0000184b      0x268 src/main.o
 .debug_abbrev  0x00001ab3      0x1cb src/stm32f1xx_it.o
 .debug_abbrev  0x00001c7e      0x2aa src/syscalls.o
 .debug_abbrev  0x00001f28      0x228 src/system_stm32f1xx.o
 .debug_abbrev  0x00002150       0x12 startup/startup_stm32f103xb.o

.debug_aranges  0x00000000      0x7c0
 .debug_aranges
                0x00000000       0xd0 HAL_Driver/Src/stm32f1xx_hal.o
 .debug_aranges
                0x000000d0       0xf0 HAL_Driver/Src/stm32f1xx_hal_adc.o
 .debug_aranges
                0x000001c0       0x80 HAL_Driver/Src/stm32f1xx_hal_adc_ex.o
 .debug_aranges
                0x00000240      0x100 HAL_Driver/Src/stm32f1xx_hal_cortex.o
 .debug_aranges
                0x00000340       0x58 HAL_Driver/Src/stm32f1xx_hal_gpio.o
 .debug_aranges
                0x00000398       0x38 HAL_Driver/Src/stm32f1xx_hal_msp_template.o
 .debug_aranges
                0x000003d0       0x90 HAL_Driver/Src/stm32f1xx_hal_rcc.o
 .debug_aranges
                0x00000460       0x30 HAL_Driver/Src/stm32f1xx_hal_rcc_ex.o
 .debug_aranges
                0x00000490      0x1d0 HAL_Driver/Src/stm32f1xx_hal_uart.o
 .debug_aranges
                0x00000660       0x38 src/main.o
 .debug_aranges
                0x00000698       0x28 src/stm32f1xx_it.o
 .debug_aranges
                0x000006c0       0xb0 src/syscalls.o
 .debug_aranges
                0x00000770       0x28 src/system_stm32f1xx.o
 .debug_aranges
                0x00000798       0x28 startup/startup_stm32f103xb.o

.debug_ranges   0x00000000      0x6e8
 .debug_ranges  0x00000000       0xc0 HAL_Driver/Src/stm32f1xx_hal.o
 .debug_ranges  0x000000c0       0xe0 HAL_Driver/Src/stm32f1xx_hal_adc.o
 .debug_ranges  0x000001a0       0x70 HAL_Driver/Src/stm32f1xx_hal_adc_ex.o
 .debug_ranges  0x00000210       0xf0 HAL_Driver/Src/stm32f1xx_hal_cortex.o
 .debug_ranges  0x00000300       0x48 HAL_Driver/Src/stm32f1xx_hal_gpio.o
 .debug_ranges  0x00000348       0x28 HAL_Driver/Src/stm32f1xx_hal_msp_template.o
 .debug_ranges  0x00000370       0x80 HAL_Driver/Src/stm32f1xx_hal_rcc.o
 .debug_ranges  0x000003f0       0x20 HAL_Driver/Src/stm32f1xx_hal_rcc_ex.o
 .debug_ranges  0x00000410      0x1c0 HAL_Driver/Src/stm32f1xx_hal_uart.o
 .debug_ranges  0x000005d0       0x28 src/main.o
 .debug_ranges  0x000005f8       0x18 src/stm32f1xx_it.o
 .debug_ranges  0x00000610       0xa0 src/syscalls.o
 .debug_ranges  0x000006b0       0x18 src/system_stm32f1xx.o
 .debug_ranges  0x000006c8       0x20 startup/startup_stm32f103xb.o

.debug_macro    0x00000000    0x18a6a
 .debug_macro   0x00000000      0x426 HAL_Driver/Src/stm32f1xx_hal.o
 .debug_macro   0x00000426      0xa72 HAL_Driver/Src/stm32f1xx_hal.o
 .debug_macro   0x00000e98      0x224 HAL_Driver/Src/stm32f1xx_hal.o
 .debug_macro   0x000010bc       0x28 HAL_Driver/Src/stm32f1xx_hal.o
 .debug_macro   0x000010e4       0x22 HAL_Driver/Src/stm32f1xx_hal.o
 .debug_macro   0x00001106       0x22 HAL_Driver/Src/stm32f1xx_hal.o
 .debug_macro   0x00001128       0x8e HAL_Driver/Src/stm32f1xx_hal.o
 .debug_macro   0x000011b6       0x51 HAL_Driver/Src/stm32f1xx_hal.o
 .debug_macro   0x00001207       0xef HAL_Driver/Src/stm32f1xx_hal.o
 .debug_macro   0x000012f6       0x6a HAL_Driver/Src/stm32f1xx_hal.o
 .debug_macro   0x00001360      0x1df HAL_Driver/Src/stm32f1xx_hal.o
 .debug_macro   0x0000153f       0x34 HAL_Driver/Src/stm32f1xx_hal.o
 .debug_macro   0x00001573       0x34 HAL_Driver/Src/stm32f1xx_hal.o
 .debug_macro   0x000015a7      0xb8e HAL_Driver/Src/stm32f1xx_hal.o
 .debug_macro   0x00002135     0xe911 HAL_Driver/Src/stm32f1xx_hal.o
 .debug_macro   0x00010a46       0x43 HAL_Driver/Src/stm32f1xx_hal.o
 .debug_macro   0x00010a89       0x5e HAL_Driver/Src/stm32f1xx_hal.o
 .debug_macro   0x00010ae7       0x18 HAL_Driver/Src/stm32f1xx_hal.o
 .debug_macro   0x00010aff       0x35 HAL_Driver/Src/stm32f1xx_hal.o
 .debug_macro   0x00010b34       0x34 HAL_Driver/Src/stm32f1xx_hal.o
 .debug_macro   0x00010b68       0x16 HAL_Driver/Src/stm32f1xx_hal.o
 .debug_macro   0x00010b7e       0x97 HAL_Driver/Src/stm32f1xx_hal.o
 .debug_macro   0x00010c15      0x330 HAL_Driver/Src/stm32f1xx_hal.o
 .debug_macro   0x00010f45       0xfd HAL_Driver/Src/stm32f1xx_hal.o
 .debug_macro   0x00011042       0x10 HAL_Driver/Src/stm32f1xx_hal.o
 .debug_macro   0x00011052       0x58 HAL_Driver/Src/stm32f1xx_hal.o
 .debug_macro   0x000110aa       0x1f HAL_Driver/Src/stm32f1xx_hal.o
 .debug_macro   0x000110c9       0x43 HAL_Driver/Src/stm32f1xx_hal.o
 .debug_macro   0x0001110c       0x20 HAL_Driver/Src/stm32f1xx_hal.o
 .debug_macro   0x0001112c      0x18e HAL_Driver/Src/stm32f1xx_hal.o
 .debug_macro   0x000112ba       0x10 HAL_Driver/Src/stm32f1xx_hal.o
 .debug_macro   0x000112ca       0x1c HAL_Driver/Src/stm32f1xx_hal.o
 .debug_macro   0x000112e6       0x52 HAL_Driver/Src/stm32f1xx_hal.o
 .debug_macro   0x00011338       0x40 HAL_Driver/Src/stm32f1xx_hal.o
 .debug_macro   0x00011378       0x10 HAL_Driver/Src/stm32f1xx_hal.o
 .debug_macro   0x00011388       0x40 HAL_Driver/Src/stm32f1xx_hal.o
 .debug_macro   0x000113c8       0xd7 HAL_Driver/Src/stm32f1xx_hal.o
 .debug_macro   0x0001149f       0x1c HAL_Driver/Src/stm32f1xx_hal.o
 .debug_macro   0x000114bb       0x3d HAL_Driver/Src/stm32f1xx_hal.o
 .debug_macro   0x000114f8       0x16 HAL_Driver/Src/stm32f1xx_hal.o
 .debug_macro   0x0001150e      0x16f HAL_Driver/Src/stm32f1xx_hal.o
 .debug_macro   0x0001167d       0x57 HAL_Driver/Src/stm32f1xx_hal.o
 .debug_macro   0x000116d4      0x5c2 HAL_Driver/Src/stm32f1xx_hal.o
 .debug_macro   0x00011c96      0x28a HAL_Driver/Src/stm32f1xx_hal.o
 .debug_macro   0x00011f20      0x1cb HAL_Driver/Src/stm32f1xx_hal.o
 .debug_macro   0x000120eb      0x11e HAL_Driver/Src/stm32f1xx_hal.o
 .debug_macro   0x00012209      0x1b3 HAL_Driver/Src/stm32f1xx_hal.o
 .debug_macro   0x000123bc       0x27 HAL_Driver/Src/stm32f1xx_hal.o
 .debug_macro   0x000123e3      0x1bc HAL_Driver/Src/stm32f1xx_hal.o
 .debug_macro   0x0001259f       0x34 HAL_Driver/Src/stm32f1xx_hal.o
 .debug_macro   0x000125d3       0x3c HAL_Driver/Src/stm32f1xx_hal.o
 .debug_macro   0x0001260f      0x408 HAL_Driver/Src/stm32f1xx_hal.o
 .debug_macro   0x00012a17       0x57 HAL_Driver/Src/stm32f1xx_hal.o
 .debug_macro   0x00012a6e      0x46a HAL_Driver/Src/stm32f1xx_hal.o
 .debug_macro   0x00012ed8      0x1b5 HAL_Driver/Src/stm32f1xx_hal.o
 .debug_macro   0x0001308d       0x22 HAL_Driver/Src/stm32f1xx_hal.o
 .debug_macro   0x000130af       0x8c HAL_Driver/Src/stm32f1xx_hal.o
 .debug_macro   0x0001313b      0x242 HAL_Driver/Src/stm32f1xx_hal.o
 .debug_macro   0x0001337d      0x264 HAL_Driver/Src/stm32f1xx_hal.o
 .debug_macro   0x000135e1       0x79 HAL_Driver/Src/stm32f1xx_hal.o
 .debug_macro   0x0001365a      0x143 HAL_Driver/Src/stm32f1xx_hal.o
 .debug_macro   0x0001379d      0x1ef HAL_Driver/Src/stm32f1xx_hal.o
 .debug_macro   0x0001398c       0xf2 HAL_Driver/Src/stm32f1xx_hal.o
 .debug_macro   0x00013a7e      0x1f4 HAL_Driver/Src/stm32f1xx_hal.o
 .debug_macro   0x00013c72      0x853 HAL_Driver/Src/stm32f1xx_hal.o
 .debug_macro   0x000144c5       0x1f HAL_Driver/Src/stm32f1xx_hal.o
 .debug_macro   0x000144e4      0x26b HAL_Driver/Src/stm32f1xx_hal.o
 .debug_macro   0x0001474f      0x217 HAL_Driver/Src/stm32f1xx_hal.o
 .debug_macro   0x00014966      0x1a7 HAL_Driver/Src/stm32f1xx_hal.o
 .debug_macro   0x00014b0d      0x2cd HAL_Driver/Src/stm32f1xx_hal.o
 .debug_macro   0x00014dda       0x89 HAL_Driver/Src/stm32f1xx_hal.o
 .debug_macro   0x00014e63       0x50 HAL_Driver/Src/stm32f1xx_hal.o
 .debug_macro   0x00014eb3      0x26c HAL_Driver/Src/stm32f1xx_hal.o
 .debug_macro   0x0001511f       0x83 HAL_Driver/Src/stm32f1xx_hal.o
 .debug_macro   0x000151a2      0x41f HAL_Driver/Src/stm32f1xx_hal_adc.o
 .debug_macro   0x000155c1      0x414 HAL_Driver/Src/stm32f1xx_hal_adc_ex.o
 .debug_macro   0x000159d5      0x402 HAL_Driver/Src/stm32f1xx_hal_cortex.o
 .debug_macro   0x00015dd7      0x472 HAL_Driver/Src/stm32f1xx_hal_gpio.o
 .debug_macro   0x00016249      0x402 HAL_Driver/Src/stm32f1xx_hal_msp_template.o
 .debug_macro   0x0001664b      0x414 HAL_Driver/Src/stm32f1xx_hal_rcc.o
 .debug_macro   0x00016a5f      0x402 HAL_Driver/Src/stm32f1xx_hal_rcc_ex.o
 .debug_macro   0x00016e61      0x403 HAL_Driver/Src/stm32f1xx_hal_uart.o
 .debug_macro   0x00017264      0x433 src/main.o
 .debug_macro   0x00017697       0x58 src/main.o
 .debug_macro   0x000176ef       0x94 src/main.o
 .debug_macro   0x00017783      0x174 src/main.o
 .debug_macro   0x000178f7       0x57 src/main.o
 .debug_macro   0x0001794e       0x10 src/main.o
 .debug_macro   0x0001795e       0x35 src/main.o
 .debug_macro   0x00017993       0x1c src/main.o
 .debug_macro   0x000179af      0x40c src/stm32f1xx_it.o
 .debug_macro   0x00017dbb      0x243 src/syscalls.o
 .debug_macro   0x00017ffe       0x10 src/syscalls.o
 .debug_macro   0x0001800e       0x10 src/syscalls.o
 .debug_macro   0x0001801e       0x10 src/syscalls.o
 .debug_macro   0x0001802e       0x35 src/syscalls.o
 .debug_macro   0x00018063      0x122 src/syscalls.o
 .debug_macro   0x00018185       0x16 src/syscalls.o
 .debug_macro   0x0001819b       0x16 src/syscalls.o
 .debug_macro   0x000181b1       0x29 src/syscalls.o
 .debug_macro   0x000181da       0x10 src/syscalls.o
 .debug_macro   0x000181ea      0x241 src/syscalls.o
 .debug_macro   0x0001842b       0x10 src/syscalls.o
 .debug_macro   0x0001843b      0x189 src/syscalls.o
 .debug_macro   0x000185c4       0x16 src/syscalls.o
 .debug_macro   0x000185da       0x88 src/syscalls.o
 .debug_macro   0x00018662      0x408 src/system_stm32f1xx.o

.debug_line     0x00000000     0x9102
 .debug_line    0x00000000      0xade HAL_Driver/Src/stm32f1xx_hal.o
 .debug_line    0x00000ade      0xe4f HAL_Driver/Src/stm32f1xx_hal_adc.o
 .debug_line    0x0000192d      0xc97 HAL_Driver/Src/stm32f1xx_hal_adc_ex.o
 .debug_line    0x000025c4      0xbcc HAL_Driver/Src/stm32f1xx_hal_cortex.o
 .debug_line    0x00003190      0xb16 HAL_Driver/Src/stm32f1xx_hal_gpio.o
 .debug_line    0x00003ca6      0x970 HAL_Driver/Src/stm32f1xx_hal_msp_template.o
 .debug_line    0x00004616      0xbc8 HAL_Driver/Src/stm32f1xx_hal_rcc.o
 .debug_line    0x000051de      0x9de HAL_Driver/Src/stm32f1xx_hal_rcc_ex.o
 .debug_line    0x00005bbc     0x11ef HAL_Driver/Src/stm32f1xx_hal_uart.o
 .debug_line    0x00006dab      0xa1a src/main.o
 .debug_line    0x000077c5      0x97b src/stm32f1xx_it.o
 .debug_line    0x00008140      0x5df src/syscalls.o
 .debug_line    0x0000871f      0x966 src/system_stm32f1xx.o
 .debug_line    0x00009085       0x7d startup/startup_stm32f103xb.o

.debug_str      0x00000000    0x83f5e
 .debug_str     0x00000000    0x81080 HAL_Driver/Src/stm32f1xx_hal.o
                              0x81427 (size before relaxing)
 .debug_str     0x00081080      0x610 HAL_Driver/Src/stm32f1xx_hal_adc.o
                              0x81424 (size before relaxing)
 .debug_str     0x00081690      0x2e9 HAL_Driver/Src/stm32f1xx_hal_adc_ex.o
                              0x813d9 (size before relaxing)
 .debug_str     0x00081979      0x314 HAL_Driver/Src/stm32f1xx_hal_cortex.o
                              0x8143b (size before relaxing)
 .debug_str     0x00081c8d      0x39e HAL_Driver/Src/stm32f1xx_hal_gpio.o
                              0x81182 (size before relaxing)
 .debug_str     0x0008202b       0x51 HAL_Driver/Src/stm32f1xx_hal_msp_template.o
                              0x80d9e (size before relaxing)
 .debug_str     0x0008207c      0x356 HAL_Driver/Src/stm32f1xx_hal_rcc.o
                              0x811b0 (size before relaxing)
 .debug_str     0x000823d2      0x119 HAL_Driver/Src/stm32f1xx_hal_rcc_ex.o
                              0x80f42 (size before relaxing)
 .debug_str     0x000824eb      0x6ca HAL_Driver/Src/stm32f1xx_hal_uart.o
                              0x8168a (size before relaxing)
 .debug_str     0x00082bb5       0xd7 src/main.o
                              0x81382 (size before relaxing)
 .debug_str     0x00082c8c       0x4d src/stm32f1xx_it.o
                              0x80d94 (size before relaxing)
 .debug_str     0x00082cd9     0x11f5 src/syscalls.o
                               0x8582 (size before relaxing)
 .debug_str     0x00083ece       0x61 src/system_stm32f1xx.o
                              0x80e37 (size before relaxing)
 .debug_str     0x00083f2f       0x2f startup/startup_stm32f103xb.o
                                 0x64 (size before relaxing)

.comment        0x00000000       0x7f
 .comment       0x00000000       0x7f HAL_Driver/Src/stm32f1xx_hal.o
                                 0x80 (size before relaxing)
 .comment       0x0000007f       0x80 HAL_Driver/Src/stm32f1xx_hal_adc.o
 .comment       0x0000007f       0x80 HAL_Driver/Src/stm32f1xx_hal_adc_ex.o
 .comment       0x0000007f       0x80 HAL_Driver/Src/stm32f1xx_hal_cortex.o
 .comment       0x0000007f       0x80 HAL_Driver/Src/stm32f1xx_hal_gpio.o
 .comment       0x0000007f       0x80 HAL_Driver/Src/stm32f1xx_hal_msp_template.o
 .comment       0x0000007f       0x80 HAL_Driver/Src/stm32f1xx_hal_rcc.o
 .comment       0x0000007f       0x80 HAL_Driver/Src/stm32f1xx_hal_rcc_ex.o
 .comment       0x0000007f       0x80 HAL_Driver/Src/stm32f1xx_hal_uart.o
 .comment       0x0000007f       0x80 src/main.o
 .comment       0x0000007f       0x80 src/stm32f1xx_it.o
 .comment       0x0000007f       0x80 src/syscalls.o
 .comment       0x0000007f       0x80 src/system_stm32f1xx.o

.debug_frame    0x00000000     0x3210
 .debug_frame   0x00000000      0x2fc HAL_Driver/Src/stm32f1xx_hal.o
 .debug_frame   0x000002fc      0x40c HAL_Driver/Src/stm32f1xx_hal_adc.o
 .debug_frame   0x00000708      0x204 HAL_Driver/Src/stm32f1xx_hal_adc_ex.o
 .debug_frame   0x0000090c      0x428 HAL_Driver/Src/stm32f1xx_hal_cortex.o
 .debug_frame   0x00000d34      0x14c HAL_Driver/Src/stm32f1xx_hal_gpio.o
 .debug_frame   0x00000e80       0x90 HAL_Driver/Src/stm32f1xx_hal_msp_template.o
 .debug_frame   0x00000f10      0x21c HAL_Driver/Src/stm32f1xx_hal_rcc.o
 .debug_frame   0x0000112c       0x84 HAL_Driver/Src/stm32f1xx_hal_rcc_ex.o
 .debug_frame   0x000011b0      0x83c HAL_Driver/Src/stm32f1xx_hal_uart.o
 .debug_frame   0x000019ec       0x9c src/main.o
 .debug_frame   0x00001a88       0x48 src/stm32f1xx_it.o
 .debug_frame   0x00001ad0      0x2d0 src/syscalls.o
 .debug_frame   0x00001da0       0x58 src/system_stm32f1xx.o
 .debug_frame   0x00001df8       0xac c:/ac6/systemworkbench/plugins/fr.ac6.mcu.externaltools.arm-none.win32_1.17.0.201812190825/tools/compiler/bin/../lib/gcc/arm-none-eabi/7.3.1/thumb/v7-m\libgcc.a(_arm_addsubdf3.o)
 .debug_frame   0x00001ea4       0x4c c:/ac6/systemworkbench/plugins/fr.ac6.mcu.externaltools.arm-none.win32_1.17.0.201812190825/tools/compiler/bin/../lib/gcc/arm-none-eabi/7.3.1/thumb/v7-m\libgcc.a(_arm_addsubsf3.o)
 .debug_frame   0x00001ef0       0x38 c:/ac6/systemworkbench/plugins/fr.ac6.mcu.externaltools.arm-none.win32_1.17.0.201812190825/tools/compiler/bin/../lib/gcc/arm-none-eabi/7.3.1/thumb/v7-m\libgcc.a(_arm_muldivsf3.o)
 .debug_frame   0x00001f28       0x20 c:/ac6/systemworkbench/plugins/fr.ac6.mcu.externaltools.arm-none.win32_1.17.0.201812190825/tools/compiler/bin/../lib/gcc/arm-none-eabi/7.3.1/../../../../arm-none-eabi/lib/thumb/v7-m\libc.a(lib_a-errno.o)
 .debug_frame   0x00001f48       0x2c c:/ac6/systemworkbench/plugins/fr.ac6.mcu.externaltools.arm-none.win32_1.17.0.201812190825/tools/compiler/bin/../lib/gcc/arm-none-eabi/7.3.1/../../../../arm-none-eabi/lib/thumb/v7-m\libc.a(lib_a-init.o)